
> memory-journal-mcp@7.5.0 test
> vitest run


[1m[30m[46m RUN [49m[39m[22m [36mv4.1.4 [39m[90mC:/Users/chris/Desktop/memory-journal-mcp[39m

node.exe : [90mstderr[2m | tests/database/native-connection.test.ts[2m > [22m[2mNativeConnectionManager[2m > 
[22m[2minitialize[2m > [22m[2mshould initialize successfully and return a valid DB
At C:\Users\chris\AppData\Roaming\npm\npm.ps1:24 char:5
+     & "node$exe"  "$basedir/node_modules/npm/bin/npm-cli.js" $args
+     ~~~~~~~~~~~~~~~~~~~~~~~~~~~~~~~~~~~~~~~~~~~~~~~~~~~~~~~~~~~~~~
    + CategoryInfo          : NotSpecified: ([90mstderr[2m...turn a valid DB:String) [], RemoteException
    + FullyQualifiedErrorId : NativeCommandError
 
[22m[39m[2026-04-20T10:06:13.266Z] [INFO    ] [NativeConnectionManager] sqlite-vec extension loaded
[2026-04-20T10:06:13.322Z] [INFO    ] [NativeConnectionManager] Native database opened 
{"dbPath":"./test-native-conn.db"}

[90mstderr[2m | tests/database/native-connection.test.ts[2m > [22m[2mNativeConnectionManager[2m > 
[22m[2minitialize[2m > [22m[2mshould initialize successfully and return a valid DB
[22m[39m[2026-04-20T10:06:13.353Z] [INFO    ] [NativeConnectionManager] Native database closed

[90mstderr[2m | tests/database/native-connection.test.ts[2m > [22m[2mNativeConnectionManager[2m > 
[22m[2minitialize[2m > [22m[2mshould be idempotent (double init)
[22m[39m[2026-04-20T10:06:13.393Z] [INFO    ] [NativeConnectionManager] sqlite-vec extension loaded
[2026-04-20T10:06:13.432Z] [INFO    ] [NativeConnectionManager] Native database opened 
{"dbPath":"./test-native-conn-2.db"}

[90mstderr[2m | tests/database/native-connection.test.ts[2m > [22m[2mNativeConnectionManager[2m > 
[22m[2minitialize[2m > [22m[2mshould be idempotent (double init)
[22m[39m[2026-04-20T10:06:13.444Z] [INFO    ] [NativeConnectionManager] Native database closed

[90mstderr[2m | tests/database/native-connection.test.ts[2m > [22m[2mNativeConnectionManager[2m > 
[22m[2minitialize[2m > [22m[2mshould create parent directories if they do not exist
[22m[39m[2026-04-20T10:06:13.507Z] [INFO    ] [NativeConnectionManager] sqlite-vec extension loaded
[2026-04-20T10:06:13.529Z] [INFO    ] [NativeConnectionManager] Native database opened 
{"dbPath":"./test-native-nested/subdir/test.db"}

[90mstderr[2m | tests/database/native-connection.test.ts[2m > [22m[2mNativeConnectionManager[2m > 
[22m[2minitialize[2m > [22m[2mshould create parent directories if they do not exist
[22m[39m[2026-04-20T10:06:13.543Z] [INFO    ] [NativeConnectionManager] Native database closed

[90mstderr[2m | tests/database/native-connection.test.ts[2m > [22m[2mNativeConnectionManager[2m > 
[22m[2mclose[2m > [22m[2mshould safely close and nullify DB
[22m[39m[2026-04-20T10:06:13.558Z] [INFO    ] [NativeConnectionManager] sqlite-vec extension loaded
[2026-04-20T10:06:13.562Z] [INFO    ] [NativeConnectionManager] Native database opened {"dbPath":":memory:"}

[90mstderr[2m | tests/database/native-connection.test.ts[2m > [22m[2mNativeConnectionManager[2m > 
[22m[2mclose[2m > [22m[2mshould safely close and nullify DB
[22m[39m[2026-04-20T10:06:13.563Z] [INFO    ] [NativeConnectionManager] Native database closed

[90mstderr[2m | tests/database/native-connection.test.ts[2m > [22m[2mNativeConnectionManager[2m > 
[22m[2mclose[2m > [22m[2mshould be safe to call close() multiple times
[22m[39m[2026-04-20T10:06:13.567Z] [INFO    ] [NativeConnectionManager] sqlite-vec extension loaded
[2026-04-20T10:06:13.570Z] [INFO    ] [NativeConnectionManager] Native database opened {"dbPath":":memory:"}

[90mstderr[2m | tests/database/native-connection.test.ts[2m > [22m[2mNativeConnectionManager[2m > 
[22m[2mclose[2m > [22m[2mshould be safe to call close() multiple times
[22m[39m[2026-04-20T10:06:13.571Z] [INFO    ] [NativeConnectionManager] Native database closed
[2026-04-20T10:06:13.571Z] [INFO    ] [NativeConnectionManager] Native database closed

[90mstderr[2m | tests/database/native-connection.test.ts[2m > [22m[2mNativeConnectionManager[2m > 
[22m[2mschema migration[2m > [22m[2mshould add missing columns on re-init of existing DB
[22m[39m[2026-04-20T10:06:13.579Z] [INFO    ] [NativeConnectionManager] sqlite-vec extension loaded
[2026-04-20T10:06:13.581Z] [INFO    ] [NativeConnectionManager] Native database opened 
{"dbPath":"./test-native-conn.db"}

[90mstderr[2m | tests/database/native-connection.test.ts[2m > [22m[2mNativeConnectionManager[2m > 
[22m[2mschema migration[2m > [22m[2mshould add missing columns on re-init of existing DB
[22m[39m[2026-04-20T10:06:13.586Z] [INFO    ] [NativeConnectionManager] Native database closed

[90mstderr[2m | tests/database/native-connection.test.ts[2m > [22m[2mNativeConnectionManager[2m > 
[22m[2mschema migration[2m > [22m[2mshould populate FTS5 on existing DBs missing FTS rows
[22m[39m[2026-04-20T10:06:13.593Z] [INFO    ] [NativeConnectionManager] sqlite-vec extension loaded
[2026-04-20T10:06:13.594Z] [INFO    ] [NativeConnectionManager] Native database opened 
{"dbPath":"./test-native-conn-2.db"}

[90mstderr[2m | tests/database/native-connection.test.ts[2m > [22m[2mNativeConnectionManager[2m > 
[22m[2mschema migration[2m > [22m[2mshould populate FTS5 on existing DBs missing FTS rows
[22m[39m[2026-04-20T10:06:13.620Z] [INFO    ] [NativeConnectionManager] Native database closed

[90mstderr[2m | tests/database/native-connection.test.ts[2m > [22m[2mNativeConnectionManager[2m > 
[22m[2mschema migration[2m > [22m[2mshould populate FTS5 on existing DBs missing FTS rows
[22m[39m[2026-04-20T10:06:13.627Z] [INFO    ] [NativeConnectionManager] sqlite-vec extension loaded
[2026-04-20T10:06:13.641Z] [INFO    ] [NativeConnectionManager] Schema migrated 
{"dbPath":"./test-native-conn-2.db","changes":["fts5:populated"]}
[2026-04-20T10:06:13.641Z] [INFO    ] [NativeConnectionManager] Native database opened 
{"dbPath":"./test-native-conn-2.db"}

[90mstdout[2m | tests/database/native-connection.test.ts[2m > [22m[2mNativeConnectionManager[2m > [22m[2mschema migration[2m > [22m[2mshould populate FTS5 on existing DBs missing FTS rows
[22m[39mMEMORY_JOURNAL ROWS: [ { id: [33m1[39m, content: [32m'foo'[39m } ]
FTS_CONTENT ROWS: [ { rowid: [33m1[39m, content: [32m'foo'[39m } ]

[90mstderr[2m | tests/database/native-connection.test.ts[2m > [22m[2mNativeConnectionManager[2m > 
[22m[2mschema migration[2m > [22m[2mshould rebuild FTS5 index if ghost entries detected
[22m[39m[2026-04-20T10:06:13.738Z] [INFO    ] [NativeConnectionManager] sqlite-vec extension loaded
[2026-04-20T10:06:13.739Z] [INFO    ] [NativeConnectionManager] Native database opened 
{"dbPath":"./test-native-conn.db"}

[90mstderr[2m | tests/database/native-connection.test.ts[2m > [22m[2mNativeConnectionManager[2m > 
[22m[2mschema migration[2m > [22m[2mshould rebuild FTS5 index if ghost entries detected
[22m[39m[2026-04-20T10:06:13.770Z] [INFO    ] [NativeConnectionManager] Native database closed

[90mstderr[2m | tests/database/native-connection.test.ts[2m > [22m[2mNativeConnectionManager[2m > 
[22m[2mschema migration[2m > [22m[2mshould rebuild FTS5 index if ghost entries detected
[22m[39m[2026-04-20T10:06:13.779Z] [INFO    ] [NativeConnectionManager] sqlite-vec extension loaded
[2026-04-20T10:06:13.794Z] [INFO    ] [NativeConnectionManager] Schema migrated 
{"dbPath":"./test-native-conn.db","changes":["fts5:rebuilt-ghost-cleanup"]}
[2026-04-20T10:06:13.795Z] [INFO    ] [NativeConnectionManager] Native database opened 
{"dbPath":"./test-native-conn.db"}

[90mstderr[2m | tests/database/native-connection.test.ts[2m > [22m[2mNativeConnectionManager[2m > 
[22m[2mapplyTeamSchema[2m > [22m[2mshould add author column
[22m[39m[2026-04-20T10:06:13.847Z] [INFO    ] [NativeConnectionManager] sqlite-vec extension loaded
[2026-04-20T10:06:13.851Z] [INFO    ] [NativeConnectionManager] Native database opened {"dbPath":":memory:"}

[90mstderr[2m | tests/database/native-connection.test.ts[2m > [22m[2mNativeConnectionManager[2m > 
[22m[2mapplyTeamSchema[2m > [22m[2mshould add author column
[22m[39m[2026-04-20T10:06:13.853Z] [INFO    ] [NativeConnectionManager] Team schema migrated 
{"dbPath":":memory:","columnsAdded":["author"]}
[2026-04-20T10:06:13.853Z] [INFO    ] [NativeConnectionManager] Native database closed

[90mstderr[2m | tests/database/native-connection.test.ts[2m > [22m[2mNativeConnectionManager[2m > 
[22m[2mapplyTeamSchema[2m > [22m[2mshould be idempotent (double apply)
[22m[39m[2026-04-20T10:06:13.855Z] [INFO    ] [NativeConnectionManager] sqlite-vec extension loaded
[2026-04-20T10:06:13.859Z] [INFO    ] [NativeConnectionManager] Native database opened {"dbPath":":memory:"}

[90mstderr[2m | tests/database/native-connection.test.ts[2m > [22m[2mNativeConnectionManager[2m > 
[22m[2mapplyTeamSchema[2m > [22m[2mshould be idempotent (double apply)
[22m[39m[2026-04-20T10:06:13.860Z] [INFO    ] [NativeConnectionManager] Team schema migrated 
{"dbPath":":memory:","columnsAdded":["author"]}
[2026-04-20T10:06:13.860Z] [INFO    ] [NativeConnectionManager] Native database closed

[90mstderr[2m | tests/database/native-connection.test.ts[2m > [22m[2mNativeConnectionManager[2m > 
[22m[2mexec[2m > [22m[2mshould execute a raw query and return results
[22m[39m[2026-04-20T10:06:13.862Z] [INFO    ] [NativeConnectionManager] sqlite-vec extension loaded
[2026-04-20T10:06:13.866Z] [INFO    ] [NativeConnectionManager] Native database opened {"dbPath":":memory:"}

[90mstderr[2m | tests/database/native-connection.test.ts[2m > [22m[2mNativeConnectionManager[2m > 
[22m[2mexec[2m > [22m[2mshould execute a raw query and return results
[22m[39m[2026-04-20T10:06:13.869Z] [INFO    ] [NativeConnectionManager] Native database closed

[90mstderr[2m | tests/database/native-connection.test.ts[2m > [22m[2mNativeConnectionManager[2m > 
[22m[2mexec[2m > [22m[2mshould handle mutations (INSERT/UPDATE/DELETE) via exec
[22m[39m[2026-04-20T10:06:13.870Z] [INFO    ] [NativeConnectionManager] sqlite-vec extension loaded
[2026-04-20T10:06:13.874Z] [INFO    ] [NativeConnectionManager] Native database opened {"dbPath":":memory:"}

[90mstderr[2m | tests/database/native-connection.test.ts[2m > [22m[2mNativeConnectionManager[2m > 
[22m[2mexec[2m > [22m[2mshould handle mutations (INSERT/UPDATE/DELETE) via exec
[22m[39m[2026-04-20T10:06:13.878Z] [INFO    ] [NativeConnectionManager] Native database closed

[90mstderr[2m | tests/database/native-connection.test.ts[2m > [22m[2mNativeConnectionManager[2m > 
[22m[2mexec[2m > [22m[2mshould handle SELECT with no matching rows
[22m[39m[2026-04-20T10:06:13.880Z] [INFO    ] [NativeConnectionManager] sqlite-vec extension loaded
[2026-04-20T10:06:13.884Z] [INFO    ] [NativeConnectionManager] Native database opened {"dbPath":":memory:"}

[90mstderr[2m | tests/database/native-connection.test.ts[2m > [22m[2mNativeConnectionManager[2m > 
[22m[2mexec[2m > [22m[2mshould handle SELECT with no matching rows
[22m[39m[2026-04-20T10:06:13.886Z] [INFO    ] [NativeConnectionManager] Native database closed

[90mstderr[2m | tests/database/native-connection.test.ts[2m > [22m[2mNativeConnectionManager[2m > 
[22m[2mpragma[2m > [22m[2mshould execute pragma commands
[22m[39m[2026-04-20T10:06:13.887Z] [INFO    ] [NativeConnectionManager] sqlite-vec extension loaded
[2026-04-20T10:06:13.893Z] [INFO    ] [NativeConnectionManager] Native database opened {"dbPath":":memory:"}

[90mstderr[2m | tests/database/native-connection.test.ts[2m > [22m[2mNativeConnectionManager[2m > 
[22m[2mpragma[2m > [22m[2mshould execute pragma commands
[22m[39m[2026-04-20T10:06:13.894Z] [INFO    ] [NativeConnectionManager] Native database closed

 [31mΓ¥»[39m tests/database/native-connection.test.ts [2m([22m[2m17 tests[22m[2m | [22m[31m2 failed[39m[2m)[22m[33m 714[2mms[22m[39m
       [32mΓ£ô[39m should initialize successfully and return a valid DB[32m 157[2mms[22m[39m
       [32mΓ£ô[39m should be idempotent (double init)[32m 89[2mms[22m[39m
       [32mΓ£ô[39m should create parent directories if they do not exist[32m 99[2mms[22m[39m
       [32mΓ£ô[39m should handle and wrap initialization errors[32m 9[2mms[22m[39m
       [32mΓ£ô[39m should throw ConnectionError when DB is not initialized[32m 2[2mms[22m[39m
       [32mΓ£ô[39m should safely close and nullify DB[32m 9[2mms[22m[39m
       [32mΓ£ô[39m should be safe to call close() multiple times[32m 7[2mms[22m[39m
       [32mΓ£ô[39m should add missing columns on re-init of existing DB[32m 15[2mms[22m[39m
[31m       [31m├ù[31m should populate FTS5 on existing DBs missing FTS rows[39m[32m 143[2mms[22m[39m
[31m       [31m├ù[31m should rebuild FTS5 index if ghost entries detected[39m[32m 116[2mms[22m[39m
       [32mΓ£ô[39m should add author column[32m 8[2mms[22m[39m
       [32mΓ£ô[39m should be idempotent (double apply)[32m 7[2mms[22m[39m
       [32mΓ£ô[39m should execute a raw query and return results[32m 8[2mms[22m[39m
       [32mΓ£ô[39m should handle mutations (INSERT/UPDATE/DELETE) via exec[32m 9[2mms[22m[39m
       [32mΓ£ô[39m should handle SELECT with no matching rows[32m 8[2mms[22m[39m
       [32mΓ£ô[39m should execute pragma commands[32m 9[2mms[22m[39m
       [32mΓ£ô[39m should manually set db and skip initialization[32m 3[2mms[22m[39m
[90mstderr[2m | tests/handlers/help-resource.test.ts[2m > [22m[2mHelp Resource Handlers
[22m[39m[2026-04-20T10:06:14.202Z] [INFO    ] [NativeConnectionManager] sqlite-vec extension loaded
[2026-04-20T10:06:14.231Z] [INFO    ] [NativeConnectionManager] Native database opened 
{"dbPath":"./test-help-resource.db"}

[90mstderr[2m | tests/handlers/help-resource.test.ts[2m > [22m[2mHelp Resource Handlers[2m > [22m[2mshould 
generate memory://help listing all groups
[22m[39m[2026-04-20T10:06:16.524Z] [ERROR   ]  HELP_LOAD_TOOLS_FAILED {"error":"Transform failed with 1 
error:\n\n\u001b[31m[PARSE_ERROR] Error:\u001b[0m Unexpected token\n     
\u001b[38;5;246mΓò¡\u001b[0m\u001b[38;5;246mΓöÇ\u001b[0m\u001b[38;5;246m[\u001b[0m 
src/handlers/tools/codemode.ts:147:1 \u001b[38;5;246m]\u001b[0m\n     \u001b[38;5;246mΓöé\u001b[0m\n 
\u001b[38;5;246m147 Γöé\u001b[0m }\n \u001b[38;5;240m    Γöé\u001b[0m Γö¼  \n \u001b[38;5;240m    Γöé\u001b[0m 
Γò░ΓöÇΓöÇ \n\u001b[38;5;246mΓöÇΓöÇΓöÇΓöÇΓöÇΓò»\u001b[0m\n"}

[90mstderr[2m | tests/handlers/help-resource.test.ts[2m > [22m[2mHelp Resource Handlers[2m > [22m[2mshould 
generate memory://help/{group} for a valid group
[22m[39m[2026-04-20T10:06:16.542Z] [ERROR   ]  HELP_LOAD_TOOLS_FAILED {"error":"Transform failed with 1 
error:\n\n\u001b[31m[PARSE_ERROR] Error:\u001b[0m Unexpected token\n     
\u001b[38;5;246mΓò¡\u001b[0m\u001b[38;5;246mΓöÇ\u001b[0m\u001b[38;5;246m[\u001b[0m 
src/handlers/tools/codemode.ts:147:1 \u001b[38;5;246m]\u001b[0m\n     \u001b[38;5;246mΓöé\u001b[0m\n 
\u001b[38;5;246m147 Γöé\u001b[0m }\n \u001b[38;5;240m    Γöé\u001b[0m Γö¼  \n \u001b[38;5;240m    Γöé\u001b[0m 
Γò░ΓöÇΓöÇ \n\u001b[38;5;246mΓöÇΓöÇΓöÇΓöÇΓöÇΓò»\u001b[0m\n"}

 [31mΓ¥»[39m tests/handlers/error-path-coverage.test.ts [2m([22m[2m0 test[22m[2m)[22m
[90mstderr[2m | tests/handlers/help-resource.test.ts[2m > [22m[2mHelp Resource Handlers[2m > [22m[2mshould 
return error for invalid group in memory://help/{group}
[22m[39m[2026-04-20T10:06:16.551Z] [ERROR   ]  HELP_LOAD_TOOLS_FAILED {"error":"Transform failed with 1 
error:\n\n\u001b[31m[PARSE_ERROR] Error:\u001b[0m Unexpected token\n     
\u001b[38;5;246mΓò¡\u001b[0m\u001b[38;5;246mΓöÇ\u001b[0m\u001b[38;5;246m[\u001b[0m 
src/handlers/tools/codemode.ts:147:1 \u001b[38;5;246m]\u001b[0m\n     \u001b[38;5;246mΓöé\u001b[0m\n 
\u001b[38;5;246m147 Γöé\u001b[0m }\n \u001b[38;5;240m    Γöé\u001b[0m Γö¼  \n \u001b[38;5;240m    Γöé\u001b[0m 
Γò░ΓöÇΓöÇ \n\u001b[38;5;246mΓöÇΓöÇΓöÇΓöÇΓöÇΓò»\u001b[0m\n"}

[90mstderr[2m | tests/handlers/help-resource.test.ts[2m > [22m[2mHelp Resource Handlers[2m > [22m[2mshould 
handle all tool groups including codemode and team
[22m[39m[2026-04-20T10:06:16.555Z] [ERROR   ]  HELP_LOAD_TOOLS_FAILED {"error":"Transform failed with 1 
error:\n\n\u001b[31m[PARSE_ERROR] Error:\u001b[0m Unexpected token\n     
\u001b[38;5;246mΓò¡\u001b[0m\u001b[38;5;246mΓöÇ\u001b[0m\u001b[38;5;246m[\u001b[0m 
src/handlers/tools/codemode.ts:147:1 \u001b[38;5;246m]\u001b[0m\n     \u001b[38;5;246mΓöé\u001b[0m\n 
\u001b[38;5;246m147 Γöé\u001b[0m }\n \u001b[38;5;240m    Γöé\u001b[0m Γö¼  \n \u001b[38;5;240m    Γöé\u001b[0m 
Γò░ΓöÇΓöÇ \n\u001b[38;5;246mΓöÇΓöÇΓöÇΓöÇΓöÇΓò»\u001b[0m\n"}

[90mstderr[2m | tests/handlers/help-resource.test.ts[2m > [22m[2mHelp Resource Handlers[2m > [22m[2mshould 
extract parameters from admin group tools
[22m[39m[2026-04-20T10:06:16.561Z] [ERROR   ]  HELP_LOAD_TOOLS_FAILED {"error":"Transform failed with 1 
error:\n\n\u001b[31m[PARSE_ERROR] Error:\u001b[0m Unexpected token\n     
\u001b[38;5;246mΓò¡\u001b[0m\u001b[38;5;246mΓöÇ\u001b[0m\u001b[38;5;246m[\u001b[0m 
src/handlers/tools/codemode.ts:147:1 \u001b[38;5;246m]\u001b[0m\n     \u001b[38;5;246mΓöé\u001b[0m\n 
\u001b[38;5;246m147 Γöé\u001b[0m }\n \u001b[38;5;240m    Γöé\u001b[0m Γö¼  \n \u001b[38;5;240m    Γöé\u001b[0m 
Γò░ΓöÇΓöÇ \n\u001b[38;5;246mΓöÇΓöÇΓöÇΓöÇΓöÇΓò»\u001b[0m\n"}

[90mstderr[2m | tests/handlers/help-resource.test.ts[2m > [22m[2mHelp Resource Handlers[2m > [22m[2mshould 
handle search group with optional-heavy schemas
[22m[39m[2026-04-20T10:06:16.563Z] [ERROR   ]  HELP_LOAD_TOOLS_FAILED {"error":"Transform failed with 1 
error:\n\n\u001b[31m[PARSE_ERROR] Error:\u001b[0m Unexpected token\n     
\u001b[38;5;246mΓò¡\u001b[0m\u001b[38;5;246mΓöÇ\u001b[0m\u001b[38;5;246m[\u001b[0m 
src/handlers/tools/codemode.ts:147:1 \u001b[38;5;246m]\u001b[0m\n     \u001b[38;5;246mΓöé\u001b[0m\n 
\u001b[38;5;246m147 Γöé\u001b[0m }\n \u001b[38;5;240m    Γöé\u001b[0m Γö¼  \n \u001b[38;5;240m    Γöé\u001b[0m 
Γò░ΓöÇΓöÇ \n\u001b[38;5;246mΓöÇΓöÇΓöÇΓöÇΓöÇΓò»\u001b[0m\n"}

[90mstderr[2m | tests/handlers/help-resource.test.ts[2m > [22m[2mHelp Resource Handlers[2m > [22m[2mshould 
handle relationships group
[22m[39m[2026-04-20T10:06:16.566Z] [ERROR   ]  HELP_LOAD_TOOLS_FAILED {"error":"Transform failed with 1 
error:\n\n\u001b[31m[PARSE_ERROR] Error:\u001b[0m Unexpected token\n     
\u001b[38;5;246mΓò¡\u001b[0m\u001b[38;5;246mΓöÇ\u001b[0m\u001b[38;5;246m[\u001b[0m 
src/handlers/tools/codemode.ts:147:1 \u001b[38;5;246m]\u001b[0m\n     \u001b[38;5;246mΓöé\u001b[0m\n 
\u001b[38;5;246m147 Γöé\u001b[0m }\n \u001b[38;5;240m    Γöé\u001b[0m Γö¼  \n \u001b[38;5;240m    Γöé\u001b[0m 
Γò░ΓöÇΓöÇ \n\u001b[38;5;246mΓöÇΓöÇΓöÇΓöÇΓöÇΓò»\u001b[0m\n"}

 [31mΓ¥»[39m tests/handlers/catch-block-coverage.test.ts [2m([22m[2m0 test[22m[2m)[22m
[90mstderr[2m | tests/handlers/help-resource.test.ts[2m > [22m[2mHelp Resource Handlers[2m > [22m[2mshould 
handle analytics group with number/date params
[22m[39m[2026-04-20T10:06:16.568Z] [ERROR   ]  HELP_LOAD_TOOLS_FAILED {"error":"Transform failed with 1 
error:\n\n\u001b[31m[PARSE_ERROR] Error:\u001b[0m Unexpected token\n     
\u001b[38;5;246mΓò¡\u001b[0m\u001b[38;5;246mΓöÇ\u001b[0m\u001b[38;5;246m[\u001b[0m 
src/handlers/tools/codemode.ts:147:1 \u001b[38;5;246m]\u001b[0m\n     \u001b[38;5;246mΓöé\u001b[0m\n 
\u001b[38;5;246m147 Γöé\u001b[0m }\n \u001b[38;5;240m    Γöé\u001b[0m Γö¼  \n \u001b[38;5;240m    Γöé\u001b[0m 
Γò░ΓöÇΓöÇ \n\u001b[38;5;246mΓöÇΓöÇΓöÇΓöÇΓöÇΓò»\u001b[0m\n"}

 [31mΓ¥»[39m tests/handlers/github-body-truncation.test.ts [2m([22m[2m0 test[22m[2m)[22m
 [31mΓ¥»[39m tests/codemode/codemode-tool-handlers.test.ts [2m([22m[2m0 test[22m[2m)[22m
 [31mΓ¥»[39m tests/handlers/codemode-tools.test.ts [2m([22m[2m0 test[22m[2m)[22m
 [31mΓ¥»[39m tests/handlers/github-tool-handlers.test.ts [2m([22m[2m0 test[22m[2m)[22m
[90mstderr[2m | tests/handlers/help-resource.test.ts[2m > [22m[2mHelp Resource Handlers[2m > [22m[2mshould 
handle io group
[22m[39m[2026-04-20T10:06:16.571Z] [ERROR   ]  HELP_LOAD_TOOLS_FAILED {"error":"Transform failed with 1 
error:\n\n\u001b[31m[PARSE_ERROR] Error:\u001b[0m Unexpected token\n     
\u001b[38;5;246mΓò¡\u001b[0m\u001b[38;5;246mΓöÇ\u001b[0m\u001b[38;5;246m[\u001b[0m 
src/handlers/tools/codemode.ts:147:1 \u001b[38;5;246m]\u001b[0m\n     \u001b[38;5;246mΓöé\u001b[0m\n 
\u001b[38;5;246m147 Γöé\u001b[0m }\n \u001b[38;5;240m    Γöé\u001b[0m Γö¼  \n \u001b[38;5;240m    Γöé\u001b[0m 
Γò░ΓöÇΓöÇ \n\u001b[38;5;246mΓöÇΓöÇΓöÇΓöÇΓöÇΓò»\u001b[0m\n"}

[90mstderr[2m | tests/handlers/help-resource.test.ts[2m > [22m[2mHelp Resource Handlers[2m > [22m[2mshould 
handle team group
[22m[39m[2026-04-20T10:06:16.579Z] [ERROR   ]  HELP_LOAD_TOOLS_FAILED {"error":"Transform failed with 1 
error:\n\n\u001b[31m[PARSE_ERROR] Error:\u001b[0m Unexpected token\n     
\u001b[38;5;246mΓò¡\u001b[0m\u001b[38;5;246mΓöÇ\u001b[0m\u001b[38;5;246m[\u001b[0m 
src/handlers/tools/codemode.ts:147:1 \u001b[38;5;246m]\u001b[0m\n     \u001b[38;5;246mΓöé\u001b[0m\n 
\u001b[38;5;246m147 Γöé\u001b[0m }\n \u001b[38;5;240m    Γöé\u001b[0m Γö¼  \n \u001b[38;5;240m    Γöé\u001b[0m 
Γò░ΓöÇΓöÇ \n\u001b[38;5;246mΓöÇΓöÇΓöÇΓöÇΓöÇΓò»\u001b[0m\n"}

[90mstderr[2m | tests/handlers/help-resource.test.ts[2m > [22m[2mHelp Resource Handlers[2m > [22m[2mshould 
handle backup group
[22m[39m[2026-04-20T10:06:16.583Z] [ERROR   ]  HELP_LOAD_TOOLS_FAILED {"error":"Transform failed with 1 
error:\n\n\u001b[31m[PARSE_ERROR] Error:\u001b[0m Unexpected token\n     
\u001b[38;5;246mΓò¡\u001b[0m\u001b[38;5;246mΓöÇ\u001b[0m\u001b[38;5;246m[\u001b[0m 
src/handlers/tools/codemode.ts:147:1 \u001b[38;5;246m]\u001b[0m\n     \u001b[38;5;246mΓöé\u001b[0m\n 
\u001b[38;5;246m147 Γöé\u001b[0m }\n \u001b[38;5;240m    Γöé\u001b[0m Γö¼  \n \u001b[38;5;240m    Γöé\u001b[0m 
Γò░ΓöÇΓöÇ \n\u001b[38;5;246mΓöÇΓöÇΓöÇΓöÇΓöÇΓò»\u001b[0m\n"}

[90mstderr[2m | tests/handlers/help-resource.test.ts[2m > [22m[2mHelp Resource Handlers[2m > [22m[2mshould 
handle codemode group
[22m[39m[2026-04-20T10:06:16.585Z] [ERROR   ]  HELP_LOAD_TOOLS_FAILED {"error":"Transform failed with 1 
error:\n\n\u001b[31m[PARSE_ERROR] Error:\u001b[0m Unexpected token\n     
\u001b[38;5;246mΓò¡\u001b[0m\u001b[38;5;246mΓöÇ\u001b[0m\u001b[38;5;246m[\u001b[0m 
src/handlers/tools/codemode.ts:147:1 \u001b[38;5;246m]\u001b[0m\n     \u001b[38;5;246mΓöé\u001b[0m\n 
\u001b[38;5;246m147 Γöé\u001b[0m }\n \u001b[38;5;240m    Γöé\u001b[0m Γö¼  \n \u001b[38;5;240m    Γöé\u001b[0m 
Γò░ΓöÇΓöÇ \n\u001b[38;5;246mΓöÇΓöÇΓöÇΓöÇΓöÇΓò»\u001b[0m\n"}

[90mstderr[2m | tests/handlers/help-resource.test.ts[2m > [22m[2mHelp Resource Handlers[2m > [22m[2mshould 
handle github group
[22m[39m[2026-04-20T10:06:16.594Z] [ERROR   ]  HELP_LOAD_TOOLS_FAILED {"error":"Transform failed with 1 
error:\n\n\u001b[31m[PARSE_ERROR] Error:\u001b[0m Unexpected token\n     
\u001b[38;5;246mΓò¡\u001b[0m\u001b[38;5;246mΓöÇ\u001b[0m\u001b[38;5;246m[\u001b[0m 
src/handlers/tools/codemode.ts:147:1 \u001b[38;5;246m]\u001b[0m\n     \u001b[38;5;246mΓöé\u001b[0m\n 
\u001b[38;5;246m147 Γöé\u001b[0m }\n \u001b[38;5;240m    Γöé\u001b[0m Γö¼  \n \u001b[38;5;240m    Γöé\u001b[0m 
Γò░ΓöÇΓöÇ \n\u001b[38;5;246mΓöÇΓöÇΓöÇΓöÇΓöÇΓò»\u001b[0m\n"}

[90mstderr[2m | tests/handlers/help-resource.test.ts[2m > [22m[2mHelp Resource Handlers
[22m[39m[2026-04-20T10:06:16.645Z] [INFO    ] [NativeConnectionManager] Native database closed

 [31mΓ¥»[39m tests/handlers/help-resource.test.ts [2m([22m[2m19 tests[22m[2m | [22m[31m12 failed[39m[2m)[22m[33m 2500[2mms[22m[39m
[31m     [31m├ù[31m should generate memory://help listing all groups[39m[33m 2306[2mms[22m[39m
[31m     [31m├ù[31m should generate memory://help/{group} for a valid group[39m[32m 10[2mms[22m[39m
     [32mΓ£ô[39m should return error for invalid group in memory://help/{group}[32m 3[2mms[22m[39m
     [32mΓ£ô[39m should return error for malformed URI in memory://help/{group}[32m 1[2mms[22m[39m
     [32mΓ£ô[39m should generate memory://help/gotchas[32m 1[2mms[22m[39m
[31m     [31m├ù[31m should handle all tool groups including codemode and team[39m[32m 6[2mms[22m[39m
[31m     [31m├ù[31m should extract parameters from admin group tools[39m[32m 2[2mms[22m[39m
[31m     [31m├ù[31m should handle search group with optional-heavy schemas[39m[32m 2[2mms[22m[39m
[31m     [31m├ù[31m should handle relationships group[39m[32m 3[2mms[22m[39m
[31m     [31m├ù[31m should handle analytics group with number/date params[39m[32m 3[2mms[22m[39m
[31m     [31m├ù[31m should handle io group[39m[32m 2[2mms[22m[39m
[31m     [31m├ù[31m should handle team group[39m[32m 9[2mms[22m[39m
[31m     [31m├ù[31m should handle backup group[39m[32m 2[2mms[22m[39m
[31m     [31m├ù[31m should handle codemode group[39m[32m 8[2mms[22m[39m
[31m     [31m├ù[31m should handle github group[39m[32m 22[2mms[22m[39m
       [32mΓ£ô[39m should handle invalid inputSchema in extractParameters[32m 3[2mms[22m[39m
       [32mΓ£ô[39m should handle missing or invalid shape[32m 2[2mms[22m[39m
       [32mΓ£ô[39m should fallback to unknown if layers run out[32m 4[2mms[22m[39m
       [32mΓ£ô[39m should pick up plain descriptions without type[32m 1[2mms[22m[39m
 [31mΓ¥»[39m tests/handlers/handler-error-branches.test.ts [2m([22m[2m0 test[22m[2m)[22m
 [31mΓ¥»[39m tests/handlers/search-excellence.test.ts [2m([22m[2m0 test[22m[2m)[22m
 [31mΓ¥»[39m tests/handlers/kanban-payload-optimization.test.ts [2m([22m[2m0 test[22m[2m)[22m
 [31mΓ¥»[39m tests/handlers/targeted-gap-closure-2.test.ts [2m([22m[2m0 test[22m[2m)[22m
 [31mΓ¥»[39m tests/handlers/search-tool-handlers.test.ts [2m([22m[2m0 test[22m[2m)[22m
 [31mΓ¥»[39m tests/handlers/max-query-limit.test.ts [2m([22m[2m0 test[22m[2m)[22m
 [31mΓ¥»[39m tests/handlers/targeted-gap-closure.test.ts [2m([22m[2m0 test[22m[2m)[22m
 [31mΓ¥»[39m tests/handlers/team-admin.test.ts [2m([22m[2m0 test[22m[2m)[22m
 [31mΓ¥»[39m tests/handlers/team-analytics.test.ts [2m([22m[2m0 test[22m[2m)[22m
 [31mΓ¥»[39m tests/handlers/team-flags.test.ts [2m([22m[2m0 test[22m[2m)[22m
 [31mΓ¥»[39m tests/handlers/team-core.test.ts [2m([22m[2m0 test[22m[2m)[22m
 [31mΓ¥»[39m tests/handlers/team-data.test.ts [2m([22m[2m0 test[22m[2m)[22m
 [31mΓ¥»[39m tests/handlers/team-relationships.test.ts [2m([22m[2m0 test[22m[2m)[22m
 [31mΓ¥»[39m tests/handlers/team-search.test.ts [2m([22m[2m0 test[22m[2m)[22m
 [31mΓ¥»[39m tests/handlers/team-tool-handlers.test.ts [2m([22m[2m0 test[22m[2m)[22m
 [31mΓ¥»[39m tests/handlers/team-vector.test.ts [2m([22m[2m0 test[22m[2m)[22m
 [31mΓ¥»[39m tests/handlers/tool-annotations.test.ts [2m([22m[2m0 test[22m[2m)[22m
 [31mΓ¥»[39m tests/handlers/tool-handler-coverage.test.ts [2m([22m[2m0 test[22m[2m)[22m
 [31mΓ¥»[39m tests/handlers/tool-handlers.test.ts [2m([22m[2m0 test[22m[2m)[22m
 [31mΓ¥»[39m tests/handlers/vector-tool-handlers.test.ts [2m([22m[2m0 test[22m[2m)[22m
 [31mΓ¥»[39m tests/handlers/tool-output-schemas.test.ts [2m([22m[2m0 test[22m[2m)[22m
[90mstderr[2m | tests/database/sqlite-adapter.test.ts[2m > [22m[2mDatabaseAdapter
[22m[39m[2026-04-20T10:06:28.564Z] [INFO    ] [NativeConnectionManager] sqlite-vec extension loaded
[2026-04-20T10:06:28.597Z] [INFO    ] [NativeConnectionManager] Native database opened 
{"dbPath":"./test-adapter-dir/test-adapter.db"}

[90mstderr[2m | tests/database/sqlite-adapter.test.ts[2m > [22m[2mDatabaseAdapter[2m > [22m[2mtag 
operations[2m > [22m[2mshould merge tags
[22m[39m[2026-04-20T10:06:28.891Z] [INFO    ] [SqliteAdapter][mergeTags] Tags merged 
{"context":{"sourceTag":"old-tag","targetTag":"new-tag","entriesUpdated":1}}

 [31mΓ¥»[39m tests/server/mcp-server.test.ts [2m([22m[2m0 test[22m[2m)[22m
[90mstderr[2m | tests/database/sqlite-adapter.test.ts[2m > [22m[2mDatabaseAdapter[2m > [22m[2mbackup 
operations[2m > [22m[2mshould export to backup file
[22m[39m[2026-04-20T10:06:28.995Z] [INFO    ] [SqliteAdapter][exportToFile] Backup created 
{"context":{"backupPath":"test-adapter-dir\\backups\\test-backup.db","sizeBytes":147456}}

[90mstderr[2m | tests/database/sqlite-adapter.test.ts[2m > [22m[2mDatabaseAdapter[2m > [22m[2mbackup 
operations[2m > [22m[2mshould list backup files
[22m[39m[2026-04-20T10:06:29.002Z] [INFO    ] [SqliteAdapter][exportToFile] Backup created 
{"context":{"backupPath":"test-adapter-dir\\backups\\list-test.db","sizeBytes":147456}}

[90mstderr[2m | tests/database/sqlite-adapter.test.ts[2m > [22m[2mDatabaseAdapter[2m > [22m[2mbackup 
operations[2m > [22m[2mshould delete old backups keeping only keepCount
[22m[39m[2026-04-20T10:06:29.010Z] [INFO    ] [SqliteAdapter][exportToFile] Backup created 
{"context":{"backupPath":"test-adapter-dir\\backups\\cleanup-1.db","sizeBytes":147456}}

[90mstderr[2m | tests/database/sqlite-adapter.test.ts[2m > [22m[2mDatabaseAdapter[2m > [22m[2mbackup 
operations[2m > [22m[2mshould delete old backups keeping only keepCount
[22m[39m[2026-04-20T10:06:29.016Z] [INFO    ] [SqliteAdapter][exportToFile] Backup created 
{"context":{"backupPath":"test-adapter-dir\\backups\\cleanup-2.db","sizeBytes":147456}}

[90mstderr[2m | tests/database/sqlite-adapter.test.ts[2m > [22m[2mDatabaseAdapter[2m > [22m[2mbackup 
operations[2m > [22m[2mshould delete old backups keeping only keepCount
[22m[39m[2026-04-20T10:06:29.021Z] [INFO    ] [SqliteAdapter][exportToFile] Backup created 
{"context":{"backupPath":"test-adapter-dir\\backups\\cleanup-3.db","sizeBytes":147456}}

[90mstderr[2m | tests/database/sqlite-adapter.test.ts[2m > [22m[2mDatabaseAdapter[2m > [22m[2mbackup 
operations[2m > [22m[2mshould delete old backups keeping only keepCount
[22m[39m[2026-04-20T10:06:29.024Z] [INFO    ] [SqliteAdapter][deleteOldBackups] Old backups cleaned up 
{"context":{"kept":1,"deleted":2,"failed":0}}

[90mstderr[2m | tests/database/sqlite-adapter.test.ts[2m > [22m[2mDatabaseAdapter[2m > [22m[2mbackup 
operations[2m > [22m[2mshould restore from a backup file
[22m[39m[2026-04-20T10:06:29.061Z] [INFO    ] [SqliteAdapter][exportToFile] Backup created 
{"context":{"backupPath":"test-adapter-dir\\backups\\restore-test.db","sizeBytes":147456}}

[90mstderr[2m | tests/database/sqlite-adapter.test.ts[2m > [22m[2mDatabaseAdapter[2m > [22m[2mbackup 
operations[2m > [22m[2mshould restore from a backup file
[22m[39m[2026-04-20T10:06:29.113Z] [INFO    ] [NativeConnectionManager] Native database closed

[90mstderr[2m | tests/database/sqlite-adapter.test.ts[2m > [22m[2mDatabaseAdapter[2m > [22m[2mbackup 
operations[2m > [22m[2mshould restore from a backup file
[22m[39m[2026-04-20T10:06:29.129Z] [INFO    ] [NativeConnectionManager] sqlite-vec extension loaded
[2026-04-20T10:06:29.131Z] [INFO    ] [NativeConnectionManager] Native database opened 
{"dbPath":"./test-adapter-dir/test-adapter.db"}

[90mstderr[2m | tests/database/sqlite-adapter.test.ts[2m > [22m[2mDatabaseAdapter[2m > [22m[2mbackup 
operations[2m > [22m[2mshould restore from a backup file
[22m[39m[2026-04-20T10:06:29.135Z] [INFO    ] [SqliteAdapter][restoreFromFile] Database restored from backup {"contex
t":{"backupPath":"C:\\Users\\chris\\Desktop\\memory-journal-mcp\\test-adapter-dir\\backups\\restore-test.db","previousE
ntryCount":40,"newEntryCount":38}}

[90mstderr[2m | tests/database/sqlite-adapter.test.ts[2m > [22m[2mDatabaseAdapter[2m > [22m[2mclose[2m > 
[22m[2mshould close without error
[22m[39m[2026-04-20T10:06:29.138Z] [INFO    ] [NativeConnectionManager] Native database closed

[90mstderr[2m | tests/audit/audit-logger.test.ts[2m > [22m[2mAuditLogger[2m > [22m[2mcoverage edge cases[2m > 
[22m[2mshould catch write errors and unshift buffer without throwing
[22m[39m[2026-04-20T10:06:29.186Z] [ERROR   ] [Audit] Write failed: EISDIR: illegal operation on a directory, write

[90mstderr[2m | tests/audit/audit-logger.test.ts[2m > [22m[2mAuditLogger[2m > [22m[2mcoverage edge cases[2m > 
[22m[2mshould catch write errors and unshift buffer without throwing
[22m[39m[2026-04-20T10:06:29.208Z] [ERROR   ] [Audit] Write failed: EISDIR: illegal operation on a directory, write

[90mstderr[2m | tests/database/sqlite-adapter.test.ts[2m > [22m[2mDatabaseAdapter[2m > [22m[2mbackup edge 
cases[2m > [22m[2mshould return empty array when backups directory does not exist
[22m[39m[2026-04-20T10:06:29.237Z] [INFO    ] [NativeConnectionManager] Native database closed

[90mstderr[2m | tests/database/sqlite-adapter.test.ts[2m > [22m[2mDatabaseAdapter[2m > [22m[2mbackup edge 
cases[2m > [22m[2mshould return empty array when backups directory does not exist
[22m[39m[2026-04-20T10:06:29.241Z] [INFO    ] [NativeConnectionManager] Database closed during initialization, 
aborting

[90mstderr[2m | tests/database/sqlite-adapter.test.ts[2m > [22m[2mDatabaseAdapter
[22m[39m[2026-04-20T10:06:29.262Z] [INFO    ] [NativeConnectionManager] Native database closed

 [32mΓ£ô[39m tests/database/sqlite-adapter.test.ts [2m([22m[2m67 tests[22m[2m)[22m[33m 792[2mms[22m[39m
 [32mΓ£ô[39m tests/audit/audit-interceptor.test.ts [2m([22m[2m11 tests[22m[2m)[22m[33m 652[2mms[22m[39m
 [32mΓ£ô[39m tests/audit/audit-logger.test.ts [2m([22m[2m22 tests[22m[2m)[22m[33m 1126[2mms[22m[39m
[90mstderr[2m | tests/github/github-integration.test.ts[2m > [22m[2mGitHubIntegration[2m > 
[22m[2misApiAvailable[2m > [22m[2mshould return true when octokit is injected
[22m[39m[2026-04-20T10:06:31.185Z] [INFO    ] [GitHub] GitHub integration using directory {"workingDir":".","effectiv
eDir":".","resolvedDir":"C:\\Users\\chris\\Desktop\\memory-journal-mcp","cwd":"C:\\Users\\chris\\Desktop\\memory-journa
l-mcp"}
[2026-04-20T10:06:31.190Z] [INFO    ] [GitHub] GitHub integration initialized without token (limited functionality)

[90mstderr[2m | tests/github/github-integration.test.ts[2m > [22m[2mGitHubIntegration[2m > 
[22m[2misApiAvailable[2m > [22m[2mshould return false when no token
[22m[39m[2026-04-20T10:06:31.327Z] [INFO    ] [GitHub] GitHub integration using directory {"workingDir":".","effectiv
eDir":".","resolvedDir":"C:\\Users\\chris\\Desktop\\memory-journal-mcp","cwd":"C:\\Users\\chris\\Desktop\\memory-journa
l-mcp"}
[2026-04-20T10:06:31.328Z] [INFO    ] [GitHub] GitHub integration initialized without token (limited functionality)

[90mstderr[2m | tests/github/github-integration.test.ts[2m > [22m[2mGitHubIntegration[2m > 
[22m[2misApiAvailable[2m > [22m[2mshould return false when no token
[22m[39m[2026-04-20T10:06:31.329Z] [INFO    ] [GitHub] GitHub integration using directory {"workingDir":".","effectiv
eDir":".","resolvedDir":"C:\\Users\\chris\\Desktop\\memory-journal-mcp","cwd":"C:\\Users\\chris\\Desktop\\memory-journa
l-mcp"}
[2026-04-20T10:06:31.329Z] [INFO    ] [GitHub] GitHub integration initialized without token (limited functionality)

[90mstderr[2m | tests/github/github-integration.test.ts[2m > [22m[2mGitHubIntegration[2m > [22m[2mcache[2m > 
[22m[2mshould return null for getCachedRepoInfo before getRepoInfo
[22m[39m[2026-04-20T10:06:31.333Z] [INFO    ] [GitHub] GitHub integration using directory {"workingDir":".","effectiv
eDir":".","resolvedDir":"C:\\Users\\chris\\Desktop\\memory-journal-mcp","cwd":"C:\\Users\\chris\\Desktop\\memory-journa
l-mcp"}
[2026-04-20T10:06:31.333Z] [INFO    ] [GitHub] GitHub integration initialized without token (limited functionality)

[90mstderr[2m | tests/github/github-integration.test.ts[2m > [22m[2mGitHubIntegration[2m > [22m[2mcache[2m > 
[22m[2mshould cache repo info after getRepoInfo
[22m[39m[2026-04-20T10:06:31.336Z] [INFO    ] [GitHub] GitHub integration using directory {"workingDir":".","effectiv
eDir":".","resolvedDir":"C:\\Users\\chris\\Desktop\\memory-journal-mcp","cwd":"C:\\Users\\chris\\Desktop\\memory-journa
l-mcp"}
[2026-04-20T10:06:31.336Z] [INFO    ] [GitHub] GitHub integration initialized without token (limited functionality)

[90mstderr[2m | tests/github/github-integration.test.ts[2m > [22m[2mGitHubIntegration[2m > [22m[2mcache[2m > 
[22m[2mshould clear all cache with clearCache
[22m[39m[2026-04-20T10:06:31.340Z] [INFO    ] [GitHub] GitHub integration using directory {"workingDir":".","effectiv
eDir":".","resolvedDir":"C:\\Users\\chris\\Desktop\\memory-journal-mcp","cwd":"C:\\Users\\chris\\Desktop\\memory-journa
l-mcp"}
[2026-04-20T10:06:31.340Z] [INFO    ] [GitHub] GitHub integration initialized without token (limited functionality)

[90mstderr[2m | tests/github/github-integration.test.ts[2m > [22m[2mGitHubIntegration[2m > 
[22m[2mgetRepoInfo[2m > [22m[2mshould parse SSH remote URL
[22m[39m[2026-04-20T10:06:31.346Z] [INFO    ] [GitHub] GitHub integration using directory {"workingDir":".","effectiv
eDir":".","resolvedDir":"C:\\Users\\chris\\Desktop\\memory-journal-mcp","cwd":"C:\\Users\\chris\\Desktop\\memory-journa
l-mcp"}
[2026-04-20T10:06:31.346Z] [INFO    ] [GitHub] GitHub integration initialized without token (limited functionality)

[90mstderr[2m | tests/github/github-integration.test.ts[2m > [22m[2mGitHubIntegration[2m > 
[22m[2mgetRepoInfo[2m > [22m[2mshould parse HTTPS remote URL
[22m[39m[2026-04-20T10:06:31.349Z] [INFO    ] [GitHub] GitHub integration using directory {"workingDir":".","effectiv
eDir":".","resolvedDir":"C:\\Users\\chris\\Desktop\\memory-journal-mcp","cwd":"C:\\Users\\chris\\Desktop\\memory-journa
l-mcp"}
[2026-04-20T10:06:31.349Z] [INFO    ] [GitHub] GitHub integration initialized without token (limited functionality)

[90mstderr[2m | tests/github/github-integration.test.ts[2m > [22m[2mGitHubIntegration[2m > 
[22m[2mgetRepoInfo[2m > [22m[2mshould handle no origin remote
[22m[39m[2026-04-20T10:06:31.351Z] [INFO    ] [GitHub] GitHub integration using directory {"workingDir":".","effectiv
eDir":".","resolvedDir":"C:\\Users\\chris\\Desktop\\memory-journal-mcp","cwd":"C:\\Users\\chris\\Desktop\\memory-journa
l-mcp"}
[2026-04-20T10:06:31.352Z] [INFO    ] [GitHub] GitHub integration initialized without token (limited functionality)

[90mstderr[2m | tests/github/github-integration.test.ts[2m > [22m[2mGitHubIntegration[2m > 
[22m[2mgetRepoInfo[2m > [22m[2mshould handle non-github remote
[22m[39m[2026-04-20T10:06:31.355Z] [INFO    ] [GitHub] GitHub integration using directory {"workingDir":".","effectiv
eDir":".","resolvedDir":"C:\\Users\\chris\\Desktop\\memory-journal-mcp","cwd":"C:\\Users\\chris\\Desktop\\memory-journa
l-mcp"}
[2026-04-20T10:06:31.355Z] [INFO    ] [GitHub] GitHub integration initialized without token (limited functionality)

[90mstderr[2m | tests/github/github-integration.test.ts[2m > [22m[2mGitHubIntegration[2m > 
[22m[2mgetRepoInfo[2m > [22m[2mshould handle git errors gracefully
[22m[39m[2026-04-20T10:06:31.362Z] [INFO    ] [GitHub] GitHub integration using directory {"workingDir":".","effectiv
eDir":".","resolvedDir":"C:\\Users\\chris\\Desktop\\memory-journal-mcp","cwd":"C:\\Users\\chris\\Desktop\\memory-journa
l-mcp"}
[2026-04-20T10:06:31.362Z] [INFO    ] [GitHub] GitHub integration initialized without token (limited functionality)

[90mstderr[2m | tests/github/github-integration.test.ts[2m > [22m[2mGitHubIntegration[2m > 
[22m[2mgetIssues[2m > [22m[2mshould return mapped issues filtering out PRs
[22m[39m[2026-04-20T10:06:31.365Z] [INFO    ] [GitHub] GitHub integration using directory {"workingDir":".","effectiv
eDir":".","resolvedDir":"C:\\Users\\chris\\Desktop\\memory-journal-mcp","cwd":"C:\\Users\\chris\\Desktop\\memory-journa
l-mcp"}
[2026-04-20T10:06:31.365Z] [INFO    ] [GitHub] GitHub integration initialized without token (limited functionality)

[90mstderr[2m | tests/github/github-integration.test.ts[2m > [22m[2mGitHubIntegration[2m > 
[22m[2mgetIssues[2m > [22m[2mshould return empty when no octokit
[22m[39m[2026-04-20T10:06:31.375Z] [INFO    ] [GitHub] GitHub integration using directory {"workingDir":".","effectiv
eDir":".","resolvedDir":"C:\\Users\\chris\\Desktop\\memory-journal-mcp","cwd":"C:\\Users\\chris\\Desktop\\memory-journa
l-mcp"}
[2026-04-20T10:06:31.375Z] [INFO    ] [GitHub] GitHub integration initialized without token (limited functionality)

[90mstderr[2m | tests/github/github-integration.test.ts[2m > [22m[2mGitHubIntegration[2m > 
[22m[2mgetIssues[2m > [22m[2mshould handle API errors gracefully
[22m[39m[2026-04-20T10:06:31.422Z] [INFO    ] [GitHub] GitHub integration using directory {"workingDir":".","effectiv
eDir":".","resolvedDir":"C:\\Users\\chris\\Desktop\\memory-journal-mcp","cwd":"C:\\Users\\chris\\Desktop\\memory-journa
l-mcp"}
[2026-04-20T10:06:31.422Z] [INFO    ] [GitHub] GitHub integration initialized without token (limited functionality)

[90mstderr[2m | tests/github/github-integration.test.ts[2m > [22m[2mGitHubIntegration[2m > 
[22m[2mgetIssues[2m > [22m[2mshould handle API errors gracefully
[22m[39m[2026-04-20T10:06:31.423Z] [ERROR   ] [GitHub] Failed to get issues {"error":"Network error"}

[90mstderr[2m | tests/github/github-integration.test.ts[2m > [22m[2mGitHubIntegration[2m > [22m[2mgetIssue[2m 
> [22m[2mshould return issue details
[22m[39m[2026-04-20T10:06:31.426Z] [INFO    ] [GitHub] GitHub integration using directory {"workingDir":".","effectiv
eDir":".","resolvedDir":"C:\\Users\\chris\\Desktop\\memory-journal-mcp","cwd":"C:\\Users\\chris\\Desktop\\memory-journa
l-mcp"}
[2026-04-20T10:06:31.426Z] [INFO    ] [GitHub] GitHub integration initialized without token (limited functionality)

[90mstderr[2m | tests/github/github-integration.test.ts[2m > [22m[2mGitHubIntegration[2m > [22m[2mgetIssue[2m 
> [22m[2mshould return null for PR masquerading as issue
[22m[39m[2026-04-20T10:06:31.431Z] [INFO    ] [GitHub] GitHub integration using directory {"workingDir":".","effectiv
eDir":".","resolvedDir":"C:\\Users\\chris\\Desktop\\memory-journal-mcp","cwd":"C:\\Users\\chris\\Desktop\\memory-journa
l-mcp"}
[2026-04-20T10:06:31.432Z] [INFO    ] [GitHub] GitHub integration initialized without token (limited functionality)

[90mstderr[2m | tests/github/github-integration.test.ts[2m > [22m[2mGitHubIntegration[2m > [22m[2mgetIssue[2m 
> [22m[2mshould handle API error
[22m[39m[2026-04-20T10:06:31.433Z] [INFO    ] [GitHub] GitHub integration using directory {"workingDir":".","effectiv
eDir":".","resolvedDir":"C:\\Users\\chris\\Desktop\\memory-journal-mcp","cwd":"C:\\Users\\chris\\Desktop\\memory-journa
l-mcp"}
[2026-04-20T10:06:31.433Z] [INFO    ] [GitHub] GitHub integration initialized without token (limited functionality)

[90mstderr[2m | tests/github/github-integration.test.ts[2m > [22m[2mGitHubIntegration[2m > [22m[2mgetIssue[2m 
> [22m[2mshould handle API error
[22m[39m[2026-04-20T10:06:31.435Z] [ERROR   ] [GitHub] Failed to get issue details {"entityId":999,"error":"Not 
found"}

[90mstderr[2m | tests/github/github-integration.test.ts[2m > [22m[2mGitHubIntegration[2m > 
[22m[2mgetIssueComments[2m > [22m[2mshould return mapped comments and limit to 100
[22m[39m[2026-04-20T10:06:31.436Z] [INFO    ] [GitHub] GitHub integration using directory {"workingDir":".","effectiv
eDir":".","resolvedDir":"C:\\Users\\chris\\Desktop\\memory-journal-mcp","cwd":"C:\\Users\\chris\\Desktop\\memory-journa
l-mcp"}
[2026-04-20T10:06:31.436Z] [INFO    ] [GitHub] GitHub integration initialized without token (limited functionality)

[90mstderr[2m | tests/github/github-integration.test.ts[2m > [22m[2mGitHubIntegration[2m > 
[22m[2mgetIssueComments[2m > [22m[2mshould return cached comments
[22m[39m[2026-04-20T10:06:31.445Z] [INFO    ] [GitHub] GitHub integration using directory {"workingDir":".","effectiv
eDir":".","resolvedDir":"C:\\Users\\chris\\Desktop\\memory-journal-mcp","cwd":"C:\\Users\\chris\\Desktop\\memory-journa
l-mcp"}
[2026-04-20T10:06:31.445Z] [INFO    ] [GitHub] GitHub integration initialized without token (limited functionality)

[90mstderr[2m | tests/github/github-integration.test.ts[2m > [22m[2mGitHubIntegration[2m > 
[22m[2mgetIssueComments[2m > [22m[2mshould return empty when no octokit
[22m[39m[2026-04-20T10:06:31.447Z] [INFO    ] [GitHub] GitHub integration using directory {"workingDir":".","effectiv
eDir":".","resolvedDir":"C:\\Users\\chris\\Desktop\\memory-journal-mcp","cwd":"C:\\Users\\chris\\Desktop\\memory-journa
l-mcp"}
[2026-04-20T10:06:31.447Z] [INFO    ] [GitHub] GitHub integration initialized without token (limited functionality)

[90mstderr[2m | tests/github/github-integration.test.ts[2m > [22m[2mGitHubIntegration[2m > 
[22m[2mcreateIssue[2m > [22m[2mshould create an issue and return result
[22m[39m[2026-04-20T10:06:31.450Z] [INFO    ] [GitHub] GitHub integration using directory {"workingDir":".","effectiv
eDir":".","resolvedDir":"C:\\Users\\chris\\Desktop\\memory-journal-mcp","cwd":"C:\\Users\\chris\\Desktop\\memory-journa
l-mcp"}
[2026-04-20T10:06:31.450Z] [INFO    ] [GitHub] GitHub integration initialized without token (limited functionality)

[90mstderr[2m | tests/github/github-integration.test.ts[2m > [22m[2mGitHubIntegration[2m > 
[22m[2mcreateIssue[2m > [22m[2mshould create an issue and return result
[22m[39m[2026-04-20T10:06:31.453Z] [INFO    ] [GitHub] Created GitHub issue {"entityId":10,"context":{"title":"New 
issue","owner":"o","repo":"r"}}

[90mstderr[2m | tests/github/github-integration.test.ts[2m > [22m[2mGitHubIntegration[2m > 
[22m[2mcreateIssue[2m > [22m[2mshould return null on error
[22m[39m[2026-04-20T10:06:31.454Z] [INFO    ] [GitHub] GitHub integration using directory {"workingDir":".","effectiv
eDir":".","resolvedDir":"C:\\Users\\chris\\Desktop\\memory-journal-mcp","cwd":"C:\\Users\\chris\\Desktop\\memory-journa
l-mcp"}
[2026-04-20T10:06:31.454Z] [INFO    ] [GitHub] GitHub integration initialized without token (limited functionality)

[90mstderr[2m | tests/github/github-integration.test.ts[2m > [22m[2mGitHubIntegration[2m > 
[22m[2mcreateIssue[2m > [22m[2mshould return null on error
[22m[39m[2026-04-20T10:06:31.456Z] [ERROR   ] [GitHub] Failed to create issue 
{"error":"403","context":{"title":"Fail","owner":"o","repo":"r"}}

[90mstderr[2m | tests/github/github-integration.test.ts[2m > [22m[2mGitHubIntegration[2m > 
[22m[2mcreateIssue[2m > [22m[2mshould return null when no octokit
[22m[39m[2026-04-20T10:06:31.458Z] [INFO    ] [GitHub] GitHub integration using directory {"workingDir":".","effectiv
eDir":".","resolvedDir":"C:\\Users\\chris\\Desktop\\memory-journal-mcp","cwd":"C:\\Users\\chris\\Desktop\\memory-journa
l-mcp"}
[2026-04-20T10:06:31.458Z] [INFO    ] [GitHub] GitHub integration initialized without token (limited functionality)

[90mstderr[2m | tests/github/github-integration.test.ts[2m > [22m[2mGitHubIntegration[2m > 
[22m[2mcreateIssue[2m > [22m[2mshould return null when no octokit
[22m[39m[2026-04-20T10:06:31.461Z] [ERROR   ] [GitHub] Cannot create issue: GitHub API not available

[90mstderr[2m | tests/github/github-integration.test.ts[2m > [22m[2mGitHubIntegration[2m > 
[22m[2mcloseIssue[2m > [22m[2mshould close an issue
[22m[39m[2026-04-20T10:06:31.462Z] [INFO    ] [GitHub] GitHub integration using directory {"workingDir":".","effectiv
eDir":".","resolvedDir":"C:\\Users\\chris\\Desktop\\memory-journal-mcp","cwd":"C:\\Users\\chris\\Desktop\\memory-journa
l-mcp"}
[2026-04-20T10:06:31.462Z] [INFO    ] [GitHub] GitHub integration initialized without token (limited functionality)

[90mstderr[2m | tests/github/github-integration.test.ts[2m > [22m[2mGitHubIntegration[2m > 
[22m[2mcloseIssue[2m > [22m[2mshould close an issue
[22m[39m[2026-04-20T10:06:31.466Z] [INFO    ] [GitHub] Closed GitHub issue 
{"entityId":1,"context":{"owner":"o","repo":"r","hadComment":false}}

[90mstderr[2m | tests/github/github-integration.test.ts[2m > [22m[2mGitHubIntegration[2m > 
[22m[2mcloseIssue[2m > [22m[2mshould add comment before closing when provided
[22m[39m[2026-04-20T10:06:31.472Z] [INFO    ] [GitHub] GitHub integration using directory {"workingDir":".","effectiv
eDir":".","resolvedDir":"C:\\Users\\chris\\Desktop\\memory-journal-mcp","cwd":"C:\\Users\\chris\\Desktop\\memory-journa
l-mcp"}
[2026-04-20T10:06:31.473Z] [INFO    ] [GitHub] GitHub integration initialized without token (limited functionality)

[90mstderr[2m | tests/github/github-integration.test.ts[2m > [22m[2mGitHubIntegration[2m > 
[22m[2mcloseIssue[2m > [22m[2mshould add comment before closing when provided
[22m[39m[2026-04-20T10:06:31.477Z] [INFO    ] [GitHub] Closed GitHub issue 
{"entityId":1,"context":{"owner":"o","repo":"r","hadComment":true}}

[90mstderr[2m | tests/github/github-integration.test.ts[2m > [22m[2mGitHubIntegration[2m > 
[22m[2mcloseIssue[2m > [22m[2mshould return null on error
[22m[39m[2026-04-20T10:06:31.492Z] [INFO    ] [GitHub] GitHub integration using directory {"workingDir":".","effectiv
eDir":".","resolvedDir":"C:\\Users\\chris\\Desktop\\memory-journal-mcp","cwd":"C:\\Users\\chris\\Desktop\\memory-journa
l-mcp"}
[2026-04-20T10:06:31.492Z] [INFO    ] [GitHub] GitHub integration initialized without token (limited functionality)

[90mstderr[2m | tests/github/github-integration.test.ts[2m > [22m[2mGitHubIntegration[2m > 
[22m[2mcloseIssue[2m > [22m[2mshould return null on error
[22m[39m[2026-04-20T10:06:31.494Z] [ERROR   ] [GitHub] Failed to close issue {"entityId":1,"error":"fail"}

[90mstderr[2m | tests/github/github-integration.test.ts[2m > [22m[2mGitHubIntegration[2m > 
[22m[2mgetPullRequests[2m > [22m[2mshould return mapped PRs
[22m[39m[2026-04-20T10:06:31.496Z] [INFO    ] [GitHub] GitHub integration using directory {"workingDir":".","effectiv
eDir":".","resolvedDir":"C:\\Users\\chris\\Desktop\\memory-journal-mcp","cwd":"C:\\Users\\chris\\Desktop\\memory-journa
l-mcp"}
[2026-04-20T10:06:31.497Z] [INFO    ] [GitHub] GitHub integration initialized without token (limited functionality)

[90mstderr[2m | tests/github/github-integration.test.ts[2m > [22m[2mGitHubIntegration[2m > 
[22m[2mgetPullRequests[2m > [22m[2mshould return empty when no octokit
[22m[39m[2026-04-20T10:06:31.500Z] [INFO    ] [GitHub] GitHub integration using directory {"workingDir":".","effectiv
eDir":".","resolvedDir":"C:\\Users\\chris\\Desktop\\memory-journal-mcp","cwd":"C:\\Users\\chris\\Desktop\\memory-journa
l-mcp"}
[2026-04-20T10:06:31.501Z] [INFO    ] [GitHub] GitHub integration initialized without token (limited functionality)

[90mstderr[2m | tests/github/github-integration.test.ts[2m > [22m[2mGitHubIntegration[2m > 
[22m[2mgetPullRequest[2m > [22m[2mshould return PR details
[22m[39m[2026-04-20T10:06:31.503Z] [INFO    ] [GitHub] GitHub integration using directory {"workingDir":".","effectiv
eDir":".","resolvedDir":"C:\\Users\\chris\\Desktop\\memory-journal-mcp","cwd":"C:\\Users\\chris\\Desktop\\memory-journa
l-mcp"}
[2026-04-20T10:06:31.503Z] [INFO    ] [GitHub] GitHub integration initialized without token (limited functionality)

[90mstderr[2m | tests/github/github-integration.test.ts[2m > [22m[2mGitHubIntegration[2m > 
[22m[2mgetPullRequest[2m > [22m[2mshould handle error
[22m[39m[2026-04-20T10:06:31.507Z] [INFO    ] [GitHub] GitHub integration using directory {"workingDir":".","effectiv
eDir":".","resolvedDir":"C:\\Users\\chris\\Desktop\\memory-journal-mcp","cwd":"C:\\Users\\chris\\Desktop\\memory-journa
l-mcp"}
[2026-04-20T10:06:31.507Z] [INFO    ] [GitHub] GitHub integration initialized without token (limited functionality)

[90mstderr[2m | tests/github/github-integration.test.ts[2m > [22m[2mGitHubIntegration[2m > 
[22m[2mgetPullRequest[2m > [22m[2mshould handle error
[22m[39m[2026-04-20T10:06:31.508Z] [ERROR   ] [GitHub] Failed to get PR details {"entityId":999,"error":"Not found"}

[90mstderr[2m | tests/github/github-integration.test.ts[2m > [22m[2mGitHubIntegration[2m > 
[22m[2mgetWorkflowRuns[2m > [22m[2mshould return mapped workflow runs
[22m[39m[2026-04-20T10:06:31.510Z] [INFO    ] [GitHub] GitHub integration using directory {"workingDir":".","effectiv
eDir":".","resolvedDir":"C:\\Users\\chris\\Desktop\\memory-journal-mcp","cwd":"C:\\Users\\chris\\Desktop\\memory-journa
l-mcp"}
[2026-04-20T10:06:31.510Z] [INFO    ] [GitHub] GitHub integration initialized without token (limited functionality)

[90mstderr[2m | tests/github/github-integration.test.ts[2m > [22m[2mGitHubIntegration[2m > 
[22m[2mgetWorkflowRuns[2m > [22m[2mshould return empty when no octokit
[22m[39m[2026-04-20T10:06:31.512Z] [INFO    ] [GitHub] GitHub integration using directory {"workingDir":".","effectiv
eDir":".","resolvedDir":"C:\\Users\\chris\\Desktop\\memory-journal-mcp","cwd":"C:\\Users\\chris\\Desktop\\memory-journa
l-mcp"}
[2026-04-20T10:06:31.512Z] [INFO    ] [GitHub] GitHub integration initialized without token (limited functionality)

[90mstderr[2m | tests/github/github-integration.test.ts[2m > [22m[2mGitHubIntegration[2m > 
[22m[2mgetRepoContext[2m > [22m[2mshould aggregate repo info, issues, PRs, workflows, milestones
[22m[39m[2026-04-20T10:06:31.514Z] [INFO    ] [GitHub] GitHub integration using directory {"workingDir":".","effectiv
eDir":".","resolvedDir":"C:\\Users\\chris\\Desktop\\memory-journal-mcp","cwd":"C:\\Users\\chris\\Desktop\\memory-journa
l-mcp"}
[2026-04-20T10:06:31.514Z] [INFO    ] [GitHub] GitHub integration initialized without token (limited functionality)

[90mstderr[2m | tests/github/github-integration.test.ts[2m > [22m[2mGitHubIntegration[2m > 
[22m[2mgetRepoContext[2m > [22m[2mshould handle missing owner/repo
[22m[39m[2026-04-20T10:06:31.549Z] [INFO    ] [GitHub] GitHub integration using directory {"workingDir":".","effectiv
eDir":".","resolvedDir":"C:\\Users\\chris\\Desktop\\memory-journal-mcp","cwd":"C:\\Users\\chris\\Desktop\\memory-journa
l-mcp"}
[2026-04-20T10:06:31.549Z] [INFO    ] [GitHub] GitHub integration initialized without token (limited functionality)

[90mstderr[2m | tests/github/github-integration.test.ts[2m > [22m[2mGitHubIntegration[2m > 
[22m[2mgetMilestones[2m > [22m[2mshould return mapped milestones
[22m[39m[2026-04-20T10:06:31.552Z] [INFO    ] [GitHub] GitHub integration using directory {"workingDir":".","effectiv
eDir":".","resolvedDir":"C:\\Users\\chris\\Desktop\\memory-journal-mcp","cwd":"C:\\Users\\chris\\Desktop\\memory-journa
l-mcp"}
[2026-04-20T10:06:31.552Z] [INFO    ] [GitHub] GitHub integration initialized without token (limited functionality)

[90mstderr[2m | tests/github/github-integration.test.ts[2m > [22m[2mGitHubIntegration[2m > 
[22m[2mgetMilestones[2m > [22m[2mshould return empty when no octokit
[22m[39m[2026-04-20T10:06:31.555Z] [INFO    ] [GitHub] GitHub integration using directory {"workingDir":".","effectiv
eDir":".","resolvedDir":"C:\\Users\\chris\\Desktop\\memory-journal-mcp","cwd":"C:\\Users\\chris\\Desktop\\memory-journa
l-mcp"}
[2026-04-20T10:06:31.555Z] [INFO    ] [GitHub] GitHub integration initialized without token (limited functionality)

[90mstderr[2m | tests/github/github-integration.test.ts[2m > [22m[2mGitHubIntegration[2m > 
[22m[2mgetMilestone[2m > [22m[2mshould return single milestone
[22m[39m[2026-04-20T10:06:31.557Z] [INFO    ] [GitHub] GitHub integration using directory {"workingDir":".","effectiv
eDir":".","resolvedDir":"C:\\Users\\chris\\Desktop\\memory-journal-mcp","cwd":"C:\\Users\\chris\\Desktop\\memory-journa
l-mcp"}
[2026-04-20T10:06:31.558Z] [INFO    ] [GitHub] GitHub integration initialized without token (limited functionality)

[90mstderr[2m | tests/github/github-integration.test.ts[2m > [22m[2mGitHubIntegration[2m > 
[22m[2mgetMilestone[2m > [22m[2mshould handle error
[22m[39m[2026-04-20T10:06:31.561Z] [INFO    ] [GitHub] GitHub integration using directory {"workingDir":".","effectiv
eDir":".","resolvedDir":"C:\\Users\\chris\\Desktop\\memory-journal-mcp","cwd":"C:\\Users\\chris\\Desktop\\memory-journa
l-mcp"}
[2026-04-20T10:06:31.561Z] [INFO    ] [GitHub] GitHub integration initialized without token (limited functionality)

[90mstderr[2m | tests/github/github-integration.test.ts[2m > [22m[2mGitHubIntegration[2m > 
[22m[2mgetMilestone[2m > [22m[2mshould handle error
[22m[39m[2026-04-20T10:06:31.563Z] [ERROR   ] [GitHub] Failed to get milestone {"entityId":999,"error":"Not found"}

[90mstderr[2m | tests/github/github-integration.test.ts[2m > [22m[2mGitHubIntegration[2m > 
[22m[2mcreateMilestone[2m > [22m[2mshould create and return milestone
[22m[39m[2026-04-20T10:06:31.564Z] [INFO    ] [GitHub] GitHub integration using directory {"workingDir":".","effectiv
eDir":".","resolvedDir":"C:\\Users\\chris\\Desktop\\memory-journal-mcp","cwd":"C:\\Users\\chris\\Desktop\\memory-journa
l-mcp"}
[2026-04-20T10:06:31.564Z] [INFO    ] [GitHub] GitHub integration initialized without token (limited functionality)

[90mstderr[2m | tests/github/github-integration.test.ts[2m > [22m[2mGitHubIntegration[2m > 
[22m[2mcreateMilestone[2m > [22m[2mshould create and return milestone
[22m[39m[2026-04-20T10:06:31.566Z] [INFO    ] [GitHub] Created GitHub milestone 
{"entityId":3,"context":{"title":"v2.0","owner":"o","repo":"r"}}

[90mstderr[2m | tests/github/github-integration.test.ts[2m > [22m[2mGitHubIntegration[2m > 
[22m[2mcreateMilestone[2m > [22m[2mshould return null when no octokit
[22m[39m[2026-04-20T10:06:31.567Z] [INFO    ] [GitHub] GitHub integration using directory {"workingDir":".","effectiv
eDir":".","resolvedDir":"C:\\Users\\chris\\Desktop\\memory-journal-mcp","cwd":"C:\\Users\\chris\\Desktop\\memory-journa
l-mcp"}
[2026-04-20T10:06:31.567Z] [INFO    ] [GitHub] GitHub integration initialized without token (limited functionality)

[90mstderr[2m | tests/handlers/prompt-handlers.test.ts[2m > [22m[2mPrompt Handlers
[22m[39m[2026-04-20T10:06:31.532Z] [INFO    ] [NativeConnectionManager] sqlite-vec extension loaded
[2026-04-20T10:06:31.568Z] [INFO    ] [NativeConnectionManager] Native database opened {"dbPath":"./test-prompts.db"}

[90mstderr[2m | tests/github/github-integration.test.ts[2m > [22m[2mGitHubIntegration[2m > 
[22m[2mcreateMilestone[2m > [22m[2mshould return null when no octokit
[22m[39m[2026-04-20T10:06:31.569Z] [ERROR   ] [GitHub] Cannot create milestone: GitHub API not available

[90mstderr[2m | tests/github/github-integration.test.ts[2m > [22m[2mGitHubIntegration[2m > 
[22m[2mupdateMilestone[2m > [22m[2mshould update and return milestone
[22m[39m[2026-04-20T10:06:31.570Z] [INFO    ] [GitHub] GitHub integration using directory {"workingDir":".","effectiv
eDir":".","resolvedDir":"C:\\Users\\chris\\Desktop\\memory-journal-mcp","cwd":"C:\\Users\\chris\\Desktop\\memory-journa
l-mcp"}
[2026-04-20T10:06:31.570Z] [INFO    ] [GitHub] GitHub integration initialized without token (limited functionality)

[90mstderr[2m | tests/github/github-integration.test.ts[2m > [22m[2mGitHubIntegration[2m > 
[22m[2mupdateMilestone[2m > [22m[2mshould update and return milestone
[22m[39m[2026-04-20T10:06:31.573Z] [INFO    ] [GitHub] Updated GitHub milestone 
{"entityId":1,"context":{"owner":"o","repo":"r","updates":["title","state"]}}

[90mstderr[2m | tests/github/github-integration.test.ts[2m > [22m[2mGitHubIntegration[2m > 
[22m[2mupdateMilestone[2m > [22m[2mshould return null when no octokit
[22m[39m[2026-04-20T10:06:31.575Z] [INFO    ] [GitHub] GitHub integration using directory {"workingDir":".","effectiv
eDir":".","resolvedDir":"C:\\Users\\chris\\Desktop\\memory-journal-mcp","cwd":"C:\\Users\\chris\\Desktop\\memory-journa
l-mcp"}
[2026-04-20T10:06:31.575Z] [INFO    ] [GitHub] GitHub integration initialized without token (limited functionality)

[90mstderr[2m | tests/github/github-integration.test.ts[2m > [22m[2mGitHubIntegration[2m > 
[22m[2mupdateMilestone[2m > [22m[2mshould return null when no octokit
[22m[39m[2026-04-20T10:06:31.577Z] [ERROR   ] [GitHub] Cannot update milestone: GitHub API not available

[90mstderr[2m | tests/github/github-integration.test.ts[2m > [22m[2mGitHubIntegration[2m > 
[22m[2mdeleteMilestone[2m > [22m[2mshould delete successfully
[22m[39m[2026-04-20T10:06:31.579Z] [INFO    ] [GitHub] GitHub integration using directory {"workingDir":".","effectiv
eDir":".","resolvedDir":"C:\\Users\\chris\\Desktop\\memory-journal-mcp","cwd":"C:\\Users\\chris\\Desktop\\memory-journa
l-mcp"}
[2026-04-20T10:06:31.579Z] [INFO    ] [GitHub] GitHub integration initialized without token (limited functionality)

[90mstderr[2m | tests/github/github-integration.test.ts[2m > [22m[2mGitHubIntegration[2m > 
[22m[2mdeleteMilestone[2m > [22m[2mshould delete successfully
[22m[39m[2026-04-20T10:06:31.581Z] [INFO    ] [GitHub] Deleted GitHub milestone 
{"entityId":1,"context":{"owner":"o","repo":"r"}}

[90mstderr[2m | tests/github/github-integration.test.ts[2m > [22m[2mGitHubIntegration[2m > 
[22m[2mdeleteMilestone[2m > [22m[2mshould return error on failure
[22m[39m[2026-04-20T10:06:31.582Z] [INFO    ] [GitHub] GitHub integration using directory {"workingDir":".","effectiv
eDir":".","resolvedDir":"C:\\Users\\chris\\Desktop\\memory-journal-mcp","cwd":"C:\\Users\\chris\\Desktop\\memory-journa
l-mcp"}
[2026-04-20T10:06:31.582Z] [INFO    ] [GitHub] GitHub integration initialized without token (limited functionality)

[90mstderr[2m | tests/github/github-integration.test.ts[2m > [22m[2mGitHubIntegration[2m > 
[22m[2mdeleteMilestone[2m > [22m[2mshould return error on failure
[22m[39m[2026-04-20T10:06:31.584Z] [ERROR   ] [GitHub] Failed to delete milestone {"entityId":1,"error":"Forbidden"}

[90mstderr[2m | tests/github/github-integration.test.ts[2m > [22m[2mGitHubIntegration[2m > 
[22m[2mdeleteMilestone[2m > [22m[2mshould return error when no octokit
[22m[39m[2026-04-20T10:06:31.585Z] [INFO    ] [GitHub] GitHub integration using directory {"workingDir":".","effectiv
eDir":".","resolvedDir":"C:\\Users\\chris\\Desktop\\memory-journal-mcp","cwd":"C:\\Users\\chris\\Desktop\\memory-journa
l-mcp"}
[2026-04-20T10:06:31.585Z] [INFO    ] [GitHub] GitHub integration initialized without token (limited functionality)

[90mstderr[2m | tests/github/github-integration.test.ts[2m > [22m[2mGitHubIntegration[2m > 
[22m[2mgetProjectKanban[2m > [22m[2mshould return null when no graphql
[22m[39m[2026-04-20T10:06:31.588Z] [INFO    ] [GitHub] GitHub integration using directory {"workingDir":".","effectiv
eDir":".","resolvedDir":"C:\\Users\\chris\\Desktop\\memory-journal-mcp","cwd":"C:\\Users\\chris\\Desktop\\memory-journa
l-mcp"}
[2026-04-20T10:06:31.588Z] [INFO    ] [GitHub] GitHub integration initialized without token (limited functionality)

[90mstderr[2m | tests/github/github-integration.test.ts[2m > [22m[2mGitHubIntegration[2m > 
[22m[2mgetProjectKanban[2m > [22m[2mshould search user projects first
[22m[39m[2026-04-20T10:06:31.597Z] [INFO    ] [GitHub] GitHub integration using directory {"workingDir":".","effectiv
eDir":".","resolvedDir":"C:\\Users\\chris\\Desktop\\memory-journal-mcp","cwd":"C:\\Users\\chris\\Desktop\\memory-journa
l-mcp"}
[2026-04-20T10:06:31.598Z] [INFO    ] [GitHub] GitHub integration initialized without token (limited functionality)

[90mstderr[2m | tests/github/github-integration.test.ts[2m > [22m[2mGitHubIntegration[2m > 
[22m[2mgetProjectKanban[2m > [22m[2mshould search user projects first
[22m[39m[2026-04-20T10:06:31.602Z] [INFO    ] [GitHub] Fetched Kanban board 
{"entityId":1,"context":{"columns":2,"items":1,"source":"user","truncated":false}}

[90mstderr[2m | tests/github/github-integration.test.ts[2m > [22m[2mGitHubIntegration[2m > 
[22m[2mgetProjectKanban[2m > [22m[2mshould fall back to repo then org projects
[22m[39m[2026-04-20T10:06:31.605Z] [INFO    ] [GitHub] GitHub integration using directory {"workingDir":".","effectiv
eDir":".","resolvedDir":"C:\\Users\\chris\\Desktop\\memory-journal-mcp","cwd":"C:\\Users\\chris\\Desktop\\memory-journa
l-mcp"}
[2026-04-20T10:06:31.605Z] [INFO    ] [GitHub] GitHub integration initialized without token (limited functionality)

[90mstderr[2m | tests/github/github-integration.test.ts[2m > [22m[2mGitHubIntegration[2m > 
[22m[2mgetProjectKanban[2m > [22m[2mshould fall back to repo then org projects
[22m[39m[2026-04-20T10:06:31.608Z] [WARNING ] [GitHub] Project not found {"entityId":99}

[90mstderr[2m | tests/github/github-integration.test.ts[2m > [22m[2mGitHubIntegration[2m > 
[22m[2mmoveProjectItem[2m > [22m[2mshould return success on mutation
[22m[39m[2026-04-20T10:06:31.610Z] [INFO    ] [GitHub] GitHub integration using directory {"workingDir":".","effectiv
eDir":".","resolvedDir":"C:\\Users\\chris\\Desktop\\memory-journal-mcp","cwd":"C:\\Users\\chris\\Desktop\\memory-journa
l-mcp"}
[2026-04-20T10:06:31.610Z] [INFO    ] [GitHub] GitHub integration initialized without token (limited functionality)

[90mstderr[2m | tests/github/github-integration.test.ts[2m > [22m[2mGitHubIntegration[2m > 
[22m[2mmoveProjectItem[2m > [22m[2mshould return success on mutation
[22m[39m[2026-04-20T10:06:31.613Z] [INFO    ] [GitHub] Moved project item 
{"entityId":"ITEM_1","context":{"targetStatus":"OPT_DONE"}}

[90mstderr[2m | tests/github/github-integration.test.ts[2m > [22m[2mGitHubIntegration[2m > 
[22m[2mmoveProjectItem[2m > [22m[2mshould return error when no graphql
[22m[39m[2026-04-20T10:06:31.614Z] [INFO    ] [GitHub] GitHub integration using directory {"workingDir":".","effectiv
eDir":".","resolvedDir":"C:\\Users\\chris\\Desktop\\memory-journal-mcp","cwd":"C:\\Users\\chris\\Desktop\\memory-journa
l-mcp"}
[2026-04-20T10:06:31.614Z] [INFO    ] [GitHub] GitHub integration initialized without token (limited functionality)

[90mstderr[2m | tests/github/github-integration.test.ts[2m > [22m[2mGitHubIntegration[2m > 
[22m[2mmoveProjectItem[2m > [22m[2mshould handle mutation error
[22m[39m[2026-04-20T10:06:31.650Z] [INFO    ] [GitHub] GitHub integration using directory {"workingDir":".","effectiv
eDir":".","resolvedDir":"C:\\Users\\chris\\Desktop\\memory-journal-mcp","cwd":"C:\\Users\\chris\\Desktop\\memory-journa
l-mcp"}
[2026-04-20T10:06:31.650Z] [INFO    ] [GitHub] GitHub integration initialized without token (limited functionality)

[90mstderr[2m | tests/handlers/prompt-handlers.test.ts[2m > [22m[2mPrompt Handlers
[22m[39m[2026-04-20T10:06:31.624Z] [INFO    ] [NativeConnectionManager] sqlite-vec extension loaded
[2026-04-20T10:06:31.663Z] [INFO    ] [NativeConnectionManager] Native database opened 
{"dbPath":"./test-team-prompts.db"}

[90mstderr[2m | tests/github/github-integration.test.ts[2m > [22m[2mGitHubIntegration[2m > 
[22m[2mmoveProjectItem[2m > [22m[2mshould handle mutation error
[22m[39m[2026-04-20T10:06:31.654Z] [ERROR   ] [GitHub] Failed to move project item {"entityId":"I","error":"Mutation 
failed"}

[90mstderr[2m | tests/handlers/prompt-handlers.test.ts[2m > [22m[2mPrompt Handlers
[22m[39m[2026-04-20T10:06:31.665Z] [INFO    ] [NativeConnectionManager] Team schema migrated 
{"dbPath":"./test-team-prompts.db","columnsAdded":["author"]}

[90mstderr[2m | tests/github/github-integration.test.ts[2m > [22m[2mGitHubIntegration[2m > 
[22m[2maddProjectItem[2m > [22m[2mshould add item and return itemId
[22m[39m[2026-04-20T10:06:31.725Z] [INFO    ] [GitHub] GitHub integration using directory {"workingDir":".","effectiv
eDir":".","resolvedDir":"C:\\Users\\chris\\Desktop\\memory-journal-mcp","cwd":"C:\\Users\\chris\\Desktop\\memory-journa
l-mcp"}
[2026-04-20T10:06:31.726Z] [INFO    ] [GitHub] GitHub integration initialized without token (limited functionality)

[90mstderr[2m | tests/github/github-integration.test.ts[2m > [22m[2mGitHubIntegration[2m > 
[22m[2maddProjectItem[2m > [22m[2mshould add item and return itemId
[22m[39m[2026-04-20T10:06:31.730Z] [INFO    ] [GitHub] Added item to project 
{"context":{"projectId":"PVT_1","contentId":"NODE_1","itemId":"PVTITEM_NEW"}}

[90mstderr[2m | tests/github/github-integration.test.ts[2m > [22m[2mGitHubIntegration[2m > 
[22m[2maddProjectItem[2m > [22m[2mshould return error when no graphql
[22m[39m[2026-04-20T10:06:31.732Z] [INFO    ] [GitHub] GitHub integration using directory {"workingDir":".","effectiv
eDir":".","resolvedDir":"C:\\Users\\chris\\Desktop\\memory-journal-mcp","cwd":"C:\\Users\\chris\\Desktop\\memory-journa
l-mcp"}
[2026-04-20T10:06:31.732Z] [INFO    ] [GitHub] GitHub integration initialized without token (limited functionality)

[90mstderr[2m | tests/github/github-integration.test.ts[2m > [22m[2mGitHubIntegration[2m > 
[22m[2maddProjectItem[2m > [22m[2mshould handle error
[22m[39m[2026-04-20T10:06:31.757Z] [INFO    ] [GitHub] GitHub integration using directory {"workingDir":".","effectiv
eDir":".","resolvedDir":"C:\\Users\\chris\\Desktop\\memory-journal-mcp","cwd":"C:\\Users\\chris\\Desktop\\memory-journa
l-mcp"}
[2026-04-20T10:06:31.757Z] [INFO    ] [GitHub] GitHub integration initialized without token (limited functionality)

[90mstderr[2m | tests/github/github-integration.test.ts[2m > [22m[2mGitHubIntegration[2m > 
[22m[2maddProjectItem[2m > [22m[2mshould handle error
[22m[39m[2026-04-20T10:06:31.759Z] [ERROR   ] [GitHub] Failed to add item to project 
{"context":{"projectId":"P","contentId":"C"},"error":"Failed"}

[90mstderr[2m | tests/github/github-integration.test.ts[2m > [22m[2mGitHubIntegration[2m > 
[22m[2mgetRepoStats[2m > [22m[2mshould return repo stats
[22m[39m[2026-04-20T10:06:31.762Z] [INFO    ] [GitHub] GitHub integration using directory {"workingDir":".","effectiv
eDir":".","resolvedDir":"C:\\Users\\chris\\Desktop\\memory-journal-mcp","cwd":"C:\\Users\\chris\\Desktop\\memory-journa
l-mcp"}
[2026-04-20T10:06:31.763Z] [INFO    ] [GitHub] GitHub integration initialized without token (limited functionality)

[90mstderr[2m | tests/github/github-integration.test.ts[2m > [22m[2mGitHubIntegration[2m > 
[22m[2mgetRepoStats[2m > [22m[2mshould return null without octokit
[22m[39m[2026-04-20T10:06:31.784Z] [INFO    ] [GitHub] GitHub integration using directory {"workingDir":".","effectiv
eDir":".","resolvedDir":"C:\\Users\\chris\\Desktop\\memory-journal-mcp","cwd":"C:\\Users\\chris\\Desktop\\memory-journa
l-mcp"}
[2026-04-20T10:06:31.790Z] [INFO    ] [GitHub] GitHub integration initialized without token (limited functionality)

[90mstderr[2m | tests/github/github-integration.test.ts[2m > [22m[2mGitHubIntegration[2m > 
[22m[2mgetRepoStats[2m > [22m[2mshould return null without octokit
[22m[39m[2026-04-20T10:06:31.792Z] [INFO    ] [GitHub] GitHub integration using directory {"workingDir":".","effectiv
eDir":".","resolvedDir":"C:\\Users\\chris\\Desktop\\memory-journal-mcp","cwd":"C:\\Users\\chris\\Desktop\\memory-journa
l-mcp"}
[2026-04-20T10:06:31.792Z] [INFO    ] [GitHub] GitHub integration initialized without token (limited functionality)

[90mstderr[2m | tests/github/github-integration.test.ts[2m > [22m[2mGitHubIntegration[2m > 
[22m[2mgetRepoStats[2m > [22m[2mshould return null on API error
[22m[39m[2026-04-20T10:06:31.793Z] [INFO    ] [GitHub] GitHub integration using directory {"workingDir":".","effectiv
eDir":".","resolvedDir":"C:\\Users\\chris\\Desktop\\memory-journal-mcp","cwd":"C:\\Users\\chris\\Desktop\\memory-journa
l-mcp"}
[2026-04-20T10:06:31.793Z] [INFO    ] [GitHub] GitHub integration initialized without token (limited functionality)

[90mstderr[2m | tests/github/github-integration.test.ts[2m > [22m[2mGitHubIntegration[2m > 
[22m[2mgetRepoStats[2m > [22m[2mshould return null on API error
[22m[39m[2026-04-20T10:06:31.794Z] [ERROR   ] [GitHub] Failed to get repo stats {"error":"Not 
found","context":{"owner":"o","repo":"r"}}

[90mstderr[2m | tests/github/github-integration.test.ts[2m > [22m[2mGitHubIntegration[2m > 
[22m[2mgetRepoStats[2m > [22m[2mshould cache results with extended TTL
[22m[39m[2026-04-20T10:06:31.795Z] [INFO    ] [GitHub] GitHub integration using directory {"workingDir":".","effectiv
eDir":".","resolvedDir":"C:\\Users\\chris\\Desktop\\memory-journal-mcp","cwd":"C:\\Users\\chris\\Desktop\\memory-journa
l-mcp"}
[2026-04-20T10:06:31.795Z] [INFO    ] [GitHub] GitHub integration initialized without token (limited functionality)

[90mstderr[2m | tests/github/github-integration.test.ts[2m > [22m[2mGitHubIntegration[2m > 
[22m[2mgetTrafficData[2m > [22m[2mshould return aggregated traffic data
[22m[39m[2026-04-20T10:06:31.798Z] [INFO    ] [GitHub] GitHub integration using directory {"workingDir":".","effectiv
eDir":".","resolvedDir":"C:\\Users\\chris\\Desktop\\memory-journal-mcp","cwd":"C:\\Users\\chris\\Desktop\\memory-journa
l-mcp"}
[2026-04-20T10:06:31.798Z] [INFO    ] [GitHub] GitHub integration initialized without token (limited functionality)

[90mstderr[2m | tests/github/github-integration.test.ts[2m > [22m[2mGitHubIntegration[2m > 
[22m[2mgetTrafficData[2m > [22m[2mshould return null without octokit
[22m[39m[2026-04-20T10:06:31.800Z] [INFO    ] [GitHub] GitHub integration using directory {"workingDir":".","effectiv
eDir":".","resolvedDir":"C:\\Users\\chris\\Desktop\\memory-journal-mcp","cwd":"C:\\Users\\chris\\Desktop\\memory-journa
l-mcp"}
[2026-04-20T10:06:31.800Z] [INFO    ] [GitHub] GitHub integration initialized without token (limited functionality)

[90mstderr[2m | tests/github/github-integration.test.ts[2m > [22m[2mGitHubIntegration[2m > 
[22m[2mgetTrafficData[2m > [22m[2mshould return null without octokit
[22m[39m[2026-04-20T10:06:31.801Z] [INFO    ] [GitHub] GitHub integration using directory {"workingDir":".","effectiv
eDir":".","resolvedDir":"C:\\Users\\chris\\Desktop\\memory-journal-mcp","cwd":"C:\\Users\\chris\\Desktop\\memory-journa
l-mcp"}
[2026-04-20T10:06:31.801Z] [INFO    ] [GitHub] GitHub integration initialized without token (limited functionality)

[90mstderr[2m | tests/github/github-integration.test.ts[2m > [22m[2mGitHubIntegration[2m > 
[22m[2mgetTrafficData[2m > [22m[2mshould return null on API error
[22m[39m[2026-04-20T10:06:31.802Z] [INFO    ] [GitHub] GitHub integration using directory {"workingDir":".","effectiv
eDir":".","resolvedDir":"C:\\Users\\chris\\Desktop\\memory-journal-mcp","cwd":"C:\\Users\\chris\\Desktop\\memory-journa
l-mcp"}
[2026-04-20T10:06:31.802Z] [INFO    ] [GitHub] GitHub integration initialized without token (limited functionality)

[90mstderr[2m | tests/github/github-integration.test.ts[2m > [22m[2mGitHubIntegration[2m > 
[22m[2mgetTrafficData[2m > [22m[2mshould return null on API error
[22m[39m[2026-04-20T10:06:31.805Z] [ERROR   ] [GitHub] Failed to get traffic data 
{"error":"Forbidden","context":{"owner":"o","repo":"r"}}

[90mstderr[2m | tests/github/github-integration.test.ts[2m > [22m[2mGitHubIntegration[2m > 
[22m[2mgetTrafficData[2m > [22m[2mshould handle zero days gracefully
[22m[39m[2026-04-20T10:06:31.807Z] [INFO    ] [GitHub] GitHub integration using directory {"workingDir":".","effectiv
eDir":".","resolvedDir":"C:\\Users\\chris\\Desktop\\memory-journal-mcp","cwd":"C:\\Users\\chris\\Desktop\\memory-journa
l-mcp"}
[2026-04-20T10:06:31.807Z] [INFO    ] [GitHub] GitHub integration initialized without token (limited functionality)

[90mstderr[2m | tests/github/github-integration.test.ts[2m > [22m[2mGitHubIntegration[2m > 
[22m[2mgetTopReferrers[2m > [22m[2mshould return referrer list
[22m[39m[2026-04-20T10:06:31.812Z] [INFO    ] [GitHub] GitHub integration using directory {"workingDir":".","effectiv
eDir":".","resolvedDir":"C:\\Users\\chris\\Desktop\\memory-journal-mcp","cwd":"C:\\Users\\chris\\Desktop\\memory-journa
l-mcp"}
[2026-04-20T10:06:31.813Z] [INFO    ] [GitHub] GitHub integration initialized without token (limited functionality)

[90mstderr[2m | tests/github/github-integration.test.ts[2m > [22m[2mGitHubIntegration[2m > 
[22m[2mgetTopReferrers[2m > [22m[2mshould respect limit parameter
[22m[39m[2026-04-20T10:06:31.815Z] [INFO    ] [GitHub] GitHub integration using directory {"workingDir":".","effectiv
eDir":".","resolvedDir":"C:\\Users\\chris\\Desktop\\memory-journal-mcp","cwd":"C:\\Users\\chris\\Desktop\\memory-journa
l-mcp"}
[2026-04-20T10:06:31.815Z] [INFO    ] [GitHub] GitHub integration initialized without token (limited functionality)

[90mstderr[2m | tests/github/github-integration.test.ts[2m > [22m[2mGitHubIntegration[2m > 
[22m[2mgetTopReferrers[2m > [22m[2mshould return empty array without octokit
[22m[39m[2026-04-20T10:06:31.818Z] [INFO    ] [GitHub] GitHub integration using directory {"workingDir":".","effectiv
eDir":".","resolvedDir":"C:\\Users\\chris\\Desktop\\memory-journal-mcp","cwd":"C:\\Users\\chris\\Desktop\\memory-journa
l-mcp"}
[2026-04-20T10:06:31.818Z] [INFO    ] [GitHub] GitHub integration initialized without token (limited functionality)

[90mstderr[2m | tests/github/github-integration.test.ts[2m > [22m[2mGitHubIntegration[2m > 
[22m[2mgetTopReferrers[2m > [22m[2mshould return empty array without octokit
[22m[39m[2026-04-20T10:06:31.819Z] [INFO    ] [GitHub] GitHub integration using directory {"workingDir":".","effectiv
eDir":".","resolvedDir":"C:\\Users\\chris\\Desktop\\memory-journal-mcp","cwd":"C:\\Users\\chris\\Desktop\\memory-journa
l-mcp"}
[2026-04-20T10:06:31.819Z] [INFO    ] [GitHub] GitHub integration initialized without token (limited functionality)

[90mstderr[2m | tests/github/github-integration.test.ts[2m > [22m[2mGitHubIntegration[2m > 
[22m[2mgetTopReferrers[2m > [22m[2mshould return empty array on error
[22m[39m[2026-04-20T10:06:31.820Z] [INFO    ] [GitHub] GitHub integration using directory {"workingDir":".","effectiv
eDir":".","resolvedDir":"C:\\Users\\chris\\Desktop\\memory-journal-mcp","cwd":"C:\\Users\\chris\\Desktop\\memory-journa
l-mcp"}
[2026-04-20T10:06:31.820Z] [INFO    ] [GitHub] GitHub integration initialized without token (limited functionality)

[90mstderr[2m | tests/github/github-integration.test.ts[2m > [22m[2mGitHubIntegration[2m > 
[22m[2mgetTopReferrers[2m > [22m[2mshould return empty array on error
[22m[39m[2026-04-20T10:06:31.821Z] [ERROR   ] [GitHub] Failed to get top referrers 
{"error":"Forbidden","context":{"owner":"o","repo":"r"}}

[90mstderr[2m | tests/github/github-integration.test.ts[2m > [22m[2mGitHubIntegration[2m > 
[22m[2mgetPopularPaths[2m > [22m[2mshould return popular paths
[22m[39m[2026-04-20T10:06:31.823Z] [INFO    ] [GitHub] GitHub integration using directory {"workingDir":".","effectiv
eDir":".","resolvedDir":"C:\\Users\\chris\\Desktop\\memory-journal-mcp","cwd":"C:\\Users\\chris\\Desktop\\memory-journa
l-mcp"}
[2026-04-20T10:06:31.823Z] [INFO    ] [GitHub] GitHub integration initialized without token (limited functionality)

[90mstderr[2m | tests/github/github-integration.test.ts[2m > [22m[2mGitHubIntegration[2m > 
[22m[2mgetPopularPaths[2m > [22m[2mshould respect limit parameter
[22m[39m[2026-04-20T10:06:31.827Z] [INFO    ] [GitHub] GitHub integration using directory {"workingDir":".","effectiv
eDir":".","resolvedDir":"C:\\Users\\chris\\Desktop\\memory-journal-mcp","cwd":"C:\\Users\\chris\\Desktop\\memory-journa
l-mcp"}
[2026-04-20T10:06:31.827Z] [INFO    ] [GitHub] GitHub integration initialized without token (limited functionality)

[90mstderr[2m | tests/github/github-integration.test.ts[2m > [22m[2mGitHubIntegration[2m > 
[22m[2mgetPopularPaths[2m > [22m[2mshould return empty array without octokit
[22m[39m[2026-04-20T10:06:31.829Z] [INFO    ] [GitHub] GitHub integration using directory {"workingDir":".","effectiv
eDir":".","resolvedDir":"C:\\Users\\chris\\Desktop\\memory-journal-mcp","cwd":"C:\\Users\\chris\\Desktop\\memory-journa
l-mcp"}
[2026-04-20T10:06:31.829Z] [INFO    ] [GitHub] GitHub integration initialized without token (limited functionality)

[90mstderr[2m | tests/github/github-integration.test.ts[2m > [22m[2mGitHubIntegration[2m > 
[22m[2mgetPopularPaths[2m > [22m[2mshould return empty array without octokit
[22m[39m[2026-04-20T10:06:31.830Z] [INFO    ] [GitHub] GitHub integration using directory {"workingDir":".","effectiv
eDir":".","resolvedDir":"C:\\Users\\chris\\Desktop\\memory-journal-mcp","cwd":"C:\\Users\\chris\\Desktop\\memory-journa
l-mcp"}
[2026-04-20T10:06:31.831Z] [INFO    ] [GitHub] GitHub integration initialized without token (limited functionality)

[90mstderr[2m | tests/github/github-integration.test.ts[2m > [22m[2mGitHubIntegration[2m > 
[22m[2mgetPopularPaths[2m > [22m[2mshould return empty array on error
[22m[39m[2026-04-20T10:06:31.832Z] [INFO    ] [GitHub] GitHub integration using directory {"workingDir":".","effectiv
eDir":".","resolvedDir":"C:\\Users\\chris\\Desktop\\memory-journal-mcp","cwd":"C:\\Users\\chris\\Desktop\\memory-journa
l-mcp"}
[2026-04-20T10:06:31.833Z] [INFO    ] [GitHub] GitHub integration initialized without token (limited functionality)

[90mstderr[2m | tests/github/github-integration.test.ts[2m > [22m[2mGitHubIntegration[2m > 
[22m[2mgetPopularPaths[2m > [22m[2mshould return empty array on error
[22m[39m[2026-04-20T10:06:31.834Z] [ERROR   ] [GitHub] Failed to get popular paths 
{"error":"Forbidden","context":{"owner":"o","repo":"r"}}

[90mstderr[2m | tests/github/github-integration.test.ts[2m > [22m[2mGitHubIntegration[2m > [22m[2mreview and 
caching wrappers[2m > [22m[2mshould call getReviews
[22m[39m[2026-04-20T10:06:31.836Z] [INFO    ] [GitHub] GitHub integration using directory {"workingDir":".","effectiv
eDir":".","resolvedDir":"C:\\Users\\chris\\Desktop\\memory-journal-mcp","cwd":"C:\\Users\\chris\\Desktop\\memory-journa
l-mcp"}
[2026-04-20T10:06:31.836Z] [INFO    ] [GitHub] GitHub integration initialized without token (limited functionality)

[90mstderr[2m | tests/github/github-integration.test.ts[2m > [22m[2mGitHubIntegration[2m > [22m[2mreview and 
caching wrappers[2m > [22m[2mshould call getReviewComments
[22m[39m[2026-04-20T10:06:31.840Z] [INFO    ] [GitHub] GitHub integration using directory {"workingDir":".","effectiv
eDir":".","resolvedDir":"C:\\Users\\chris\\Desktop\\memory-journal-mcp","cwd":"C:\\Users\\chris\\Desktop\\memory-journa
l-mcp"}
[2026-04-20T10:06:31.840Z] [INFO    ] [GitHub] GitHub integration initialized without token (limited functionality)

[90mstderr[2m | tests/github/github-integration.test.ts[2m > [22m[2mGitHubIntegration[2m > [22m[2mreview and 
caching wrappers[2m > [22m[2mshould call getCopilotReviewSummary
[22m[39m[2026-04-20T10:06:31.842Z] [INFO    ] [GitHub] GitHub integration using directory {"workingDir":".","effectiv
eDir":".","resolvedDir":"C:\\Users\\chris\\Desktop\\memory-journal-mcp","cwd":"C:\\Users\\chris\\Desktop\\memory-journa
l-mcp"}
[2026-04-20T10:06:31.842Z] [INFO    ] [GitHub] GitHub integration initialized without token (limited functionality)

[90mstderr[2m | tests/github/github-integration.test.ts[2m > [22m[2mGitHubIntegration[2m > [22m[2mreview and 
caching wrappers[2m > [22m[2mshould support setCachedRepoInfo
[22m[39m[2026-04-20T10:06:31.845Z] [INFO    ] [GitHub] GitHub integration using directory {"workingDir":".","effectiv
eDir":".","resolvedDir":"C:\\Users\\chris\\Desktop\\memory-journal-mcp","cwd":"C:\\Users\\chris\\Desktop\\memory-journa
l-mcp"}
[2026-04-20T10:06:31.845Z] [INFO    ] [GitHub] GitHub integration initialized without token (limited functionality)

 [32mΓ£ô[39m tests/github/github-integration.test.ts [2m([22m[2m73 tests[22m[2m)[22m[33m 678[2mms[22m[39m
[90mstderr[2m | tests/handlers/prompt-handlers.test.ts[2m > [22m[2mPrompt Handlers
[22m[39m[2026-04-20T10:06:31.892Z] [INFO    ] [NativeConnectionManager] Native database closed
[2026-04-20T10:06:31.909Z] [INFO    ] [NativeConnectionManager] Native database closed

 [32mΓ£ô[39m tests/handlers/prompt-handlers.test.ts [2m([22m[2m11 tests[22m[2m)[22m[33m 449[2mms[22m[39m
[90mstderr[2m | tests/handlers/resource-handler-coverage.test.ts[2m > [22m[2mResource Handler Coverage
[22m[39m[2026-04-20T10:06:32.836Z] [INFO    ] [NativeConnectionManager] sqlite-vec extension loaded
[2026-04-20T10:06:32.877Z] [INFO    ] [NativeConnectionManager] Native database opened 
{"dbPath":"./test-resource-coverage.db"}

[90mstderr[2m | tests/handlers/team-resource-handlers.test.ts[2m > [22m[2mTeam Resource Handlers
[22m[39m[2026-04-20T10:06:32.849Z] [INFO    ] [NativeConnectionManager] sqlite-vec extension loaded
[2026-04-20T10:06:32.893Z] [INFO    ] [NativeConnectionManager] Native database opened 
{"dbPath":"./test-team-resources-personal.db"}

[90mstderr[2m | tests/handlers/github-resource-handlers.test.ts[2m > [22m[2mGitHub Resource Handlers
[22m[39m[2026-04-20T10:06:32.896Z] [INFO    ] [NativeConnectionManager] sqlite-vec extension loaded
[2026-04-20T10:06:32.960Z] [INFO    ] [NativeConnectionManager] Native database opened 
{"dbPath":"./test-gh-resources.db"}

[90mstderr[2m | tests/handlers/team-resource-handlers.test.ts[2m > [22m[2mTeam Resource Handlers
[22m[39m[2026-04-20T10:06:32.940Z] [INFO    ] [NativeConnectionManager] sqlite-vec extension loaded
[2026-04-20T10:06:32.970Z] [INFO    ] [NativeConnectionManager] Native database opened 
{"dbPath":"./test-team-resources-team.db"}

[90mstderr[2m | tests/handlers/resource-handlers.test.ts[2m > [22m[2mResource Handlers
[22m[39m[2026-04-20T10:06:32.930Z] [INFO    ] [NativeConnectionManager] sqlite-vec extension loaded
[2026-04-20T10:06:32.977Z] [INFO    ] [NativeConnectionManager] Native database opened {"dbPath":"./test-resources.db"}

[90mstderr[2m | tests/handlers/team-resource-handlers.test.ts[2m > [22m[2mTeam Resource Handlers
[22m[39m[2026-04-20T10:06:32.974Z] [INFO    ] [NativeConnectionManager] Team schema migrated 
{"dbPath":"./test-team-resources-team.db","columnsAdded":["author"]}

[90mstderr[2m | tests/handlers/team-resource-handlers.test.ts[2m > [22m[2mTeam Resource Handlers
[22m[39m[2026-04-20T10:06:33.118Z] [INFO    ] [NativeConnectionManager] Native database closed
[2026-04-20T10:06:33.156Z] [INFO    ] [NativeConnectionManager] Native database closed

 [32mΓ£ô[39m tests/handlers/team-resource-handlers.test.ts [2m([22m[2m9 tests[22m[2m)[22m[33m 408[2mms[22m[39m
[90mstderr[2m | tests/handlers/resource-handler-coverage.test.ts[2m > [22m[2mResource Handler Coverage
[22m[39m[2026-04-20T10:06:33.291Z] [INFO    ] [NativeConnectionManager] Native database closed

 [32mΓ£ô[39m tests/handlers/resource-handler-coverage.test.ts [2m([22m[2m25 tests[22m[2m)[22m[33m 543[2mms[22m[39m
[90mstderr[2m | tests/handlers/github-resource-handlers.test.ts[2m > [22m[2mGitHub Resource Handlers
[22m[39m[2026-04-20T10:06:33.296Z] [INFO    ] [NativeConnectionManager] Native database closed

 [32mΓ£ô[39m tests/codemode/worker-sandbox.test.ts [2m([22m[2m14 tests[22m[2m)[22m[33m 4781[2mms[22m[39m
     [33m[2mΓ£ô[22m[39m should enforce timeout limiting [33m 396[2mms[22m[39m
     [33m[2mΓ£ô[22m[39m should handle RPC errors thrown by api bindings [33m 560[2mms[22m[39m
     [33m[2mΓ£ô[22m[39m should handle top-level unknown RPC method [33m 378[2mms[22m[39m
[90mstderr[2m | tests/handlers/resource-handlers.test.ts[2m > [22m[2mResource Handlers
[22m[39m[2026-04-20T10:06:33.308Z] [INFO    ] [NativeConnectionManager] Native database closed

 [32mΓ£ô[39m tests/handlers/github-resource-handlers.test.ts [2m([22m[2m35 tests[22m[2m)[22m[33m 530[2mms[22m[39m
 [32mΓ£ô[39m tests/handlers/resource-handlers.test.ts [2m([22m[2m29 tests[22m[2m)[22m[33m 544[2mms[22m[39m
[90mstderr[2m | tests/security/sql-injection.test.ts[2m > [22m[2mDatabaseAdapter SQL Injection Protection
[22m[39m[2026-04-20T10:06:33.609Z] [INFO    ] [NativeConnectionManager] sqlite-vec extension loaded
[2026-04-20T10:06:33.642Z] [INFO    ] [NativeConnectionManager] Native database opened {"dbPath":"./test-security.db"}

[90mstderr[2m | tests/security/sql-injection.test.ts[2m > [22m[2mDatabaseAdapter SQL Injection Protection
[22m[39m[2026-04-20T10:06:33.899Z] [INFO    ] [NativeConnectionManager] Native database closed

 [32mΓ£ô[39m tests/security/sql-injection.test.ts [2m([22m[2m22 tests[22m[2m)[22m[33m 375[2mms[22m[39m
 [32mΓ£ô[39m tests/database/crud-workflow-branches.test.ts [2m([22m[2m36 tests[22m[2m)[22m[32m 259[2mms[22m[39m
[90mstderr[2m | tests/database/digest.test.ts[2m > [22m[2mDigest Analytics
[22m[39m[2026-04-20T10:06:34.679Z] [INFO    ] [NativeConnectionManager] sqlite-vec extension loaded
[2026-04-20T10:06:34.707Z] [INFO    ] [NativeConnectionManager] Native database opened 
{"dbPath":"./test-digest-dir/test-digest.db"}

[90mstderr[2m | tests/transports/http-legacy-sse.test.ts[2m > [22m[2msetupLegacySSE[2m > [22m[2mshould 
establish SSE connection on GET /sse
[22m[39m[2026-04-20T10:06:34.732Z] [INFO    ] [HTTP] Legacy SSE connection requested

[90mstderr[2m | tests/transports/http-legacy-sse.test.ts[2m > [22m[2msetupLegacySSE[2m > [22m[2mshould 
establish SSE connection on GET /sse
[22m[39m[2026-04-20T10:06:34.743Z] [INFO    ] [HTTP] Legacy SSE connection established 
{"sessionId":"sse-test-session"}

[90mstderr[2m | tests/database/digest.test.ts[2m > [22m[2mDigest Analytics
[22m[39m[2026-04-20T10:06:34.769Z] [INFO    ] [NativeConnectionManager] Native database closed

 [32mΓ£ô[39m tests/database/digest.test.ts [2m([22m[2m5 tests[22m[2m)[22m[32m 171[2mms[22m[39m
[90mstderr[2m | tests/transports/http-legacy-sse.test.ts[2m > [22m[2msetupLegacySSE[2m > [22m[2mshould handle 
clean up on client disconnect
[22m[39m[2026-04-20T10:06:34.806Z] [INFO    ] [HTTP] Legacy SSE connection requested

[90mstderr[2m | tests/transports/http-legacy-sse.test.ts[2m > [22m[2msetupLegacySSE[2m > [22m[2mshould handle 
clean up on client disconnect
[22m[39m[2026-04-20T10:06:34.808Z] [INFO    ] [HTTP] Legacy SSE connection established 
{"sessionId":"sse-test-session"}

[90mstderr[2m | tests/transports/http-legacy-sse.test.ts[2m > [22m[2msetupLegacySSE[2m > [22m[2mshould handle 
server connect error with headersSent=false
[22m[39m[2026-04-20T10:06:34.866Z] [INFO    ] [HTTP] Legacy SSE connection requested

[90mstderr[2m | tests/transports/http-legacy-sse.test.ts[2m > [22m[2msetupLegacySSE[2m > [22m[2mshould handle 
server connect error with headersSent=false
[22m[39m[2026-04-20T10:06:34.868Z] [ERROR   ] [HTTP] Error starting SSE transport {"error":"connect error"}

 [32mΓ£ô[39m tests/transports/http-legacy-sse.test.ts [2m([22m[2m7 tests[22m[2m)[22m[32m 225[2mms[22m[39m
[90mstderr[2m | tests/auth/authorization-server-discovery.test.ts[2m > [22m[2mAuthorizationServerDiscovery[2m > 
[22m[2mconstruction[2m > [22m[2mshould create instance with URL
[22m[39m[2026-04-20T10:06:35.032Z] [INFO    ] [AUTH][init] Authorization Server Discovery initialized for: 
https://auth.example.com

[90mstderr[2m | tests/auth/authorization-server-discovery.test.ts[2m > [22m[2mAuthorizationServerDiscovery[2m > 
[22m[2mconstruction[2m > [22m[2mshould normalize URL (remove trailing slash)
[22m[39m[2026-04-20T10:06:35.041Z] [INFO    ] [AUTH][init] Authorization Server Discovery initialized for: 
https://auth.example.com

[90mstderr[2m | tests/auth/authorization-server-discovery.test.ts[2m > [22m[2mAuthorizationServerDiscovery[2m > 
[22m[2mcreateAuthServerDiscovery factory[2m > [22m[2mshould create instance
[22m[39m[2026-04-20T10:06:35.044Z] [INFO    ] [AUTH][init] Authorization Server Discovery initialized for: 
https://auth.example.com

[90mstderr[2m | tests/auth/authorization-server-discovery.test.ts[2m > [22m[2mAuthorizationServerDiscovery[2m > 
[22m[2mcreateAuthServerDiscovery factory[2m > [22m[2mshould accept options
[22m[39m[2026-04-20T10:06:35.045Z] [INFO    ] [AUTH][init] Authorization Server Discovery initialized for: 
https://auth.example.com

[90mstderr[2m | tests/auth/authorization-server-discovery.test.ts[2m > [22m[2mAuthorizationServerDiscovery[2m > 
[22m[2mdiscover[2m > [22m[2mshould fetch metadata from well-known endpoint
[22m[39m[2026-04-20T10:06:35.047Z] [INFO    ] [AUTH][init] Authorization Server Discovery initialized for: 
https://auth.example.com

[90mstderr[2m | tests/auth/authorization-server-discovery.test.ts[2m > [22m[2mAuthorizationServerDiscovery[2m > 
[22m[2mdiscover[2m > [22m[2mshould fetch metadata from well-known endpoint
[22m[39m[2026-04-20T10:06:35.049Z] [INFO    ] [AUTH][discovery] Fetching authorization server metadata from: 
https://auth.example.com/.well-known/oauth-authorization-server

[90mstderr[2m | tests/auth/authorization-server-discovery.test.ts[2m > [22m[2mAuthorizationServerDiscovery[2m > 
[22m[2mdiscover[2m > [22m[2mshould fetch metadata from well-known endpoint
[22m[39m[2026-04-20T10:06:35.062Z] [INFO    ] [AUTH][discovery-success] Authorization server metadata cached for 
3600s

[90mstderr[2m | tests/auth/authorization-server-discovery.test.ts[2m > [22m[2mAuthorizationServerDiscovery[2m > 
[22m[2mdiscover[2m > [22m[2mshould cache metadata
[22m[39m[2026-04-20T10:06:35.079Z] [INFO    ] [AUTH][init] Authorization Server Discovery initialized for: 
https://auth.example.com

[90mstderr[2m | tests/auth/authorization-server-discovery.test.ts[2m > [22m[2mAuthorizationServerDiscovery[2m > 
[22m[2mdiscover[2m > [22m[2mshould cache metadata
[22m[39m[2026-04-20T10:06:35.085Z] [INFO    ] [AUTH][discovery] Fetching authorization server metadata from: 
https://auth.example.com/.well-known/oauth-authorization-server

[90mstderr[2m | tests/auth/authorization-server-discovery.test.ts[2m > [22m[2mAuthorizationServerDiscovery[2m > 
[22m[2mdiscover[2m > [22m[2mshould cache metadata
[22m[39m[2026-04-20T10:06:35.100Z] [INFO    ] [AUTH][discovery-success] Authorization server metadata cached for 
3600s

[90mstderr[2m | tests/auth/authorization-server-discovery.test.ts[2m > [22m[2mAuthorizationServerDiscovery[2m > 
[22m[2mdiscover[2m > [22m[2mshould cache metadata
[22m[39m[2026-04-20T10:06:35.102Z] [INFO    ] [AUTH][cache-hit] Using cached authorization server metadata

[90mstderr[2m | tests/auth/authorization-server-discovery.test.ts[2m > [22m[2mAuthorizationServerDiscovery[2m > 
[22m[2mdiscover[2m > [22m[2mshould throw on HTTP error
[22m[39m[2026-04-20T10:06:35.106Z] [INFO    ] [AUTH][init] Authorization Server Discovery initialized for: 
https://auth.example.com

[90mstderr[2m | tests/auth/authorization-server-discovery.test.ts[2m > [22m[2mAuthorizationServerDiscovery[2m > 
[22m[2mdiscover[2m > [22m[2mshould throw on HTTP error
[22m[39m[2026-04-20T10:06:35.108Z] [INFO    ] [AUTH][discovery] Fetching authorization server metadata from: 
https://auth.example.com/.well-known/oauth-authorization-server

[90mstderr[2m | tests/auth/authorization-server-discovery.test.ts[2m > [22m[2mAuthorizationServerDiscovery[2m > 
[22m[2mdiscover[2m > [22m[2mshould throw on HTTP error
[22m[39m[2026-04-20T10:06:35.111Z] [ERROR   ] [AUTH][discovery] Failed to discover authorization server: 
https://auth.example.com {"error":"HTTP 404: Error"}

[90mstderr[2m | tests/auth/authorization-server-discovery.test.ts[2m > [22m[2mAuthorizationServerDiscovery[2m > 
[22m[2mdiscover[2m > [22m[2mshould throw on missing issuer field
[22m[39m[2026-04-20T10:06:35.127Z] [INFO    ] [AUTH][init] Authorization Server Discovery initialized for: 
https://auth.example.com

[90mstderr[2m | tests/auth/authorization-server-discovery.test.ts[2m > [22m[2mAuthorizationServerDiscovery[2m > 
[22m[2mdiscover[2m > [22m[2mshould throw on missing issuer field
[22m[39m[2026-04-20T10:06:35.128Z] [INFO    ] [AUTH][discovery] Fetching authorization server metadata from: 
https://auth.example.com/.well-known/oauth-authorization-server

[90mstderr[2m | tests/auth/authorization-server-discovery.test.ts[2m > [22m[2mAuthorizationServerDiscovery[2m > 
[22m[2mdiscover[2m > [22m[2mshould throw on missing issuer field
[22m[39m[2026-04-20T10:06:35.128Z] [ERROR   ] [AUTH][discovery] Failed to discover authorization server: 
https://auth.example.com {"error":"Missing required field: issuer"}

[90mstderr[2m | tests/auth/authorization-server-discovery.test.ts[2m > [22m[2mAuthorizationServerDiscovery[2m > 
[22m[2mdiscover[2m > [22m[2mshould throw on missing token_endpoint
[22m[39m[2026-04-20T10:06:35.130Z] [INFO    ] [AUTH][init] Authorization Server Discovery initialized for: 
https://auth.example.com

[90mstderr[2m | tests/auth/authorization-server-discovery.test.ts[2m > [22m[2mAuthorizationServerDiscovery[2m > 
[22m[2mdiscover[2m > [22m[2mshould throw on missing token_endpoint
[22m[39m[2026-04-20T10:06:35.131Z] [INFO    ] [AUTH][discovery] Fetching authorization server metadata from: 
https://auth.example.com/.well-known/oauth-authorization-server

[90mstderr[2m | tests/auth/authorization-server-discovery.test.ts[2m > [22m[2mAuthorizationServerDiscovery[2m > 
[22m[2mdiscover[2m > [22m[2mshould throw on missing token_endpoint
[22m[39m[2026-04-20T10:06:35.132Z] [ERROR   ] [AUTH][discovery] Failed to discover authorization server: 
https://auth.example.com {"error":"Missing required field: token_endpoint"}

[90mstderr[2m | tests/auth/authorization-server-discovery.test.ts[2m > [22m[2mAuthorizationServerDiscovery[2m > 
[22m[2mgetMetadata[2m > [22m[2mshould throw if not yet discovered
[22m[39m[2026-04-20T10:06:35.134Z] [INFO    ] [AUTH][init] Authorization Server Discovery initialized for: 
https://auth.example.com

[90mstderr[2m | tests/auth/authorization-server-discovery.test.ts[2m > [22m[2mAuthorizationServerDiscovery[2m > 
[22m[2mgetJwksUri[2m > [22m[2mshould return jwks_uri from metadata
[22m[39m[2026-04-20T10:06:35.136Z] [INFO    ] [AUTH][init] Authorization Server Discovery initialized for: 
https://auth.example.com

[90mstderr[2m | tests/auth/authorization-server-discovery.test.ts[2m > [22m[2mAuthorizationServerDiscovery[2m > 
[22m[2mgetJwksUri[2m > [22m[2mshould return jwks_uri from metadata
[22m[39m[2026-04-20T10:06:35.136Z] [INFO    ] [AUTH][discovery] Fetching authorization server metadata from: 
https://auth.example.com/.well-known/oauth-authorization-server

[90mstderr[2m | tests/auth/authorization-server-discovery.test.ts[2m > [22m[2mAuthorizationServerDiscovery[2m > 
[22m[2mgetJwksUri[2m > [22m[2mshould return jwks_uri from metadata
[22m[39m[2026-04-20T10:06:35.137Z] [INFO    ] [AUTH][discovery-success] Authorization server metadata cached for 
3600s

[90mstderr[2m | tests/auth/authorization-server-discovery.test.ts[2m > [22m[2mAuthorizationServerDiscovery[2m > 
[22m[2mgetJwksUri[2m > [22m[2mshould throw if jwks_uri not in metadata
[22m[39m[2026-04-20T10:06:35.138Z] [INFO    ] [AUTH][init] Authorization Server Discovery initialized for: 
https://auth.example.com

[90mstderr[2m | tests/auth/authorization-server-discovery.test.ts[2m > [22m[2mAuthorizationServerDiscovery[2m > 
[22m[2mgetJwksUri[2m > [22m[2mshould throw if jwks_uri not in metadata
[22m[39m[2026-04-20T10:06:35.138Z] [INFO    ] [AUTH][discovery] Fetching authorization server metadata from: 
https://auth.example.com/.well-known/oauth-authorization-server

[90mstderr[2m | tests/auth/authorization-server-discovery.test.ts[2m > [22m[2mAuthorizationServerDiscovery[2m > 
[22m[2mgetJwksUri[2m > [22m[2mshould throw if jwks_uri not in metadata
[22m[39m[2026-04-20T10:06:35.145Z] [INFO    ] [AUTH][discovery-success] Authorization server metadata cached for 
3600s

[90mstderr[2m | tests/auth/authorization-server-discovery.test.ts[2m > [22m[2mAuthorizationServerDiscovery[2m > 
[22m[2mcache management[2m > [22m[2mshould clear cache
[22m[39m[2026-04-20T10:06:35.147Z] [INFO    ] [AUTH][init] Authorization Server Discovery initialized for: 
https://auth.example.com
[2026-04-20T10:06:35.148Z] [INFO    ] [AUTH][cache-clear] Authorization server metadata cache cleared

[90mstderr[2m | tests/auth/authorization-server-discovery.test.ts[2m > [22m[2mAuthorizationServerDiscovery[2m > 
[22m[2mcache management[2m > [22m[2mshould report cache validity
[22m[39m[2026-04-20T10:06:35.148Z] [INFO    ] [AUTH][init] Authorization Server Discovery initialized for: 
https://auth.example.com

[90mstderr[2m | tests/auth/authorization-server-discovery.test.ts[2m > [22m[2mAuthorizationServerDiscovery[2m > 
[22m[2mcache management[2m > [22m[2mshould report valid cache after discover
[22m[39m[2026-04-20T10:06:35.167Z] [INFO    ] [AUTH][init] Authorization Server Discovery initialized for: 
https://auth.example.com

[90mstderr[2m | tests/auth/authorization-server-discovery.test.ts[2m > [22m[2mAuthorizationServerDiscovery[2m > 
[22m[2mcache management[2m > [22m[2mshould report valid cache after discover
[22m[39m[2026-04-20T10:06:35.169Z] [INFO    ] [AUTH][discovery] Fetching authorization server metadata from: 
https://auth.example.com/.well-known/oauth-authorization-server

[90mstderr[2m | tests/auth/authorization-server-discovery.test.ts[2m > [22m[2mAuthorizationServerDiscovery[2m > 
[22m[2mcache management[2m > [22m[2mshould report valid cache after discover
[22m[39m[2026-04-20T10:06:35.170Z] [INFO    ] [AUTH][discovery-success] Authorization server metadata cached for 
3600s

[90mstderr[2m | tests/auth/authorization-server-discovery.test.ts[2m > [22m[2mAuthorizationServerDiscovery[2m > 
[22m[2maccessor methods[2m > [22m[2mshould return token endpoint
[22m[39m[2026-04-20T10:06:35.171Z] [INFO    ] [AUTH][init] Authorization Server Discovery initialized for: 
https://auth.example.com

[90mstderr[2m | tests/auth/authorization-server-discovery.test.ts[2m > [22m[2mAuthorizationServerDiscovery[2m > 
[22m[2maccessor methods[2m > [22m[2mshould return token endpoint
[22m[39m[2026-04-20T10:06:35.172Z] [INFO    ] [AUTH][discovery] Fetching authorization server metadata from: 
https://auth.example.com/.well-known/oauth-authorization-server

[90mstderr[2m | tests/auth/authorization-server-discovery.test.ts[2m > [22m[2mAuthorizationServerDiscovery[2m > 
[22m[2maccessor methods[2m > [22m[2mshould return token endpoint
[22m[39m[2026-04-20T10:06:35.173Z] [INFO    ] [AUTH][discovery-success] Authorization server metadata cached for 
3600s

[90mstderr[2m | tests/auth/authorization-server-discovery.test.ts[2m > [22m[2mAuthorizationServerDiscovery[2m > 
[22m[2maccessor methods[2m > [22m[2mshould return issuer
[22m[39m[2026-04-20T10:06:35.175Z] [INFO    ] [AUTH][init] Authorization Server Discovery initialized for: 
https://auth.example.com

[90mstderr[2m | tests/auth/authorization-server-discovery.test.ts[2m > [22m[2mAuthorizationServerDiscovery[2m > 
[22m[2maccessor methods[2m > [22m[2mshould return issuer
[22m[39m[2026-04-20T10:06:35.175Z] [INFO    ] [AUTH][discovery] Fetching authorization server metadata from: 
https://auth.example.com/.well-known/oauth-authorization-server

[90mstderr[2m | tests/auth/authorization-server-discovery.test.ts[2m > [22m[2mAuthorizationServerDiscovery[2m > 
[22m[2maccessor methods[2m > [22m[2mshould return issuer
[22m[39m[2026-04-20T10:06:35.176Z] [INFO    ] [AUTH][discovery-success] Authorization server metadata cached for 
3600s

[90mstderr[2m | tests/auth/authorization-server-discovery.test.ts[2m > [22m[2mAuthorizationServerDiscovery[2m > 
[22m[2maccessor methods[2m > [22m[2mshould return registration endpoint
[22m[39m[2026-04-20T10:06:35.177Z] [INFO    ] [AUTH][init] Authorization Server Discovery initialized for: 
https://auth.example.com

[90mstderr[2m | tests/auth/authorization-server-discovery.test.ts[2m > [22m[2mAuthorizationServerDiscovery[2m > 
[22m[2maccessor methods[2m > [22m[2mshould return registration endpoint
[22m[39m[2026-04-20T10:06:35.177Z] [INFO    ] [AUTH][discovery] Fetching authorization server metadata from: 
https://auth.example.com/.well-known/oauth-authorization-server

[90mstderr[2m | tests/auth/authorization-server-discovery.test.ts[2m > [22m[2mAuthorizationServerDiscovery[2m > 
[22m[2maccessor methods[2m > [22m[2mshould return registration endpoint
[22m[39m[2026-04-20T10:06:35.178Z] [INFO    ] [AUTH][discovery-success] Authorization server metadata cached for 
3600s

[90mstderr[2m | tests/auth/authorization-server-discovery.test.ts[2m > [22m[2mAuthorizationServerDiscovery[2m > 
[22m[2maccessor methods[2m > [22m[2mshould return supported scopes
[22m[39m[2026-04-20T10:06:35.180Z] [INFO    ] [AUTH][init] Authorization Server Discovery initialized for: 
https://auth.example.com

[90mstderr[2m | tests/auth/authorization-server-discovery.test.ts[2m > [22m[2mAuthorizationServerDiscovery[2m > 
[22m[2maccessor methods[2m > [22m[2mshould return supported scopes
[22m[39m[2026-04-20T10:06:35.180Z] [INFO    ] [AUTH][discovery] Fetching authorization server metadata from: 
https://auth.example.com/.well-known/oauth-authorization-server

[90mstderr[2m | tests/auth/authorization-server-discovery.test.ts[2m > [22m[2mAuthorizationServerDiscovery[2m > 
[22m[2maccessor methods[2m > [22m[2mshould return supported scopes
[22m[39m[2026-04-20T10:06:35.181Z] [INFO    ] [AUTH][discovery-success] Authorization server metadata cached for 
3600s

 [32mΓ£ô[39m tests/auth/authorization-server-discovery.test.ts [2m([22m[2m19 tests[22m[2m)[22m[32m 184[2mms[22m[39m
 [32mΓ£ô[39m tests/handlers/backup-branches.test.ts [2m([22m[2m13 tests[22m[2m)[22m[33m 304[2mms[22m[39m
 [32mΓ£ô[39m tests/database/entries-auth-branches.test.ts [2m([22m[2m33 tests[22m[2m)[22m[33m 331[2mms[22m[39m
 [32mΓ£ô[39m tests/github/github-integration-branches.test.ts [2m([22m[2m43 tests[22m[2m)[22m[32m 186[2mms[22m[39m
 [32mΓ£ô[39m tests/handlers/resource-prompt-branches.test.ts [2m([22m[2m30 tests[22m[2m)[22m[32m 98[2mms[22m[39m
 [32mΓ£ô[39m tests/database/tags.test.ts [2m([22m[2m9 tests[22m[2m)[22m[32m 75[2mms[22m[39m
[90mstderr[2m | tests/handlers/prompt-handler-coverage.test.ts[2m > [22m[2mPrompt Handlers - Coverage
[22m[39m[2026-04-20T10:06:36.572Z] [INFO    ] [NativeConnectionManager] sqlite-vec extension loaded
[2026-04-20T10:06:36.609Z] [INFO    ] [NativeConnectionManager] Native database opened 
{"dbPath":"./test-prompts-cov.db"}

[90mstderr[2m | tests/handlers/prompt-handler-coverage.test.ts[2m > [22m[2mPrompt Handlers - Coverage
[22m[39m[2026-04-20T10:06:36.713Z] [INFO    ] [NativeConnectionManager] Native database closed

 [32mΓ£ô[39m tests/handlers/prompt-handler-coverage.test.ts [2m([22m[2m4 tests[22m[2m)[22m[32m 199[2mms[22m[39m
 [32mΓ£ô[39m tests/github/pull-requests.test.ts [2m([22m[2m16 tests[22m[2m)[22m[32m 55[2mms[22m[39m
[90mstderr[2m | tests/vector/vector-search-manager.test.ts[2m > [22m[2mVectorSearchManager[2m > 
[22m[2misInitialized[2m > [22m[2mshould return true after initialize()
[22m[39m[2026-04-20T10:06:37.218Z] [INFO    ] [VectorSearch] Initializing vector search...
[2026-04-20T10:06:37.223Z] [INFO    ] [VectorSearch] Loading embedding model: Xenova/all-MiniLM-L6-v2

[90mstderr[2m | tests/vector/vector-search-manager.test.ts[2m > [22m[2mVectorSearchManager[2m > 
[22m[2misInitialized[2m > [22m[2mshould return true after initialize()
[22m[39m[2026-04-20T10:06:37.228Z] [INFO    ] [VectorSearch] Embedding model loaded
[2026-04-20T10:06:37.228Z] [INFO    ] [VectorSearch] Vector search initialized successfully

[90mstderr[2m | tests/vector/vector-search-manager.test.ts[2m > [22m[2mVectorSearchManager[2m > 
[22m[2minitialize[2m > [22m[2mshould load pipeline
[22m[39m[2026-04-20T10:06:37.232Z] [INFO    ] [VectorSearch] Initializing vector search...
[2026-04-20T10:06:37.233Z] [INFO    ] [VectorSearch] Loading embedding model: Xenova/all-MiniLM-L6-v2

[90mstderr[2m | tests/vector/vector-search-manager.test.ts[2m > [22m[2mVectorSearchManager[2m > 
[22m[2minitialize[2m > [22m[2mshould load pipeline
[22m[39m[2026-04-20T10:06:37.233Z] [INFO    ] [VectorSearch] Embedding model loaded
[2026-04-20T10:06:37.233Z] [INFO    ] [VectorSearch] Vector search initialized successfully

[90mstderr[2m | tests/vector/vector-search-manager.test.ts[2m > [22m[2mVectorSearchManager[2m > 
[22m[2minitialize[2m > [22m[2mshould be idempotent
[22m[39m[2026-04-20T10:06:37.249Z] [INFO    ] [VectorSearch] Initializing vector search...
[2026-04-20T10:06:37.250Z] [INFO    ] [VectorSearch] Loading embedding model: Xenova/all-MiniLM-L6-v2

[90mstderr[2m | tests/vector/vector-search-manager.test.ts[2m > [22m[2mVectorSearchManager[2m > 
[22m[2minitialize[2m > [22m[2mshould be idempotent
[22m[39m[2026-04-20T10:06:37.252Z] [INFO    ] [VectorSearch] Embedding model loaded
[2026-04-20T10:06:37.252Z] [INFO    ] [VectorSearch] Vector search initialized successfully

[90mstderr[2m | tests/vector/vector-search-manager.test.ts[2m > [22m[2mVectorSearchManager[2m > 
[22m[2mgenerateEmbedding[2m > [22m[2mshould generate embedding array from text
[22m[39m[2026-04-20T10:06:37.269Z] [INFO    ] [VectorSearch] Initializing vector search...
[2026-04-20T10:06:37.269Z] [INFO    ] [VectorSearch] Loading embedding model: Xenova/all-MiniLM-L6-v2

[90mstderr[2m | tests/vector/vector-search-manager.test.ts[2m > [22m[2mVectorSearchManager[2m > 
[22m[2mgenerateEmbedding[2m > [22m[2mshould generate embedding array from text
[22m[39m[2026-04-20T10:06:37.270Z] [INFO    ] [VectorSearch] Embedding model loaded
[2026-04-20T10:06:37.270Z] [INFO    ] [VectorSearch] Vector search initialized successfully

[90mstderr[2m | tests/vector/vector-search-manager.test.ts[2m > [22m[2mVectorSearchManager[2m > 
[22m[2maddEntry[2m > [22m[2mshould insert entry via SQL prepared statement
[22m[39m[2026-04-20T10:06:37.285Z] [INFO    ] [VectorSearch] Initializing vector search...
[2026-04-20T10:06:37.285Z] [INFO    ] [VectorSearch] Loading embedding model: Xenova/all-MiniLM-L6-v2

[90mstderr[2m | tests/vector/vector-search-manager.test.ts[2m > [22m[2mVectorSearchManager[2m > 
[22m[2maddEntry[2m > [22m[2mshould insert entry via SQL prepared statement
[22m[39m[2026-04-20T10:06:37.286Z] [INFO    ] [VectorSearch] Embedding model loaded
[2026-04-20T10:06:37.286Z] [INFO    ] [VectorSearch] Vector search initialized successfully

[90mstderr[2m | tests/vector/vector-search-manager.test.ts[2m > [22m[2mVectorSearchManager[2m > 
[22m[2maddEntry[2m > [22m[2mshould return false on error
[22m[39m[2026-04-20T10:06:37.362Z] [INFO    ] [VectorSearch] Initializing vector search...
[2026-04-20T10:06:37.362Z] [INFO    ] [VectorSearch] Loading embedding model: Xenova/all-MiniLM-L6-v2

[90mstderr[2m | tests/vector/vector-search-manager.test.ts[2m > [22m[2mVectorSearchManager[2m > 
[22m[2maddEntry[2m > [22m[2mshould return false on error
[22m[39m[2026-04-20T10:06:37.363Z] [INFO    ] [VectorSearch] Embedding model loaded
[2026-04-20T10:06:37.363Z] [INFO    ] [VectorSearch] Vector search initialized successfully

[90mstderr[2m | tests/vector/vector-search-manager.test.ts[2m > [22m[2mVectorSearchManager[2m > 
[22m[2maddEntry[2m > [22m[2mshould return false on error
[22m[39m[2026-04-20T10:06:37.366Z] [ERROR   ] [VectorSearch] Failed to add entry to vector index 
{"entityId":99,"error":"Embedding failed"}

[90mstderr[2m | tests/vector/vector-search-manager.test.ts[2m > [22m[2mVectorSearchManager[2m > 
[22m[2maddEntry[2m > [22m[2mshould return initialization error if not initialized
[22m[39m[2026-04-20T10:06:37.378Z] [INFO    ] [VectorSearch] Initializing vector search...
[2026-04-20T10:06:37.378Z] [INFO    ] [VectorSearch] Loading embedding model: Xenova/all-MiniLM-L6-v2

[90mstderr[2m | tests/vector/vector-search-manager.test.ts[2m > [22m[2mVectorSearchManager[2m > 
[22m[2maddEntry[2m > [22m[2mshould return initialization error if not initialized
[22m[39m[2026-04-20T10:06:37.380Z] [ERROR   ] [VectorSearch] Failed to initialize vector search {"error":"Init 
failed during add"}

[90mstderr[2m | tests/vector/vector-search-manager.test.ts[2m > [22m[2mVectorSearchManager[2m > 
[22m[2msearch[2m > [22m[2mshould return filtered results above threshold
[22m[39m[2026-04-20T10:06:37.384Z] [INFO    ] [VectorSearch] Initializing vector search...
[2026-04-20T10:06:37.384Z] [INFO    ] [VectorSearch] Loading embedding model: Xenova/all-MiniLM-L6-v2

[90mstderr[2m | tests/vector/vector-search-manager.test.ts[2m > [22m[2mVectorSearchManager[2m > 
[22m[2msearch[2m > [22m[2mshould return filtered results above threshold
[22m[39m[2026-04-20T10:06:37.385Z] [INFO    ] [VectorSearch] Embedding model loaded
[2026-04-20T10:06:37.385Z] [INFO    ] [VectorSearch] Vector search initialized successfully

[90mstderr[2m | tests/vector/vector-search-manager.test.ts[2m > [22m[2mVectorSearchManager[2m > 
[22m[2msearch[2m > [22m[2mshould limit results to limit param
[22m[39m[2026-04-20T10:06:37.392Z] [INFO    ] [VectorSearch] Initializing vector search...
[2026-04-20T10:06:37.392Z] [INFO    ] [VectorSearch] Loading embedding model: Xenova/all-MiniLM-L6-v2

[90mstderr[2m | tests/vector/vector-search-manager.test.ts[2m > [22m[2mVectorSearchManager[2m > 
[22m[2msearch[2m > [22m[2mshould limit results to limit param
[22m[39m[2026-04-20T10:06:37.406Z] [INFO    ] [VectorSearch] Embedding model loaded
[2026-04-20T10:06:37.407Z] [INFO    ] [VectorSearch] Vector search initialized successfully

[90mstderr[2m | tests/vector/vector-search-manager.test.ts[2m > [22m[2mVectorSearchManager[2m > 
[22m[2msearch[2m > [22m[2mshould return empty on error
[22m[39m[2026-04-20T10:06:37.409Z] [INFO    ] [VectorSearch] Initializing vector search...
[2026-04-20T10:06:37.409Z] [INFO    ] [VectorSearch] Loading embedding model: Xenova/all-MiniLM-L6-v2

[90mstderr[2m | tests/vector/vector-search-manager.test.ts[2m > [22m[2mVectorSearchManager[2m > 
[22m[2msearch[2m > [22m[2mshould return empty on error
[22m[39m[2026-04-20T10:06:37.409Z] [INFO    ] [VectorSearch] Embedding model loaded
[2026-04-20T10:06:37.410Z] [INFO    ] [VectorSearch] Vector search initialized successfully

[90mstderr[2m | tests/vector/vector-search-manager.test.ts[2m > [22m[2mVectorSearchManager[2m > 
[22m[2msearch[2m > [22m[2mshould return empty on error
[22m[39m[2026-04-20T10:06:37.414Z] [ERROR   ] [VectorSearch] Semantic search failed {"error":"Embed fail string 
error"}

[90mstderr[2m | tests/vector/vector-search-manager.test.ts[2m > [22m[2mVectorSearchManager[2m > 
[22m[2msearch[2m > [22m[2mshould return empty if initialization fails
[22m[39m[2026-04-20T10:06:37.423Z] [INFO    ] [VectorSearch] Initializing vector search...
[2026-04-20T10:06:37.423Z] [INFO    ] [VectorSearch] Loading embedding model: Xenova/all-MiniLM-L6-v2

[90mstderr[2m | tests/vector/vector-search-manager.test.ts[2m > [22m[2mVectorSearchManager[2m > 
[22m[2msearch[2m > [22m[2mshould return empty if initialization fails
[22m[39m[2026-04-20T10:06:37.424Z] [ERROR   ] [VectorSearch] Failed to initialize vector search {"error":"Init 
failed during search string error"}

[90mstderr[2m | tests/vector/vector-search-manager.test.ts[2m > [22m[2mVectorSearchManager[2m > 
[22m[2msearchByEntryId[2m > [22m[2mshould return filtered results based on existing embedding
[22m[39m[2026-04-20T10:06:37.458Z] [INFO    ] [VectorSearch] Initializing vector search...
[2026-04-20T10:06:37.458Z] [INFO    ] [VectorSearch] Loading embedding model: Xenova/all-MiniLM-L6-v2

[90mstderr[2m | tests/vector/vector-search-manager.test.ts[2m > [22m[2mVectorSearchManager[2m > 
[22m[2msearchByEntryId[2m > [22m[2mshould return filtered results based on existing embedding
[22m[39m[2026-04-20T10:06:37.459Z] [INFO    ] [VectorSearch] Embedding model loaded
[2026-04-20T10:06:37.459Z] [INFO    ] [VectorSearch] Vector search initialized successfully

[90mstderr[2m | tests/vector/vector-search-manager.test.ts[2m > [22m[2mVectorSearchManager[2m > 
[22m[2msearchByEntryId[2m > [22m[2mshould return empty if embedding not found
[22m[39m[2026-04-20T10:06:37.467Z] [INFO    ] [VectorSearch] Initializing vector search...
[2026-04-20T10:06:37.467Z] [INFO    ] [VectorSearch] Loading embedding model: Xenova/all-MiniLM-L6-v2

[90mstderr[2m | tests/vector/vector-search-manager.test.ts[2m > [22m[2mVectorSearchManager[2m > 
[22m[2msearchByEntryId[2m > [22m[2mshould return empty if embedding not found
[22m[39m[2026-04-20T10:06:37.468Z] [INFO    ] [VectorSearch] Embedding model loaded
[2026-04-20T10:06:37.468Z] [INFO    ] [VectorSearch] Vector search initialized successfully

[90mstderr[2m | tests/vector/vector-search-manager.test.ts[2m > [22m[2mVectorSearchManager[2m > 
[22m[2msearchByEntryId[2m > [22m[2mshould return empty on SQL error
[22m[39m[2026-04-20T10:06:37.485Z] [INFO    ] [VectorSearch] Initializing vector search...
[2026-04-20T10:06:37.485Z] [INFO    ] [VectorSearch] Loading embedding model: Xenova/all-MiniLM-L6-v2

[90mstderr[2m | tests/vector/vector-search-manager.test.ts[2m > [22m[2mVectorSearchManager[2m > 
[22m[2msearchByEntryId[2m > [22m[2mshould return empty on SQL error
[22m[39m[2026-04-20T10:06:37.485Z] [INFO    ] [VectorSearch] Embedding model loaded
[2026-04-20T10:06:37.485Z] [INFO    ] [VectorSearch] Vector search initialized successfully

[90mstderr[2m | tests/vector/vector-search-manager.test.ts[2m > [22m[2mVectorSearchManager[2m > 
[22m[2msearchByEntryId[2m > [22m[2mshould return empty on SQL error
[22m[39m[2026-04-20T10:06:37.486Z] [ERROR   ] [VectorSearch] searchByEntryId failed {"entityId":1,"error":"SQL error 
string"}

[90mstderr[2m | tests/vector/vector-search-manager.test.ts[2m > [22m[2mVectorSearchManager[2m > 
[22m[2msearchByEntryId[2m > [22m[2mshould return empty if initialization fails
[22m[39m[2026-04-20T10:06:37.491Z] [INFO    ] [VectorSearch] Initializing vector search...
[2026-04-20T10:06:37.491Z] [INFO    ] [VectorSearch] Loading embedding model: Xenova/all-MiniLM-L6-v2

[90mstderr[2m | tests/vector/vector-search-manager.test.ts[2m > [22m[2mVectorSearchManager[2m > 
[22m[2msearchByEntryId[2m > [22m[2mshould return empty if initialization fails
[22m[39m[2026-04-20T10:06:37.492Z] [ERROR   ] [VectorSearch] Failed to initialize vector search {"error":"Init fail 
string error"}

[90mstderr[2m | tests/vector/vector-search-manager.test.ts[2m > [22m[2mVectorSearchManager[2m > 
[22m[2msearchByEntryId[2m > [22m[2mshould throw if db not available
[22m[39m[2026-04-20T10:06:37.493Z] [INFO    ] [VectorSearch] Initializing vector search...
[2026-04-20T10:06:37.493Z] [INFO    ] [VectorSearch] Loading embedding model: Xenova/all-MiniLM-L6-v2

[90mstderr[2m | tests/vector/vector-search-manager.test.ts[2m > [22m[2mVectorSearchManager[2m > 
[22m[2msearchByEntryId[2m > [22m[2mshould throw if db not available
[22m[39m[2026-04-20T10:06:37.494Z] [INFO    ] [VectorSearch] Embedding model loaded
[2026-04-20T10:06:37.494Z] [INFO    ] [VectorSearch] Vector search initialized successfully

[90mstderr[2m | tests/vector/vector-search-manager.test.ts[2m > [22m[2mVectorSearchManager[2m > 
[22m[2mremoveEntry[2m > [22m[2mshould delete entry via SQL
[22m[39m[2026-04-20T10:06:37.496Z] [INFO    ] [VectorSearch] Initializing vector search...
[2026-04-20T10:06:37.496Z] [INFO    ] [VectorSearch] Loading embedding model: Xenova/all-MiniLM-L6-v2

[90mstderr[2m | tests/vector/vector-search-manager.test.ts[2m > [22m[2mVectorSearchManager[2m > 
[22m[2mremoveEntry[2m > [22m[2mshould delete entry via SQL
[22m[39m[2026-04-20T10:06:37.496Z] [INFO    ] [VectorSearch] Embedding model loaded
[2026-04-20T10:06:37.496Z] [INFO    ] [VectorSearch] Vector search initialized successfully

[90mstderr[2m | tests/vector/vector-search-manager.test.ts[2m > [22m[2mVectorSearchManager[2m > 
[22m[2mremoveEntry[2m > [22m[2mshould return false on delete error
[22m[39m[2026-04-20T10:06:37.503Z] [INFO    ] [VectorSearch] Initializing vector search...
[2026-04-20T10:06:37.503Z] [INFO    ] [VectorSearch] Loading embedding model: Xenova/all-MiniLM-L6-v2

[90mstderr[2m | tests/vector/vector-search-manager.test.ts[2m > [22m[2mVectorSearchManager[2m > 
[22m[2mremoveEntry[2m > [22m[2mshould return false on delete error
[22m[39m[2026-04-20T10:06:37.503Z] [INFO    ] [VectorSearch] Embedding model loaded
[2026-04-20T10:06:37.503Z] [INFO    ] [VectorSearch] Vector search initialized successfully

[90mstderr[2m | tests/vector/vector-search-manager.test.ts[2m > [22m[2mVectorSearchManager[2m > 
[22m[2mgetStats[2m > [22m[2mshould return count from SQL
[22m[39m[2026-04-20T10:06:37.505Z] [INFO    ] [VectorSearch] Initializing vector search...
[2026-04-20T10:06:37.505Z] [INFO    ] [VectorSearch] Loading embedding model: Xenova/all-MiniLM-L6-v2

[90mstderr[2m | tests/vector/vector-search-manager.test.ts[2m > [22m[2mVectorSearchManager[2m > 
[22m[2mgetStats[2m > [22m[2mshould return count from SQL
[22m[39m[2026-04-20T10:06:37.505Z] [INFO    ] [VectorSearch] Embedding model loaded
[2026-04-20T10:06:37.506Z] [INFO    ] [VectorSearch] Vector search initialized successfully

[90mstderr[2m | tests/vector/vector-search-manager.test.ts[2m > [22m[2mVectorSearchManager[2m > 
[22m[2mgetStats[2m > [22m[2mshould return zero count on error
[22m[39m[2026-04-20T10:06:37.508Z] [INFO    ] [VectorSearch] Initializing vector search...
[2026-04-20T10:06:37.508Z] [INFO    ] [VectorSearch] Loading embedding model: Xenova/all-MiniLM-L6-v2

[90mstderr[2m | tests/vector/vector-search-manager.test.ts[2m > [22m[2mVectorSearchManager[2m > 
[22m[2mgetStats[2m > [22m[2mshould return zero count on error
[22m[39m[2026-04-20T10:06:37.508Z] [INFO    ] [VectorSearch] Embedding model loaded
[2026-04-20T10:06:37.508Z] [INFO    ] [VectorSearch] Vector search initialized successfully

[90mstderr[2m | tests/vector/vector-search-manager.test.ts[2m > [22m[2mVectorSearchManager[2m > 
[22m[2mrebuildIndex[2m > [22m[2mshould rebuild from database entries
[22m[39m[2026-04-20T10:06:37.510Z] [INFO    ] [VectorSearch] Initializing vector search...
[2026-04-20T10:06:37.510Z] [INFO    ] [VectorSearch] Loading embedding model: Xenova/all-MiniLM-L6-v2

[90mstderr[2m | tests/vector/vector-search-manager.test.ts[2m > [22m[2mVectorSearchManager[2m > 
[22m[2mrebuildIndex[2m > [22m[2mshould rebuild from database entries
[22m[39m[2026-04-20T10:06:37.510Z] [INFO    ] [VectorSearch] Embedding model loaded
[2026-04-20T10:06:37.510Z] [INFO    ] [VectorSearch] Vector search initialized successfully

[90mstderr[2m | tests/vector/vector-search-manager.test.ts[2m > [22m[2mVectorSearchManager[2m > 
[22m[2mrebuildIndex[2m > [22m[2mshould rebuild from database entries
[22m[39m[2026-04-20T10:06:37.514Z] [INFO    ] [VectorSearch] Rebuilding vector index from database...

(node:1628) MaxListenersExceededWarning: Possible EventEmitter memory leak detected. 11 SIGTERM listeners added to 
[process]. MaxListeners is 10. Use emitter.setMaxListeners() to increase limit
(Use `node --trace-warnings ...` to show where the warning was created)
 [32mΓ£ô[39m tests/server/scheduler.test.ts [2m([22m[2m16 tests[22m[2m)[22m[32m 179[2mms[22m[39m
[90mstderr[2m | tests/vector/vector-search-manager.test.ts[2m > [22m[2mVectorSearchManager[2m > 
[22m[2mrebuildIndex[2m > [22m[2mshould rebuild from database entries
[22m[39m[2026-04-20T10:06:37.583Z] [INFO    ] [VectorSearch] Rebuilt vector index with 2 entries
[2026-04-20T10:06:37.584Z] [INFO    ] [VectorSearch] Cleared stale embeddings post-rebuild

[90mstderr[2m | tests/vector/vector-search-manager.test.ts[2m > [22m[2mVectorSearchManager[2m > 
[22m[2mrebuildIndex[2m > [22m[2mshould clear stale embeddings after successful rebuild
[22m[39m[2026-04-20T10:06:37.590Z] [INFO    ] [VectorSearch] Initializing vector search...
[2026-04-20T10:06:37.591Z] [INFO    ] [VectorSearch] Loading embedding model: Xenova/all-MiniLM-L6-v2

[90mstderr[2m | tests/vector/vector-search-manager.test.ts[2m > [22m[2mVectorSearchManager[2m > 
[22m[2mrebuildIndex[2m > [22m[2mshould clear stale embeddings after successful rebuild
[22m[39m[2026-04-20T10:06:37.591Z] [INFO    ] [VectorSearch] Embedding model loaded
[2026-04-20T10:06:37.591Z] [INFO    ] [VectorSearch] Vector search initialized successfully

[90mstderr[2m | tests/vector/vector-search-manager.test.ts[2m > [22m[2mVectorSearchManager[2m > 
[22m[2mrebuildIndex[2m > [22m[2mshould clear stale embeddings after successful rebuild
[22m[39m[2026-04-20T10:06:37.592Z] [INFO    ] [VectorSearch] Rebuilding vector index from database...

[90mstderr[2m | tests/vector/vector-search-manager.test.ts[2m > [22m[2mVectorSearchManager[2m > 
[22m[2mrebuildIndex[2m > [22m[2mshould clear stale embeddings after successful rebuild
[22m[39m[2026-04-20T10:06:37.631Z] [INFO    ] [VectorSearch] Rebuilt vector index with 1 entries
[2026-04-20T10:06:37.632Z] [INFO    ] [VectorSearch] Cleared stale embeddings post-rebuild

[90mstderr[2m | tests/vector/vector-search-manager.test.ts[2m > [22m[2mVectorSearchManager[2m > 
[22m[2mrebuildIndex[2m > [22m[2mshould return 0 when db not available
[22m[39m[2026-04-20T10:06:37.634Z] [INFO    ] [VectorSearch] Initializing vector search...
[2026-04-20T10:06:37.634Z] [INFO    ] [VectorSearch] Loading embedding model: Xenova/all-MiniLM-L6-v2

[90mstderr[2m | tests/vector/vector-search-manager.test.ts[2m > [22m[2mVectorSearchManager[2m > 
[22m[2mrebuildIndex[2m > [22m[2mshould return 0 when db not available
[22m[39m[2026-04-20T10:06:37.635Z] [INFO    ] [VectorSearch] Embedding model loaded
[2026-04-20T10:06:37.635Z] [INFO    ] [VectorSearch] Vector search initialized successfully

[90mstderr[2m | tests/vector/vector-search-manager.test.ts[2m > [22m[2mVectorSearchManager[2m > 
[22m[2mrebuildIndex[2m > [22m[2mshould return 0 when db not available
[22m[39m[2026-04-20T10:06:37.635Z] [INFO    ] [VectorSearch] Rebuilding vector index from database...

[90mstderr[2m | tests/vector/vector-search-manager.test.ts[2m > [22m[2mVectorSearchManager[2m > 
[22m[2mrebuildIndex[2m > [22m[2mshould return 0 when db not available
[22m[39m[2026-04-20T10:06:37.635Z] [INFO    ] [VectorSearch] Rebuilt vector index with 0 entries
[2026-04-20T10:06:37.635Z] [INFO    ] [VectorSearch] Cleared stale embeddings post-rebuild

[90mstderr[2m | tests/vector/vector-search-manager.test.ts[2m > [22m[2mVectorSearchManager[2m > 
[22m[2mrebuildIndex[2m > [22m[2mshould skip entries with embedding failures
[22m[39m[2026-04-20T10:06:37.636Z] [INFO    ] [VectorSearch] Initializing vector search...
[2026-04-20T10:06:37.636Z] [INFO    ] [VectorSearch] Loading embedding model: Xenova/all-MiniLM-L6-v2

[90mstderr[2m | tests/vector/vector-search-manager.test.ts[2m > [22m[2mVectorSearchManager[2m > 
[22m[2mrebuildIndex[2m > [22m[2mshould skip entries with embedding failures
[22m[39m[2026-04-20T10:06:37.636Z] [INFO    ] [VectorSearch] Embedding model loaded
[2026-04-20T10:06:37.637Z] [INFO    ] [VectorSearch] Vector search initialized successfully

[90mstderr[2m | tests/vector/vector-search-manager.test.ts[2m > [22m[2mVectorSearchManager[2m > 
[22m[2mrebuildIndex[2m > [22m[2mshould skip entries with embedding failures
[22m[39m[2026-04-20T10:06:37.639Z] [INFO    ] [VectorSearch] Rebuilding vector index from database...

[90mstderr[2m | tests/vector/vector-search-manager.test.ts[2m > [22m[2mVectorSearchManager[2m > 
[22m[2mrebuildIndex[2m > [22m[2mshould skip entries with embedding failures
[22m[39m[2026-04-20T10:06:37.697Z] [WARNING ] [VectorSearch] Vector index rebuild: 1 indexed, 1 failed
[2026-04-20T10:06:37.698Z] [INFO    ] [VectorSearch] Cleared stale embeddings post-rebuild

[90mstderr[2m | tests/vector/vector-search-manager.test.ts[2m > [22m[2mVectorSearchManager[2m > 
[22m[2mrebuildIndex[2m > [22m[2mshould return initialization error if initialize fails
[22m[39m[2026-04-20T10:06:37.701Z] [INFO    ] [VectorSearch] Initializing vector search...
[2026-04-20T10:06:37.701Z] [INFO    ] [VectorSearch] Loading embedding model: Xenova/all-MiniLM-L6-v2

[90mstderr[2m | tests/vector/vector-search-manager.test.ts[2m > [22m[2mVectorSearchManager[2m > 
[22m[2mrebuildIndex[2m > [22m[2mshould return initialization error if initialize fails
[22m[39m[2026-04-20T10:06:37.705Z] [ERROR   ] [VectorSearch] Failed to initialize vector search {"error":"Pipeline 
broke string error"}

[90mstderr[2m | tests/transports/http-stateful.test.ts[2m > [22m[2msetupStateful[2m > [22m[2mshould expire 
idle sessions on sweep
[22m[39m[2026-04-20T10:07:37.697Z] [INFO    ] [HTTP] Expiring idle HTTP session 
{"sessionId":"idle-session","idleMinutes":32}

[90mstderr[2m | tests/vector/vector-search-manager.test.ts[2m > [22m[2mVectorSearchManager[2m > 
[22m[2mrebuildIndex[2m > [22m[2mshould handle insert statement failure during rebuild
[22m[39m[2026-04-20T10:06:37.708Z] [INFO    ] [VectorSearch] Initializing vector search...
[2026-04-20T10:06:37.708Z] [INFO    ] [VectorSearch] Loading embedding model: Xenova/all-MiniLM-L6-v2

[90mstderr[2m | tests/vector/vector-search-manager.test.ts[2m > [22m[2mVectorSearchManager[2m > 
[22m[2mrebuildIndex[2m > [22m[2mshould handle insert statement failure during rebuild
[22m[39m[2026-04-20T10:06:37.709Z] [INFO    ] [VectorSearch] Embedding model loaded
[2026-04-20T10:06:37.709Z] [INFO    ] [VectorSearch] Vector search initialized successfully

[90mstderr[2m | tests/vector/vector-search-manager.test.ts[2m > [22m[2mVectorSearchManager[2m > 
[22m[2mrebuildIndex[2m > [22m[2mshould handle insert statement failure during rebuild
[22m[39m[2026-04-20T10:06:37.710Z] [INFO    ] [VectorSearch] Rebuilding vector index from database...

[90mstderr[2m | tests/transports/http-stateful.test.ts[2m > [22m[2msetupStateful[2m > [22m[2mshould expire 
idle SSE sessions on sweep
[22m[39m[2026-04-20T10:07:37.709Z] [INFO    ] [HTTP] Expiring idle SSE session 
{"sessionId":"sse-session","idleMinutes":32}

[90mstderr[2m | tests/vector/vector-search-manager.test.ts[2m > [22m[2mVectorSearchManager[2m > 
[22m[2mrebuildIndex[2m > [22m[2mshould handle insert statement failure during rebuild
[22m[39m[2026-04-20T10:06:37.728Z] [ERROR   ] [VectorSearch] Failed to batch insert entries into vector index 
{"error":"Insert failed!!"}

[90mstderr[2m | tests/transports/http-stateful.test.ts[2m > [22m[2msetupStateful[2m > [22m[2mshould create new 
transport for initialization request
[22m[39m[2026-04-20T10:06:37.743Z] [INFO    ] [HTTP] HTTP session initialized 
{"sessionId":"928d8aab-8313-4cb3-bf76-332a30d8a86b"}

[90mstderr[2m | tests/vector/vector-search-manager.test.ts[2m > [22m[2mVectorSearchManager[2m > 
[22m[2mrebuildIndex[2m > [22m[2mshould handle insert statement failure during rebuild
[22m[39m[2026-04-20T10:06:37.780Z] [WARNING ] [VectorSearch] Vector index rebuild: 0 indexed, 2 failed
[2026-04-20T10:06:37.781Z] [INFO    ] [VectorSearch] Cleared stale embeddings post-rebuild

[90mstderr[2m | tests/vector/vector-search-manager.test.ts[2m > [22m[2mVectorSearchManager[2m > 
[22m[2minitialize error[2m > [22m[2mshould rethrow pipeline errors
[22m[39m[2026-04-20T10:06:37.785Z] [INFO    ] [VectorSearch] Initializing vector search...
[2026-04-20T10:06:37.785Z] [INFO    ] [VectorSearch] Loading embedding model: Xenova/all-MiniLM-L6-v2

[90mstderr[2m | tests/vector/vector-search-manager.test.ts[2m > [22m[2mVectorSearchManager[2m > 
[22m[2minitialize error[2m > [22m[2mshould rethrow pipeline errors
[22m[39m[2026-04-20T10:06:37.785Z] [ERROR   ] [VectorSearch] Failed to initialize vector search {"error":"Model not 
found string"}

[90mstderr[2m | tests/transports/http-stateful.test.ts[2m > [22m[2msetupStateful[2m > [22m[2mshould handle 500 
error when request throws
[22m[39m[2026-04-20T10:06:37.784Z] [ERROR   ] [HTTP] Error handling MCP request 
{"error":"targetTransport.handleRequest is not a function"}

[90mstderr[2m | tests/vector/vector-search-manager.test.ts[2m > [22m[2mVectorSearchManager[2m > 
[22m[2mremoveEntry[2m > [22m[2mshould remove entry and return true
[22m[39m[2026-04-20T10:06:37.790Z] [INFO    ] [VectorSearch] Initializing vector search...
[2026-04-20T10:06:37.790Z] [INFO    ] [VectorSearch] Loading embedding model: Xenova/all-MiniLM-L6-v2

[90mstderr[2m | tests/vector/vector-search-manager.test.ts[2m > [22m[2mVectorSearchManager[2m > 
[22m[2mremoveEntry[2m > [22m[2mshould remove entry and return true
[22m[39m[2026-04-20T10:06:37.791Z] [INFO    ] [VectorSearch] Embedding model loaded
[2026-04-20T10:06:37.791Z] [INFO    ] [VectorSearch] Vector search initialized successfully

[90mstderr[2m | tests/vector/vector-search-manager.test.ts[2m > [22m[2mVectorSearchManager[2m > 
[22m[2mremoveEntry[2m > [22m[2mshould handle SQLite errors
[22m[39m[2026-04-20T10:06:37.795Z] [INFO    ] [VectorSearch] Initializing vector search...
[2026-04-20T10:06:37.795Z] [INFO    ] [VectorSearch] Loading embedding model: Xenova/all-MiniLM-L6-v2

[90mstderr[2m | tests/vector/vector-search-manager.test.ts[2m > [22m[2mVectorSearchManager[2m > 
[22m[2mremoveEntry[2m > [22m[2mshould handle SQLite errors
[22m[39m[2026-04-20T10:06:37.797Z] [INFO    ] [VectorSearch] Embedding model loaded
[2026-04-20T10:06:37.797Z] [INFO    ] [VectorSearch] Vector search initialized successfully

[90mstderr[2m | tests/vector/vector-search-manager.test.ts[2m > [22m[2mVectorSearchManager[2m > 
[22m[2mgetStats[2m > [22m[2mshould return item count
[22m[39m[2026-04-20T10:06:37.802Z] [INFO    ] [VectorSearch] Initializing vector search...
[2026-04-20T10:06:37.802Z] [INFO    ] [VectorSearch] Loading embedding model: Xenova/all-MiniLM-L6-v2

[90mstderr[2m | tests/vector/vector-search-manager.test.ts[2m > [22m[2mVectorSearchManager[2m > 
[22m[2mgetStats[2m > [22m[2mshould return item count
[22m[39m[2026-04-20T10:06:37.805Z] [INFO    ] [VectorSearch] Embedding model loaded
[2026-04-20T10:06:37.805Z] [INFO    ] [VectorSearch] Vector search initialized successfully

[90mstderr[2m | tests/vector/vector-search-manager.test.ts[2m > [22m[2mVectorSearchManager[2m > 
[22m[2mgetStats[2m > [22m[2mshould handle SQLite errors
[22m[39m[2026-04-20T10:06:37.812Z] [INFO    ] [VectorSearch] Initializing vector search...
[2026-04-20T10:06:37.812Z] [INFO    ] [VectorSearch] Loading embedding model: Xenova/all-MiniLM-L6-v2

[90mstderr[2m | tests/vector/vector-search-manager.test.ts[2m > [22m[2mVectorSearchManager[2m > 
[22m[2mgetStats[2m > [22m[2mshould handle SQLite errors
[22m[39m[2026-04-20T10:06:37.813Z] [INFO    ] [VectorSearch] Embedding model loaded
[2026-04-20T10:06:37.813Z] [INFO    ] [VectorSearch] Vector search initialized successfully

 [32mΓ£ô[39m tests/vector/vector-search-manager.test.ts [2m([22m[2m37 tests[22m[2m)[22m[33m 613[2mms[22m[39m
[90mstderr[2m | tests/transports/http-stateful.test.ts[2m > [22m[2msetupStateful[2m > [22m[2mshould handle 
DELETE /mcp with valid session
[22m[39m[2026-04-20T10:06:37.885Z] [INFO    ] [HTTP] Session termination requested {"sessionId":"delete-session"}

 [32mΓ£ô[39m tests/transports/http-stateful.test.ts [2m([22m[2m16 tests[22m[2m)[22m[32m 224[2mms[22m[39m
 [32mΓ£ô[39m tests/markdown/exporter.test.ts [2m([22m[2m9 tests[22m[2m)[22m[32m 55[2mms[22m[39m
 [32mΓ£ô[39m tests/transports/http-transport.test.ts [2m([22m[2m22 tests[22m[2m)[22m[32m 153[2mms[22m[39m
 [32mΓ£ô[39m tests/handlers/io-tools.test.ts [2m([22m[2m12 tests[22m[2m)[22m[32m 86[2mms[22m[39m
[90mstderr[2m | tests/auth/oauth-resource-server.test.ts[2m > [22m[2mOAuthResourceServer[2m > 
[22m[2mconstruction[2m > [22m[2mshould create instance with config
[22m[39m[2026-04-20T10:06:39.136Z] [INFO    ] [AUTH][init] OAuth Resource Server initialized for: 
http://localhost:3000

[90mstderr[2m | tests/auth/oauth-resource-server.test.ts[2m > [22m[2mOAuthResourceServer[2m > 
[22m[2mconstruction[2m > [22m[2mshould default bearerMethodsSupported to [header]
[22m[39m[2026-04-20T10:06:39.145Z] [INFO    ] [AUTH][init] OAuth Resource Server initialized for: 
http://localhost:3000

[90mstderr[2m | tests/auth/oauth-resource-server.test.ts[2m > [22m[2mOAuthResourceServer[2m > 
[22m[2mcreateOAuthResourceServer factory[2m > [22m[2mshould create OAuthResourceServer instance
[22m[39m[2026-04-20T10:06:39.162Z] [INFO    ] [AUTH][init] OAuth Resource Server initialized for: 
http://localhost:3000

[90mstderr[2m | tests/auth/oauth-resource-server.test.ts[2m > [22m[2mOAuthResourceServer[2m > 
[22m[2mgetMetadata[2m > [22m[2mshould return RFC 9728 compliant metadata
[22m[39m[2026-04-20T10:06:39.164Z] [INFO    ] [AUTH][init] OAuth Resource Server initialized for: 
http://localhost:3000

[90mstderr[2m | tests/auth/oauth-resource-server.test.ts[2m > [22m[2mOAuthResourceServer[2m > 
[22m[2mgetMetadata[2m > [22m[2mshould include signing algorithms
[22m[39m[2026-04-20T10:06:39.168Z] [INFO    ] [AUTH][init] OAuth Resource Server initialized for: 
http://localhost:3000

[90mstderr[2m | tests/auth/oauth-resource-server.test.ts[2m > [22m[2mOAuthResourceServer[2m > 
[22m[2mgetMetadata[2m > [22m[2mshould include documentation link
[22m[39m[2026-04-20T10:06:39.169Z] [INFO    ] [AUTH][init] OAuth Resource Server initialized for: 
http://localhost:3000

[90mstderr[2m | tests/auth/oauth-resource-server.test.ts[2m > [22m[2mOAuthResourceServer[2m > 
[22m[2mgetMetadata[2m > [22m[2mshould cache metadata
[22m[39m[2026-04-20T10:06:39.170Z] [INFO    ] [AUTH][init] OAuth Resource Server initialized for: 
http://localhost:3000

[90mstderr[2m | tests/auth/oauth-resource-server.test.ts[2m > [22m[2mOAuthResourceServer[2m > 
[22m[2mgetWWWAuthenticateHeader[2m > [22m[2mshould return Bearer realm header
[22m[39m[2026-04-20T10:06:39.174Z] [INFO    ] [AUTH][init] OAuth Resource Server initialized for: 
http://localhost:3000

[90mstderr[2m | tests/auth/oauth-resource-server.test.ts[2m > [22m[2mOAuthResourceServer[2m > 
[22m[2mgetWWWAuthenticateHeader[2m > [22m[2mshould include error when provided
[22m[39m[2026-04-20T10:06:39.178Z] [INFO    ] [AUTH][init] OAuth Resource Server initialized for: 
http://localhost:3000

[90mstderr[2m | tests/auth/oauth-resource-server.test.ts[2m > [22m[2mOAuthResourceServer[2m > 
[22m[2mgetWWWAuthenticateHeader[2m > [22m[2mshould include error description when provided
[22m[39m[2026-04-20T10:06:39.180Z] [INFO    ] [AUTH][init] OAuth Resource Server initialized for: 
http://localhost:3000

[90mstderr[2m | tests/auth/oauth-resource-server.test.ts[2m > [22m[2mOAuthResourceServer[2m > [22m[2maccessor 
methods[2m > [22m[2mshould return resource URI
[22m[39m[2026-04-20T10:06:39.184Z] [INFO    ] [AUTH][init] OAuth Resource Server initialized for: 
http://localhost:3000

[90mstderr[2m | tests/auth/oauth-resource-server.test.ts[2m > [22m[2mOAuthResourceServer[2m > [22m[2maccessor 
methods[2m > [22m[2mshould return authorization servers
[22m[39m[2026-04-20T10:06:39.185Z] [INFO    ] [AUTH][init] OAuth Resource Server initialized for: 
http://localhost:3000

[90mstderr[2m | tests/auth/oauth-resource-server.test.ts[2m > [22m[2mOAuthResourceServer[2m > [22m[2maccessor 
methods[2m > [22m[2mshould return supported scopes
[22m[39m[2026-04-20T10:06:39.186Z] [INFO    ] [AUTH][init] OAuth Resource Server initialized for: 
http://localhost:3000

[90mstderr[2m | tests/auth/oauth-resource-server.test.ts[2m > [22m[2mOAuthResourceServer[2m > [22m[2maccessor 
methods[2m > [22m[2mshould return well-known path
[22m[39m[2026-04-20T10:06:39.186Z] [INFO    ] [AUTH][init] OAuth Resource Server initialized for: 
http://localhost:3000

[90mstderr[2m | tests/auth/oauth-resource-server.test.ts[2m > [22m[2mOAuthResourceServer[2m > 
[22m[2misScopeSupported[2m > [22m[2mshould return true for base scopes
[22m[39m[2026-04-20T10:06:39.189Z] [INFO    ] [AUTH][init] OAuth Resource Server initialized for: 
http://localhost:3000

[90mstderr[2m | tests/auth/oauth-resource-server.test.ts[2m > [22m[2mOAuthResourceServer[2m > 
[22m[2misScopeSupported[2m > [22m[2mshould return false for unsupported scopes
[22m[39m[2026-04-20T10:06:39.191Z] [INFO    ] [AUTH][init] OAuth Resource Server initialized for: 
http://localhost:3000

[90mstderr[2m | tests/auth/oauth-resource-server.test.ts[2m > [22m[2mOAuthResourceServer[2m > 
[22m[2mclearCache[2m > [22m[2mshould clear cached metadata
[22m[39m[2026-04-20T10:06:39.192Z] [INFO    ] [AUTH][init] OAuth Resource Server initialized for: 
http://localhost:3000

[90mstderr[2m | tests/auth/oauth-resource-server.test.ts[2m > [22m[2mOAuthResourceServer[2m > 
[22m[2mgetMetadataHandler[2m > [22m[2mshould return a function
[22m[39m[2026-04-20T10:06:39.198Z] [INFO    ] [AUTH][init] OAuth Resource Server initialized for: 
http://localhost:3000

[90mstderr[2m | tests/auth/oauth-resource-server.test.ts[2m > [22m[2mOAuthResourceServer[2m > 
[22m[2mgetMetadataHandler[2m > [22m[2mshould serve metadata with correct headers
[22m[39m[2026-04-20T10:06:39.201Z] [INFO    ] [AUTH][init] OAuth Resource Server initialized for: 
http://localhost:3000
[2026-04-20T10:06:39.207Z] [INFO    ] [AUTH][metadata-served] Protected Resource Metadata served

 [32mΓ£ô[39m tests/auth/oauth-resource-server.test.ts [2m([22m[2m19 tests[22m[2m)[22m[32m 94[2mms[22m[39m
 [32mΓ£ô[39m tests/codemode/sandbox-factory.test.ts [2m([22m[2m12 tests[22m[2m)[22m[32m 39[2mms[22m[39m
 [32mΓ£ô[39m tests/transports/http-transport-server.test.ts [2m([22m[2m13 tests[22m[2m)[22m[32m 128[2mms[22m[39m
 [32mΓ£ô[39m tests/utils/mcp-logger.test.ts [2m([22m[2m19 tests[22m[2m)[22m[32m 74[2mms[22m[39m
 [32mΓ£ô[39m tests/markdown/importer.test.ts [2m([22m[2m9 tests[22m[2m)[22m[32m 95[2mms[22m[39m
 [32mΓ£ô[39m tests/handlers/briefing-resource-barrel.test.ts [2m([22m[2m2 tests[22m[2m)[22m[32m 109[2mms[22m[39m
 [32mΓ£ô[39m tests/handlers/analytics-branches.test.ts [2m([22m[2m7 tests[22m[2m)[22m[32m 153[2mms[22m[39m
 [32mΓ£ô[39m tests/github/github-managers-branches.test.ts [2m([22m[2m61 tests[22m[2m)[22m[32m 228[2mms[22m[39m
 [32mΓ£ô[39m tests/auth/scopes.test.ts [2m([22m[2m51 tests[22m[2m)[22m[32m 86[2mms[22m[39m
 [32mΓ£ô[39m tests/database/database-branches.test.ts [2m([22m[2m11 tests[22m[2m)[22m[32m 219[2mms[22m[39m
 [32mΓ£ô[39m tests/constants/icons.test.ts [2m([22m[2m17 tests[22m[2m)[22m[32m 32[2mms[22m[39m
 [32mΓ£ô[39m tests/constants/server-instructions.test.ts [2m([22m[2m59 tests[22m[2m)[22m[32m 81[2mms[22m[39m
[90mstderr[2m | tests/auth/middleware.test.ts[2m > [22m[2mrequireScope[2m > [22m[2mshould return 403 when 
scope is missing
[22m[39m[2026-04-20T10:06:42.297Z] [WARNING ] [AUTH][scope-check] Insufficient scope: required admin

[90mstderr[2m | tests/auth/middleware.test.ts[2m > [22m[2mrequireAnyScope[2m > [22m[2mshould return 403 when 
no scopes match
[22m[39m[2026-04-20T10:06:42.313Z] [WARNING ] [AUTH][scope-check] Insufficient scope: required one of [admin]

[90mstderr[2m | tests/auth/middleware.test.ts[2m > [22m[2mcreateAuthMiddleware[2m > [22m[2mshould bypass auth 
for .well-known paths
[22m[39m[2026-04-20T10:06:42.356Z] [INFO    ] [AUTH][public-path] Public path accessed: 
/.well-known/oauth-authorization-server

[90mstderr[2m | tests/auth/middleware.test.ts[2m > [22m[2mcreateAuthMiddleware[2m > [22m[2mshould bypass auth 
for exact public paths
[22m[39m[2026-04-20T10:06:42.358Z] [INFO    ] [AUTH][public-path] Public path accessed: /health

[90mstderr[2m | tests/auth/middleware.test.ts[2m > [22m[2mcreateAuthMiddleware[2m > [22m[2mshould bypass auth 
for wildcard public paths
[22m[39m[2026-04-20T10:06:42.359Z] [INFO    ] [AUTH][public-path] Public path accessed: /api/users

[90mstderr[2m | tests/auth/middleware.test.ts[2m > [22m[2mcreateAuthMiddleware[2m > [22m[2mshould bypass auth 
for wildcard prefix exact match
[22m[39m[2026-04-20T10:06:42.361Z] [INFO    ] [AUTH][public-path] Public path accessed: /api

[90mstderr[2m | tests/auth/middleware.test.ts[2m > [22m[2mcreateAuthMiddleware[2m > [22m[2mshould return 401 
when no token provided
[22m[39m[2026-04-20T10:06:42.363Z] [WARNING ] [AUTH][authenticate] No access token provided

[90mstderr[2m | tests/auth/middleware.test.ts[2m > [22m[2mcreateAuthMiddleware[2m > [22m[2mshould return 401 
when token is invalid
[22m[39m[2026-04-20T10:06:42.369Z] [WARNING ] [AUTH][authenticate] Token validation failed: Token expired

[90mstderr[2m | tests/auth/middleware.test.ts[2m > [22m[2mcreateAuthMiddleware[2m > [22m[2mshould attach auth 
context and call next() for valid token
[22m[39m[2026-04-20T10:06:42.372Z] [INFO    ] [AUTH][authenticate] Request authenticated: user-42 
{"entityId":"user-42"}

[90mstderr[2m | tests/auth/middleware.test.ts[2m > [22m[2mcreateAuthMiddleware[2m > [22m[2mshould not bypass 
non-matching paths
[22m[39m[2026-04-20T10:06:42.376Z] [WARNING ] [AUTH][authenticate] No access token provided

[90mstderr[2m | tests/auth/middleware.test.ts[2m > [22m[2mrequireToolScope - scope denied[2m > [22m[2mshould 
return 403 when user lacks required scope for tool
[22m[39m[2026-04-20T10:06:42.379Z] [WARNING ] [AUTH][scope-check] Insufficient scope for tool: backup_journal

 [32mΓ£ô[39m tests/auth/middleware.test.ts [2m([22m[2m41 tests[22m[2m)[22m[32m 103[2mms[22m[39m
 [32mΓ£ô[39m tests/markdown/frontmatter.test.ts [2m([22m[2m9 tests[22m[2m)[22m[32m 34[2mms[22m[39m
[90mstderr[2m | tests/auth/token-validator.test.ts[2m > [22m[2mTokenValidator[2m > [22m[2mconstruction[2m > 
[22m[2mshould create instance with config
[22m[39m[2026-04-20T10:06:43.099Z] [INFO    ] [AUTH][init] Token Validator initialized for issuer: auth.example.com

[90mstderr[2m | tests/auth/token-validator.test.ts[2m > [22m[2mTokenValidator[2m > [22m[2mconstruction[2m > 
[22m[2mshould apply default clockTolerance
[22m[39m[2026-04-20T10:06:43.107Z] [INFO    ] [AUTH][init] Token Validator initialized for issuer: auth.example.com

[90mstderr[2m | tests/auth/token-validator.test.ts[2m > [22m[2mTokenValidator[2m > [22m[2mcreateTokenValidator 
factory[2m > [22m[2mshould create TokenValidator instance
[22m[39m[2026-04-20T10:06:43.110Z] [INFO    ] [AUTH][init] Token Validator initialized for issuer: auth.example.com

[90mstderr[2m | tests/auth/token-validator.test.ts[2m > [22m[2mTokenValidator[2m > [22m[2mvalidate[2m > 
[22m[2mshould validate token and return claims on success
[22m[39m[2026-04-20T10:06:43.112Z] [INFO    ] [AUTH][init] Token Validator initialized for issuer: auth.example.com
[2026-04-20T10:06:43.113Z] [INFO    ] [AUTH][jwks-fetch] Fetching JWKS from: auth.example.com
[2026-04-20T10:06:43.114Z] [INFO    ] [AUTH][jwks-cache] JWKS cached for 3600s

[90mstderr[2m | tests/auth/token-validator.test.ts[2m > [22m[2mTokenValidator[2m > [22m[2mvalidate[2m > 
[22m[2mshould validate token and return claims on success
[22m[39m[2026-04-20T10:06:43.115Z] [INFO    ] [AUTH][validate] Token validated for subject: user-1 
{"entityId":"user-1"}

[90mstderr[2m | tests/auth/token-validator.test.ts[2m > [22m[2mTokenValidator[2m > [22m[2mvalidate[2m > 
[22m[2mshould return invalid for expired tokens
[22m[39m[2026-04-20T10:06:43.120Z] [INFO    ] [AUTH][init] Token Validator initialized for issuer: auth.example.com
[2026-04-20T10:06:43.120Z] [INFO    ] [AUTH][jwks-fetch] Fetching JWKS from: auth.example.com
[2026-04-20T10:06:43.120Z] [INFO    ] [AUTH][jwks-cache] JWKS cached for 3600s

[90mstderr[2m | tests/auth/token-validator.test.ts[2m > [22m[2mTokenValidator[2m > [22m[2mvalidate[2m > 
[22m[2mshould return invalid for expired tokens
[22m[39m[2026-04-20T10:06:43.122Z] [WARNING ] [AUTH][validate] Token has expired

[90mstderr[2m | tests/auth/token-validator.test.ts[2m > [22m[2mTokenValidator[2m > [22m[2mvalidate[2m > 
[22m[2mshould handle signature verification failure
[22m[39m[2026-04-20T10:06:43.125Z] [INFO    ] [AUTH][init] Token Validator initialized for issuer: auth.example.com
[2026-04-20T10:06:43.125Z] [INFO    ] [AUTH][jwks-fetch] Fetching JWKS from: auth.example.com
[2026-04-20T10:06:43.125Z] [INFO    ] [AUTH][jwks-cache] JWKS cached for 3600s

[90mstderr[2m | tests/auth/token-validator.test.ts[2m > [22m[2mTokenValidator[2m > [22m[2mvalidate[2m > 
[22m[2mshould handle signature verification failure
[22m[39m[2026-04-20T10:06:43.126Z] [WARNING ] [AUTH][validate] Token signature verification failed

[90mstderr[2m | tests/auth/token-validator.test.ts[2m > [22m[2mTokenValidator[2m > [22m[2mvalidate[2m > 
[22m[2mshould handle claim validation failure
[22m[39m[2026-04-20T10:06:43.127Z] [INFO    ] [AUTH][init] Token Validator initialized for issuer: auth.example.com
[2026-04-20T10:06:43.127Z] [INFO    ] [AUTH][jwks-fetch] Fetching JWKS from: auth.example.com
[2026-04-20T10:06:43.128Z] [INFO    ] [AUTH][jwks-cache] JWKS cached for 3600s

[90mstderr[2m | tests/auth/token-validator.test.ts[2m > [22m[2mTokenValidator[2m > [22m[2mvalidate[2m > 
[22m[2mshould handle claim validation failure
[22m[39m[2026-04-20T10:06:43.128Z] [WARNING ] [AUTH][validate] Token claim validation failed: Claim validation failed

[90mstderr[2m | tests/auth/token-validator.test.ts[2m > [22m[2mTokenValidator[2m > [22m[2mvalidate[2m > 
[22m[2mshould handle no matching key in JWKS
[22m[39m[2026-04-20T10:06:43.130Z] [INFO    ] [AUTH][init] Token Validator initialized for issuer: auth.example.com
[2026-04-20T10:06:43.130Z] [INFO    ] [AUTH][jwks-fetch] Fetching JWKS from: auth.example.com
[2026-04-20T10:06:43.130Z] [INFO    ] [AUTH][jwks-cache] JWKS cached for 3600s

[90mstderr[2m | tests/auth/token-validator.test.ts[2m > [22m[2mTokenValidator[2m > [22m[2mvalidate[2m > 
[22m[2mshould handle no matching key in JWKS
[22m[39m[2026-04-20T10:06:43.131Z] [WARNING ] [AUTH][validate] No matching key found in JWKS

[90mstderr[2m | tests/auth/token-validator.test.ts[2m > [22m[2mTokenValidator[2m > [22m[2mvalidate[2m > 
[22m[2mshould handle unknown errors
[22m[39m[2026-04-20T10:06:43.132Z] [INFO    ] [AUTH][init] Token Validator initialized for issuer: auth.example.com
[2026-04-20T10:06:43.132Z] [INFO    ] [AUTH][jwks-fetch] Fetching JWKS from: auth.example.com
[2026-04-20T10:06:43.133Z] [INFO    ] [AUTH][jwks-cache] JWKS cached for 3600s

[90mstderr[2m | tests/auth/token-validator.test.ts[2m > [22m[2mTokenValidator[2m > [22m[2mvalidate[2m > 
[22m[2mshould handle unknown errors
[22m[39m[2026-04-20T10:06:43.133Z] [ERROR   ] [AUTH][validate] Token validation failed: Unknown error

[90mstderr[2m | tests/auth/token-validator.test.ts[2m > [22m[2mTokenValidator[2m > [22m[2mvalidate[2m > 
[22m[2mshould parse scope claim as string
[22m[39m[2026-04-20T10:06:43.153Z] [INFO    ] [AUTH][init] Token Validator initialized for issuer: auth.example.com
[2026-04-20T10:06:43.153Z] [INFO    ] [AUTH][jwks-fetch] Fetching JWKS from: auth.example.com
[2026-04-20T10:06:43.153Z] [INFO    ] [AUTH][jwks-cache] JWKS cached for 3600s

[90mstderr[2m | tests/auth/token-validator.test.ts[2m > [22m[2mTokenValidator[2m > [22m[2mvalidate[2m > 
[22m[2mshould parse scope claim as string
[22m[39m[2026-04-20T10:06:43.156Z] [INFO    ] [AUTH][validate] Token validated for subject: user-1 
{"entityId":"user-1"}

[90mstderr[2m | tests/auth/token-validator.test.ts[2m > [22m[2mTokenValidator[2m > [22m[2mvalidate[2m > 
[22m[2mshould parse scopes claim as array
[22m[39m[2026-04-20T10:06:43.158Z] [INFO    ] [AUTH][init] Token Validator initialized for issuer: auth.example.com
[2026-04-20T10:06:43.158Z] [INFO    ] [AUTH][jwks-fetch] Fetching JWKS from: auth.example.com
[2026-04-20T10:06:43.158Z] [INFO    ] [AUTH][jwks-cache] JWKS cached for 3600s

[90mstderr[2m | tests/auth/token-validator.test.ts[2m > [22m[2mTokenValidator[2m > [22m[2mvalidate[2m > 
[22m[2mshould parse scopes claim as array
[22m[39m[2026-04-20T10:06:43.160Z] [INFO    ] [AUTH][validate] Token validated for subject: user-2 
{"entityId":"user-2"}

[90mstderr[2m | tests/auth/token-validator.test.ts[2m > [22m[2mTokenValidator[2m > [22m[2mcache management[2m 
> [22m[2mshould clear cache
[22m[39m[2026-04-20T10:06:43.161Z] [INFO    ] [AUTH][init] Token Validator initialized for issuer: auth.example.com
[2026-04-20T10:06:43.164Z] [INFO    ] [AUTH][cache-clear] Token validator cache cleared

[90mstderr[2m | tests/auth/token-validator.test.ts[2m > [22m[2mTokenValidator[2m > [22m[2mcache management[2m 
> [22m[2mshould refresh JWKS
[22m[39m[2026-04-20T10:06:43.165Z] [INFO    ] [AUTH][init] Token Validator initialized for issuer: auth.example.com
[2026-04-20T10:06:43.166Z] [INFO    ] [AUTH][jwks-fetch] Fetching JWKS from: auth.example.com
[2026-04-20T10:06:43.166Z] [INFO    ] [AUTH][jwks-cache] JWKS cached for 3600s
[2026-04-20T10:06:43.166Z] [INFO    ] [AUTH][jwks-refresh] JWKS cache refreshed

 [32mΓ£ô[39m tests/codemode/api.test.ts [2m([22m[2m37 tests[22m[2m)[22m[32m 208[2mms[22m[39m
 [32mΓ£ô[39m tests/auth/token-validator.test.ts [2m([22m[2m16 tests[22m[2m)[22m[32m 162[2mms[22m[39m
 [32mΓ£ô[39m tests/handlers/template-github-branches.test.ts [2m([22m[2m35 tests[22m[2m)[22m[32m 114[2mms[22m[39m
 [32mΓ£ô[39m tests/handlers/briefing-github-section.test.ts [2m([22m[2m24 tests[22m[2m)[22m[32m 85[2mms[22m[39m
 [32mΓ£ô[39m tests/utils/query-helpers.test.ts [2m([22m[2m16 tests[22m[2m)[22m[32m 23[2mms[22m[39m
[90mstderr[2m | tests/vector/vector-manager-coverage.test.ts[2m > [22m[2mVectorSearchManager - error coverage[2m 
> [22m[2mcovers DB insertion error in addEntry
[22m[39m[2026-04-20T10:06:44.072Z] [ERROR   ] [VectorSearch] Failed to add entry to vector index 
{"entityId":1,"error":"db error"}

[90mstderr[2m | tests/vector/vector-manager-coverage.test.ts[2m > [22m[2mVectorSearchManager - error coverage[2m 
> [22m[2mcovers error path in search
[22m[39m[2026-04-20T10:06:44.082Z] [ERROR   ] [VectorSearch] Semantic search failed {"error":"db search err"}

[90mstderr[2m | tests/vector/vector-manager-coverage.test.ts[2m > [22m[2mVectorSearchManager - error coverage[2m 
> [22m[2mcovers error path in searchByEntryId
[22m[39m[2026-04-20T10:06:44.087Z] [ERROR   ] [VectorSearch] searchByEntryId failed {"entityId":1,"error":"db search 
id err"}

[90mstderr[2m | tests/vector/vector-manager-coverage.test.ts[2m > [22m[2mVectorSearchManager - error coverage[2m 
> [22m[2mcovers insertion and embedding errors in rebuildIndex
[22m[39m[2026-04-20T10:06:44.092Z] [INFO    ] [VectorSearch] Rebuilding vector index from database...

[90mstderr[2m | tests/vector/vector-manager-coverage.test.ts[2m > [22m[2mVectorSearchManager - error coverage[2m 
> [22m[2mcovers insertion and embedding errors in rebuildIndex
[22m[39m[2026-04-20T10:06:44.094Z] [ERROR   ] [VectorSearch] Failed to batch insert entries into vector index 
{"error":"insert err first"}

 [32mΓ£ô[39m tests/github/client-issues-errors.test.ts [2m([22m[2m33 tests[22m[2m)[22m[32m 69[2mms[22m[39m
[90mstderr[2m | tests/vector/vector-manager-coverage.test.ts[2m > [22m[2mVectorSearchManager - error coverage[2m 
> [22m[2mcovers insertion and embedding errors in rebuildIndex
[22m[39m[2026-04-20T10:06:44.111Z] [WARNING ] [VectorSearch] Vector index rebuild: 0 indexed, 2 failed
[2026-04-20T10:06:44.112Z] [WARNING ] [VectorSearch] Failed to clear stale embeddings {"error":"TypeError: 
this.dbAdapter.cleanupStaleVectors is not a function"}

 [32mΓ£ô[39m tests/vector/vector-manager-coverage.test.ts [2m([22m[2m7 tests[22m[2m)[22m[32m 60[2mms[22m[39m
[90mstderr[2m | tests/github/client-issues-comments.test.ts[2m > [22m[2mIssuesManager - getIssueComments 
(Coverage)[2m > [22m[2mhandles errors during fetch
[22m[39m[2026-04-20T10:06:44.727Z] [ERROR   ] [GitHub] Failed to get issue comments {"entityId":1,"error":"API 
error"}

[90mstderr[2m | tests/github/client-issues-comments.test.ts[2m > [22m[2mIssuesManager - getIssues (Coverage)[2m 
> [22m[2mhandles errors during fetch
[22m[39m[2026-04-20T10:06:44.747Z] [ERROR   ] [GitHub] Failed to get issues {"error":"API error"}

[90mstderr[2m | tests/github/client-issues-comments.test.ts[2m > [22m[2mIssuesManager - getIssue (Coverage)[2m > 
[22m[2mhandles errors during fetch
[22m[39m[2026-04-20T10:06:44.754Z] [ERROR   ] [GitHub] Failed to get issue details {"entityId":1,"error":"API error"}

 [32mΓ£ô[39m tests/github/client-issues-comments.test.ts [2m([22m[2m14 tests[22m[2m)[22m[32m 53[2mms[22m[39m
 [32mΓ£ô[39m tests/observability/metrics.test.ts [2m([22m[2m14 tests[22m[2m)[22m[32m 37[2mms[22m[39m
 [32mΓ£ô[39m tests/utils/security-utils.test.ts [2m([22m[2m14 tests[22m[2m)[22m[32m 45[2mms[22m[39m
 [32mΓ£ô[39m tests/handlers/briefing-context-section.test.ts [2m([22m[2m20 tests[22m[2m)[22m[32m 63[2mms[22m[39m
 [32mΓ£ô[39m tests/filtering/tool-filter.test.ts [2m([22m[2m34 tests[22m[2m)[22m[32m 59[2mms[22m[39m
 [32mΓ£ô[39m tests/auth/errors.test.ts [2m([22m[2m24 tests[22m[2m)[22m[32m 53[2mms[22m[39m
[90mstderr[2m | tests/observability/interceptor.test.ts[2m > [22m[2mwrapWithMetrics[2m > [22m[2mdoes not crash 
when accumulator throws internally
[22m[39m[2026-04-20T10:06:45.711Z] [ERROR   ] [Metrics] Accumulator failed to record metrics: {"error":"accumulator 
internal error"}

 [32mΓ£ô[39m tests/observability/interceptor.test.ts [2m([22m[2m9 tests[22m[2m)[22m[32m 86[2mms[22m[39m
 [32mΓ£ô[39m tests/codemode/security.test.ts [2m([22m[2m35 tests[22m[2m)[22m[32m 75[2mms[22m[39m
 [32mΓ£ô[39m tests/codemode/auto-return.test.ts [2m([22m[2m28 tests[22m[2m)[22m[32m 146[2mms[22m[39m
[90mstderr[2m | tests/github/pull-requests-coverage.test.ts[2m > [22m[2mPullRequestsManager - coverage[2m > 
[22m[2mgetPullRequests handles string error
[22m[39m[2026-04-20T10:06:46.882Z] [ERROR   ] [GitHub] Failed to get pull requests {"error":"String Error"}

[90mstderr[2m | tests/github/pull-requests-coverage.test.ts[2m > [22m[2mPullRequestsManager - coverage[2m > 
[22m[2mgetPullRequest handles string error and draft
[22m[39m[2026-04-20T10:06:46.897Z] [ERROR   ] [GitHub] Failed to get PR details {"entityId":1,"error":"String Error"}

[90mstderr[2m | tests/github/pull-requests-coverage.test.ts[2m > [22m[2mPullRequestsManager - coverage[2m > 
[22m[2mgetReviews handles string error and missing submitted_at
[22m[39m[2026-04-20T10:06:46.901Z] [ERROR   ] [GitHub] Failed to get PR reviews {"entityId":1,"error":"String Error"}

[90mstderr[2m | tests/github/pull-requests-coverage.test.ts[2m > [22m[2mPullRequestsManager - coverage[2m > 
[22m[2mgetReviewComments handles string error
[22m[39m[2026-04-20T10:06:46.903Z] [ERROR   ] [GitHub] Failed to get review comments {"entityId":1,"error":"String 
Error"}

 [32mΓ£ô[39m tests/github/pull-requests-coverage.test.ts [2m([22m[2m5 tests[22m[2m)[22m[32m 40[2mms[22m[39m
[90mstderr[2m | tests/github/client-projects-coverage.test.ts[2m > [22m[2mProjectsManager - additional 
coverage[2m > [22m[2mdeleteProjectItem handles successful deletion
[22m[39m[2026-04-20T10:06:47.049Z] [INFO    ] [GitHub] Deleted project item 
{"context":{"projectId":"proj1","itemId":"item1"}}

[90mstderr[2m | tests/github/client-projects-coverage.test.ts[2m > [22m[2mProjectsManager - additional 
coverage[2m > [22m[2mdeleteProjectItem handles errors
[22m[39m[2026-04-20T10:06:47.062Z] [ERROR   ] [GitHub] Failed to delete item from project 
{"context":{"projectId":"proj1","itemId":"item1"},"error":"API Error"}

[90mstderr[2m | tests/github/client-projects-coverage.test.ts[2m > [22m[2mProjectsManager - additional 
coverage[2m > [22m[2maddProjectItem handles successful addition
[22m[39m[2026-04-20T10:06:47.067Z] [INFO    ] [GitHub] Added item to project 
{"context":{"projectId":"proj1","contentId":"content1","itemId":"newItem"}}

[90mstderr[2m | tests/github/client-projects-coverage.test.ts[2m > [22m[2mProjectsManager - additional 
coverage[2m > [22m[2maddProjectItem handles errors
[22m[39m[2026-04-20T10:06:47.077Z] [ERROR   ] [GitHub] Failed to add item to project 
{"context":{"projectId":"proj1","contentId":"content1"},"error":"API Error"}

 [32mΓ£ô[39m tests/github/client-projects-coverage.test.ts [2m([22m[2m6 tests[22m[2m)[22m[32m 50[2mms[22m[39m
 [32mΓ£ô[39m tests/transports/http-security.test.ts [2m([22m[2m19 tests[22m[2m)[22m[32m 37[2mms[22m[39m
 [32mΓ£ô[39m tests/utils/progress-utils.test.ts [2m([22m[2m12 tests[22m[2m)[22m[32m 51[2mms[22m[39m
 [32mΓ£ô[39m tests/handlers/copilot-tools.test.ts [2m([22m[2m4 tests[22m[2m)[22m[32m 39[2mms[22m[39m
 [32mΓ£ô[39m tests/utils/logger.test.ts [2m([22m[2m16 tests[22m[2m)[22m[32m 43[2mms[22m[39m
 [32mΓ£ô[39m tests/codemode/result-size-cap.test.ts [2m([22m[2m9 tests[22m[2m)[22m[32m 37[2mms[22m[39m
 [32mΓ£ô[39m tests/handlers/briefing-user-message.test.ts [2m([22m[2m19 tests[22m[2m)[22m[32m 52[2mms[22m[39m
 [32mΓ£ô[39m tests/handlers/utilities-coverage.test.ts [2m([22m[2m4 tests[22m[2m)[22m[32m 31[2mms[22m[39m
 [32mΓ£ô[39m tests/handlers/team-io-tools.test.ts [2m([22m[2m8 tests[22m[2m)[22m[32m 44[2mms[22m[39m
 [32mΓ£ô[39m tests/handlers/workflow-prompts.test.ts [2m([22m[2m7 tests[22m[2m)[22m[32m 45[2mms[22m[39m
 [32mΓ£ô[39m tests/vector/vector-search-branches.test.ts [2m([22m[2m5 tests[22m[2m)[22m[32m 43[2mms[22m[39m
 [32mΓ£ô[39m tests/handlers/metrics-resource.test.ts [2m([22m[2m8 tests[22m[2m)[22m[32m 35[2mms[22m[39m
 [32mΓ£ô[39m tests/handlers/insights-resources.test.ts [2m([22m[2m6 tests[22m[2m)[22m[32m 40[2mms[22m[39m
 [32mΓ£ô[39m tests/database/shared-helpers.test.ts [2m([22m[2m11 tests[22m[2m)[22m[32m 31[2mms[22m[39m
 [32mΓ£ô[39m tests/utils/github-helpers.test.ts [2m([22m[2m8 tests[22m[2m)[22m[32m 20[2mms[22m[39m
 [32mΓ£ô[39m tests/observability/token-estimator.test.ts [2m([22m[2m16 tests[22m[2m)[22m[32m 75[2mms[22m[39m
 [32mΓ£ô[39m tests/auth/scope-map.test.ts [2m([22m[2m7 tests[22m[2m)[22m[32m 30[2mms[22m[39m
 [32mΓ£ô[39m tests/audit/audit-resource.test.ts [2m([22m[2m3 tests[22m[2m)[22m[32m 22[2mms[22m[39m
 [32mΓ£ô[39m tests/auth/auth-context.test.ts [2m([22m[2m7 tests[22m[2m)[22m[32m 37[2mms[22m[39m
 [32mΓ£ô[39m tests/handlers/briefing-insights-section.test.ts [2m([22m[2m4 tests[22m[2m)[22m[32m 30[2mms[22m[39m
 [32mΓ£ô[39m tests/handlers/hybrid-search.test.ts [2m([22m[2m6 tests[22m[2m)[22m[32m 28[2mms[22m[39m

[31mΓÄ»ΓÄ»ΓÄ»ΓÄ»ΓÄ»ΓÄ»[39m[1m[41m Failed Suites 28 [49m[22m[31mΓÄ»ΓÄ»ΓÄ»ΓÄ»ΓÄ»ΓÄ»[39m

[41m[1m FAIL [22m[49m tests/codemode/codemode-tool-handlers.test.ts[2m [ 
tests/codemode/codemode-tool-handlers.test.ts ][22m
[41m[1m FAIL [22m[49m tests/handlers/catch-block-coverage.test.ts[2m [ 
tests/handlers/catch-block-coverage.test.ts ][22m
[41m[1m FAIL [22m[49m tests/handlers/codemode-tools.test.ts[2m [ tests/handlers/codemode-tools.test.ts ][22m
[41m[1m FAIL [22m[49m tests/handlers/error-path-coverage.test.ts[2m [ tests/handlers/error-path-coverage.test.ts 
][22m
[41m[1m FAIL [22m[49m tests/handlers/github-body-truncation.test.ts[2m [ 
tests/handlers/github-body-truncation.test.ts ][22m
[41m[1m FAIL [22m[49m tests/handlers/github-tool-handlers.test.ts[2m [ 
tests/handlers/github-tool-handlers.test.ts ][22m
[41m[1m FAIL [22m[49m tests/handlers/search-tool-handlers.test.ts[2m [ 
tests/handlers/search-tool-handlers.test.ts ][22m
[41m[1m FAIL [22m[49m tests/handlers/targeted-gap-closure-2.test.ts[2m [ 
tests/handlers/targeted-gap-closure-2.test.ts ][22m
[41m[1m FAIL [22m[49m tests/handlers/team-core.test.ts[2m [ tests/handlers/team-core.test.ts ][22m
[41m[1m FAIL [22m[49m tests/handlers/team-data.test.ts[2m [ tests/handlers/team-data.test.ts ][22m
[41m[1m FAIL [22m[49m tests/handlers/team-flags.test.ts[2m [ tests/handlers/team-flags.test.ts ][22m
[41m[1m FAIL [22m[49m tests/handlers/tool-output-schemas.test.ts[2m [ tests/handlers/tool-output-schemas.test.ts 
][22m
[41m[1m FAIL [22m[49m tests/handlers/vector-tool-handlers.test.ts[2m [ 
tests/handlers/vector-tool-handlers.test.ts ][22m
[31m[1mError[22m: Transform failed with 1 error:

[31m[PARSE_ERROR] Error:[0m Unexpected token
     [38;5;246mΓò¡[0m[38;5;246mΓöÇ[0m[38;5;246m[[0m src/handlers/tools/codemode.ts:147:1 [38;5;246m][0m
     [38;5;246mΓöé[0m
 [38;5;246m147 Γöé[0m }
 [38;5;240m    Γöé[0m Γö¼  
 [38;5;240m    Γöé[0m Γò░ΓöÇΓöÇ 
[38;5;246mΓöÇΓöÇΓöÇΓöÇΓöÇΓò»[0m
[39m
  Plugin: [35mvite:oxc[39m
  File: [36mC:/Users/chris/Desktop/memory-journal-mcp/src/handlers/tools/codemode.ts[39m
[90m [2mΓ¥»[22m transformWithOxc node_modules/vite/dist/node/chunks/node.js:[2m3745:19[22m[39m
[90m [2mΓ¥»[22m TransformPluginContext.transform node_modules/vite/dist/node/chunks/node.js:[2m3813:26[22m[39m
[90m [2mΓ¥»[22m EnvironmentPluginContainer.transform 
node_modules/vite/dist/node/chunks/node.js:[2m30143:51[22m[39m
[90m [2mΓ¥»[22m loadAndTransform node_modules/vite/dist/node/chunks/node.js:[2m24468:26[22m[39m

[31m[2mΓÄ»ΓÄ»ΓÄ»ΓÄ»ΓÄ»ΓÄ»ΓÄ»ΓÄ»ΓÄ»ΓÄ»ΓÄ»ΓÄ»ΓÄ»ΓÄ»ΓÄ»ΓÄ»ΓÄ»ΓÄ»ΓÄ»ΓÄ»ΓÄ»ΓÄ»ΓÄ»[1/42]ΓÄ»[22m[39m

[41m[1m FAIL [22m[49m tests/handlers/handler-error-branches.test.ts[2m [ 
tests/handlers/handler-error-branches.test.ts ][22m
[41m[1m FAIL [22m[49m tests/handlers/kanban-payload-optimization.test.ts[2m [ 
tests/handlers/kanban-payload-optimization.test.ts ][22m
[41m[1m FAIL [22m[49m tests/handlers/max-query-limit.test.ts[2m [ tests/handlers/max-query-limit.test.ts ][22m
[41m[1m FAIL [22m[49m tests/handlers/search-excellence.test.ts[2m [ tests/handlers/search-excellence.test.ts 
][22m
[41m[1m FAIL [22m[49m tests/handlers/targeted-gap-closure.test.ts[2m [ 
tests/handlers/targeted-gap-closure.test.ts ][22m
[41m[1m FAIL [22m[49m tests/handlers/team-admin.test.ts[2m [ tests/handlers/team-admin.test.ts ][22m
[41m[1m FAIL [22m[49m tests/handlers/team-analytics.test.ts[2m [ tests/handlers/team-analytics.test.ts ][22m
[41m[1m FAIL [22m[49m tests/handlers/team-relationships.test.ts[2m [ tests/handlers/team-relationships.test.ts 
][22m
[41m[1m FAIL [22m[49m tests/handlers/team-search.test.ts[2m [ tests/handlers/team-search.test.ts ][22m
[41m[1m FAIL [22m[49m tests/handlers/team-tool-handlers.test.ts[2m [ tests/handlers/team-tool-handlers.test.ts 
][22m
[41m[1m FAIL [22m[49m tests/handlers/team-vector.test.ts[2m [ tests/handlers/team-vector.test.ts ][22m
[41m[1m FAIL [22m[49m tests/handlers/tool-annotations.test.ts[2m [ tests/handlers/tool-annotations.test.ts ][22m
[41m[1m FAIL [22m[49m tests/handlers/tool-handler-coverage.test.ts[2m [ 
tests/handlers/tool-handler-coverage.test.ts ][22m
[41m[1m FAIL [22m[49m tests/handlers/tool-handlers.test.ts[2m [ tests/handlers/tool-handlers.test.ts ][22m
[41m[1m FAIL [22m[49m tests/server/mcp-server.test.ts[2m [ tests/server/mcp-server.test.ts ][22m
[31m[1mError[22m: Transform failed with 1 error:

[31m[PARSE_ERROR] Error:[0m Unexpected token
     [38;5;246mΓò¡[0m[38;5;246mΓöÇ[0m[38;5;246m[[0m src/handlers/tools/codemode.ts:147:1 [38;5;246m][0m
     [38;5;246mΓöé[0m
 [38;5;246m147 Γöé[0m }
 [38;5;240m    Γöé[0m Γö¼  
 [38;5;240m    Γöé[0m Γò░ΓöÇΓöÇ 
[38;5;246mΓöÇΓöÇΓöÇΓöÇΓöÇΓò»[0m
[39m
  Plugin: [35mvite:oxc[39m
  File: [36mC:/Users/chris/Desktop/memory-journal-mcp/src/handlers/tools/codemode.ts[39m
[90m [2mΓ¥»[22m transformWithOxc node_modules/vite/dist/node/chunks/node.js:[2m3745:19[22m[39m
[90m [2mΓ¥»[22m TransformPluginContext.transform node_modules/vite/dist/node/chunks/node.js:[2m3813:26[22m[39m
[90m [2mΓ¥»[22m EnvironmentPluginContainer.transform 
node_modules/vite/dist/node/chunks/node.js:[2m30143:51[22m[39m
[90m [2mΓ¥»[22m loadAndTransform node_modules/vite/dist/node/chunks/node.js:[2m24468:26[22m[39m
[90m [2mΓ¥»[22m fetchModule node_modules/vite/dist/node/chunks/node.js:[2m23059:15[22m[39m

[31m[2mΓÄ»ΓÄ»ΓÄ»ΓÄ»ΓÄ»ΓÄ»ΓÄ»ΓÄ»ΓÄ»ΓÄ»ΓÄ»ΓÄ»ΓÄ»ΓÄ»ΓÄ»ΓÄ»ΓÄ»ΓÄ»ΓÄ»ΓÄ»ΓÄ»ΓÄ»ΓÄ»[2/42]ΓÄ»[22m[39m


[31mΓÄ»ΓÄ»ΓÄ»ΓÄ»ΓÄ»ΓÄ»[39m[1m[41m Failed Tests 14 [49m[22m[31mΓÄ»ΓÄ»ΓÄ»ΓÄ»ΓÄ»ΓÄ»ΓÄ»[39m

[41m[1m FAIL [22m[49m tests/database/native-connection.test.ts[2m > [22mNativeConnectionManager[2m > 
[22mschema migration[2m > [22mshould populate FTS5 on existing DBs missing FTS rows
[31m[1mAssertionError[22m: expected +0 to be 1 // Object.is equality[39m

[32m- Expected[39m
[31m+ Received[39m

[32m- 1[39m
[31m+ 0[39m

[36m [2mΓ¥»[22m tests/database/native-connection.test.ts:[2m178:30[22m[39m
    [90m176|[39m                 console.log('FTS_CONTENT ROWS:', db2.prepare('SELECT rΓÇª
    [90m177|[39m             }
    [90m178|[39m             [34mexpect[39m(ftsCount)[33m.[39m[34mtoBe[39m([34m1[39m)
    [90m   |[39m                              [31m^[39m
    [90m179|[39m             mgr2[33m.[39m[34mclose[39m()
    [90m180|[39m         })

[31m[2mΓÄ»ΓÄ»ΓÄ»ΓÄ»ΓÄ»ΓÄ»ΓÄ»ΓÄ»ΓÄ»ΓÄ»ΓÄ»ΓÄ»ΓÄ»ΓÄ»ΓÄ»ΓÄ»ΓÄ»ΓÄ»ΓÄ»ΓÄ»ΓÄ»ΓÄ»ΓÄ»[3/42]ΓÄ»[22m[39m

[41m[1m FAIL [22m[49m tests/database/native-connection.test.ts[2m > [22mNativeConnectionManager[2m > 
[22mschema migration[2m > [22mshould rebuild FTS5 index if ghost entries detected
[31m[1mAssertionError[22m: expected 3 to be +0 // Object.is equality[39m

[32m- Expected[39m
[31m+ Received[39m

[32m- 0[39m
[31m+ 3[39m

[36m [2mΓ¥»[22m tests/database/native-connection.test.ts:[2m206:30[22m[39m
    [90m204|[39m                 db2.prepare('SELECT COUNT(*) as c FROM fts_content_docΓÇª
    [90m205|[39m             )[33m.[39mc
    [90m206|[39m             [34mexpect[39m(ftsCount)[33m.[39m[34mtoBe[39m([34m0[39m) [90m// should be 
cleaned up![39m
    [90m   |[39m                              [31m^[39m
    [90m207|[39m             mgr2[33m.[39m[34mclose[39m()
    [90m208|[39m         })

[31m[2mΓÄ»ΓÄ»ΓÄ»ΓÄ»ΓÄ»ΓÄ»ΓÄ»ΓÄ»ΓÄ»ΓÄ»ΓÄ»ΓÄ»ΓÄ»ΓÄ»ΓÄ»ΓÄ»ΓÄ»ΓÄ»ΓÄ»ΓÄ»ΓÄ»ΓÄ»ΓÄ»[4/42]ΓÄ»[22m[39m

[41m[1m FAIL [22m[49m tests/handlers/help-resource.test.ts[2m > [22mHelp Resource Handlers[2m > [22mshould 
generate memory://help listing all groups
[31m[1mAssertionError[22m: expected 0 to be greater than 0[39m
[36m [2mΓ¥»[22m tests/handlers/help-resource.test.ts:[2m35:41[22m[39m
    [90m 33|[39m
    [90m 34|[39m         const result = (await rootHelp!.handler('memory://help', getCoΓÇª
    [90m 35|[39m         
[34mexpect[39m(result[33m.[39mdata[33m.[39mtotalGroups)[33m.[39m[34mtoBeGreaterThan[39m([34m0[39m)
    [90m   |[39m                                         [31m^[39m
    [90m 36|[39m         expect(result.data.groups.some((g: any) => g.name === 'core'))ΓÇª
    [90m 37|[39m         expect(result.data.groups.some((g: any) => g.name === 'search'ΓÇª

[31m[2mΓÄ»ΓÄ»ΓÄ»ΓÄ»ΓÄ»ΓÄ»ΓÄ»ΓÄ»ΓÄ»ΓÄ»ΓÄ»ΓÄ»ΓÄ»ΓÄ»ΓÄ»ΓÄ»ΓÄ»ΓÄ»ΓÄ»ΓÄ»ΓÄ»ΓÄ»ΓÄ»[5/42]ΓÄ»[22m[39m

[41m[1m FAIL [22m[49m tests/handlers/help-resource.test.ts[2m > [22mHelp Resource Handlers[2m > [22mshould 
generate memory://help/{group} for a valid group
[31m[1mAssertionError[22m: expected undefined to be 'core' // Object.is equality[39m

[32m- Expected:[39m
"core"

[31m+ Received:[39m
undefined

[36m [2mΓ¥»[22m tests/handlers/help-resource.test.ts:[2m46:35[22m[39m
    [90m 44|[39m
    [90m 45|[39m         const result = (await groupHelp!.handler('memory://help/core',ΓÇª
    [90m 46|[39m         
[34mexpect[39m(result[33m.[39mdata[33m.[39mgroup)[33m.[39m[34mtoBe[39m([32m'core'[39m)
    [90m   |[39m                                   [31m^[39m
    [90m 47|[39m         [34mexpect[39m(result[33m.[39mdata[33m.[39mtools[33m.[39mlength)[33m.[39m[34mtoBe
GreaterThan[39m([34m0[39m)
    [90m 48|[39m         expect(result.data.tools.some((t: any) => t.name === 'create_eΓÇª

[31m[2mΓÄ»ΓÄ»ΓÄ»ΓÄ»ΓÄ»ΓÄ»ΓÄ»ΓÄ»ΓÄ»ΓÄ»ΓÄ»ΓÄ»ΓÄ»ΓÄ»ΓÄ»ΓÄ»ΓÄ»ΓÄ»ΓÄ»ΓÄ»ΓÄ»ΓÄ»ΓÄ»[6/42]ΓÄ»[22m[39m

[41m[1m FAIL [22m[49m tests/handlers/help-resource.test.ts[2m > [22mHelp Resource Handlers[2m > [22mshould 
handle all tool groups including codemode and team
[31m[1mAssertionError[22m: expected [] to include 'admin'[39m
[36m [2mΓ¥»[22m tests/handlers/help-resource.test.ts:[2m103:28[22m[39m
    [90m101|[39m         const result = (await rootHelp!.handler('memory://help', getCoΓÇª
    [90m102|[39m         [35mconst[39m groupNames [33m=[39m 
result[33m.[39mdata[33m.[39mgroups[33m.[39m[34mmap[39m((g[33m:[39m any) [33m=>[39m g[33m.[39mname)
    [90m103|[39m         [34mexpect[39m(groupNames)[33m.[39m[34mtoContain[39m([32m'admin'[39m)
    [90m   |[39m                            [31m^[39m
    [90m104|[39m         [34mexpect[39m(groupNames)[33m.[39m[34mtoContain[39m([32m'backup'[39m)
    [90m105|[39m     })

[31m[2mΓÄ»ΓÄ»ΓÄ»ΓÄ»ΓÄ»ΓÄ»ΓÄ»ΓÄ»ΓÄ»ΓÄ»ΓÄ»ΓÄ»ΓÄ»ΓÄ»ΓÄ»ΓÄ»ΓÄ»ΓÄ»ΓÄ»ΓÄ»ΓÄ»ΓÄ»ΓÄ»[7/42]ΓÄ»[22m[39m

[41m[1m FAIL [22m[49m tests/handlers/help-resource.test.ts[2m > [22mHelp Resource Handlers[2m > [22mshould 
extract parameters from admin group tools
[31m[1mAssertionError[22m: expected undefined to be 'admin' // Object.is equality[39m

[32m- Expected:[39m
"admin"

[31m+ Received:[39m
undefined

[36m [2mΓ¥»[22m tests/handlers/help-resource.test.ts:[2m112:35[22m[39m
    [90m110|[39m
    [90m111|[39m         const result = (await groupHelp!.handler('memory://help/admin'ΓÇª
    [90m112|[39m         
[34mexpect[39m(result[33m.[39mdata[33m.[39mgroup)[33m.[39m[34mtoBe[39m([32m'admin'[39m)
    [90m   |[39m                                   [31m^[39m
    [90m113|[39m         const updateEntry = result.data.tools.find((t: any) => t.name ΓÇª
    [90m114|[39m         [34mexpect[39m(updateEntry)[33m.[39m[34mtoBeDefined[39m()

[31m[2mΓÄ»ΓÄ»ΓÄ»ΓÄ»ΓÄ»ΓÄ»ΓÄ»ΓÄ»ΓÄ»ΓÄ»ΓÄ»ΓÄ»ΓÄ»ΓÄ»ΓÄ»ΓÄ»ΓÄ»ΓÄ»ΓÄ»ΓÄ»ΓÄ»ΓÄ»ΓÄ»[8/42]ΓÄ»[22m[39m

[41m[1m FAIL [22m[49m tests/handlers/help-resource.test.ts[2m > [22mHelp Resource Handlers[2m > [22mshould 
handle search group with optional-heavy schemas
[31m[1mAssertionError[22m: expected undefined to be 'search' // Object.is equality[39m

[32m- Expected:[39m
"search"

[31m+ Received:[39m
undefined

[36m [2mΓ¥»[22m tests/handlers/help-resource.test.ts:[2m123:35[22m[39m
    [90m121|[39m
    [90m122|[39m         const result = (await groupHelp!.handler('memory://help/searchΓÇª
    [90m123|[39m         
[34mexpect[39m(result[33m.[39mdata[33m.[39mgroup)[33m.[39m[34mtoBe[39m([32m'search'[39m)
    [90m   |[39m                                   [31m^[39m
    [90m124|[39m         [34mexpect[39m(result[33m.[39mdata[33m.[39mtools[33m.[39mlength)[33m.[39m[34mtoBe
GreaterThan[39m([34m0[39m)
    [90m125|[39m     })

[31m[2mΓÄ»ΓÄ»ΓÄ»ΓÄ»ΓÄ»ΓÄ»ΓÄ»ΓÄ»ΓÄ»ΓÄ»ΓÄ»ΓÄ»ΓÄ»ΓÄ»ΓÄ»ΓÄ»ΓÄ»ΓÄ»ΓÄ»ΓÄ»ΓÄ»ΓÄ»ΓÄ»[9/42]ΓÄ»[22m[39m

[41m[1m FAIL [22m[49m tests/handlers/help-resource.test.ts[2m > [22mHelp Resource Handlers[2m > [22mshould 
handle relationships group
[31m[1mTypeError[22m: Cannot read properties of undefined (reading 'find')[39m
[36m [2mΓ¥»[22m tests/handlers/help-resource.test.ts:[2m135:47[22m[39m
    [90m133|[39m             [34mgetContext[39m()
    [90m134|[39m         )) [35mas[39m any
    [90m135|[39m         const linkEntries = result.data.tools.find((t: any) => t.name ΓÇª
    [90m   |[39m                                               [31m^[39m
    [90m136|[39m         [34mexpect[39m(linkEntries)[33m.[39m[34mtoBeDefined[39m()
    [90m137|[39m         [90m// relationship_type should be extracted with enum type[39m

[31m[2mΓÄ»ΓÄ»ΓÄ»ΓÄ»ΓÄ»ΓÄ»ΓÄ»ΓÄ»ΓÄ»ΓÄ»ΓÄ»ΓÄ»ΓÄ»ΓÄ»ΓÄ»ΓÄ»ΓÄ»ΓÄ»ΓÄ»ΓÄ»ΓÄ»ΓÄ»[10/42]ΓÄ»[22m[39m

[41m[1m FAIL [22m[49m tests/handlers/help-resource.test.ts[2m > [22mHelp Resource Handlers[2m > [22mshould 
handle analytics group with number/date params
[31m[1mAssertionError[22m: expected undefined to be 'analytics' // Object.is equality[39m

[32m- Expected:[39m
"analytics"

[31m+ Received:[39m
undefined

[36m [2mΓ¥»[22m tests/handlers/help-resource.test.ts:[2m147:35[22m[39m
    [90m145|[39m
    [90m146|[39m         const result = (await groupHelp!.handler('memory://help/analytΓÇª
    [90m147|[39m         
[34mexpect[39m(result[33m.[39mdata[33m.[39mgroup)[33m.[39m[34mtoBe[39m([32m'analytics'[39m)
    [90m   |[39m                                   [31m^[39m
    [90m148|[39m         [34mexpect[39m(result[33m.[39mdata[33m.[39mtools[33m.[39mlength)[33m.[39m[34mtoBe
GreaterThan[39m([34m0[39m)
    [90m149|[39m     })

[31m[2mΓÄ»ΓÄ»ΓÄ»ΓÄ»ΓÄ»ΓÄ»ΓÄ»ΓÄ»ΓÄ»ΓÄ»ΓÄ»ΓÄ»ΓÄ»ΓÄ»ΓÄ»ΓÄ»ΓÄ»ΓÄ»ΓÄ»ΓÄ»ΓÄ»ΓÄ»[11/42]ΓÄ»[22m[39m

[41m[1m FAIL [22m[49m tests/handlers/help-resource.test.ts[2m > [22mHelp Resource Handlers[2m > [22mshould 
handle io group
[31m[1mAssertionError[22m: expected undefined to be 'io' // Object.is equality[39m

[32m- Expected:[39m
"io"

[31m+ Received:[39m
undefined

[36m [2mΓ¥»[22m tests/handlers/help-resource.test.ts:[2m156:35[22m[39m
    [90m154|[39m
    [90m155|[39m         const result = (await groupHelp!.handler('memory://help/io', gΓÇª
    [90m156|[39m         
[34mexpect[39m(result[33m.[39mdata[33m.[39mgroup)[33m.[39m[34mtoBe[39m([32m'io'[39m)
    [90m   |[39m                                   [31m^[39m
    [90m157|[39m     })
    [90m158|[39m

[31m[2mΓÄ»ΓÄ»ΓÄ»ΓÄ»ΓÄ»ΓÄ»ΓÄ»ΓÄ»ΓÄ»ΓÄ»ΓÄ»ΓÄ»ΓÄ»ΓÄ»ΓÄ»ΓÄ»ΓÄ»ΓÄ»ΓÄ»ΓÄ»ΓÄ»ΓÄ»[12/42]ΓÄ»[22m[39m

[41m[1m FAIL [22m[49m tests/handlers/help-resource.test.ts[2m > [22mHelp Resource Handlers[2m > [22mshould 
handle team group
[31m[1mAssertionError[22m: expected undefined to be 'team' // Object.is equality[39m

[32m- Expected:[39m
"team"

[31m+ Received:[39m
undefined

[36m [2mΓ¥»[22m tests/handlers/help-resource.test.ts:[2m164:35[22m[39m
    [90m162|[39m
    [90m163|[39m         const result = (await groupHelp!.handler('memory://help/team',ΓÇª
    [90m164|[39m         
[34mexpect[39m(result[33m.[39mdata[33m.[39mgroup)[33m.[39m[34mtoBe[39m([32m'team'[39m)
    [90m   |[39m                                   [31m^[39m
    [90m165|[39m         [34mexpect[39m(result[33m.[39mdata[33m.[39mtools[33m.[39mlength)[33m.[39m[34mtoBe
GreaterThan[39m([34m0[39m)
    [90m166|[39m     })

[31m[2mΓÄ»ΓÄ»ΓÄ»ΓÄ»ΓÄ»ΓÄ»ΓÄ»ΓÄ»ΓÄ»ΓÄ»ΓÄ»ΓÄ»ΓÄ»ΓÄ»ΓÄ»ΓÄ»ΓÄ»ΓÄ»ΓÄ»ΓÄ»ΓÄ»ΓÄ»[13/42]ΓÄ»[22m[39m


[41m[1m FAIL [22m[49m tests/handlers/help-resource.test.ts[2m > [22mHelp Resource Handlers[2m > [22mshould 
handle backup group
[31m[1mAssertionError[22m: expected undefined to be 'backup' // Object.is equality[39m

[32m- Expected:[39m
"backup"

[31m+ Received:[39m
undefined

[36m [2mΓ¥»[22m tests/handlers/help-resource.test.ts:[2m173:35[22m[39m
    [90m171|[39m
    [90m172|[39m         const result = (await groupHelp!.handler('memory://help/backupΓÇª
    [90m173|[39m         
[34mexpect[39m(result[33m.[39mdata[33m.[39mgroup)[33m.[39m[34mtoBe[39m([32m'backup'[39m)
    [90m   |[39m                                   [31m^[39m
    [90m174|[39m     })
    [90m175|[39m

[31m[2mΓÄ»ΓÄ»ΓÄ»ΓÄ»ΓÄ»ΓÄ»ΓÄ»ΓÄ»ΓÄ»ΓÄ»ΓÄ»ΓÄ»ΓÄ»ΓÄ»ΓÄ»ΓÄ»ΓÄ»ΓÄ»ΓÄ»ΓÄ»ΓÄ»ΓÄ»[14/42]ΓÄ»[22m[39m

[41m[1m FAIL [22m[49m tests/handlers/help-resource.test.ts[2m > [22mHelp Resource Handlers[2m > [22mshould 
handle codemode group
[2m Test Files [22m [1m[31m30 failed[39m[22m[2m | [22m[1m[32m80 passed[39m[22m[90m (110)[39m
[31m[1mAssertionError[22m: expected undefined to be 'codemode' // Object.is equality[39m

[32m- Expected:[39m
"codemode"

[31m+ Received:[39m
undefined

[36m [2mΓ¥»[22m tests/handlers/help-resource.test.ts:[2m181:35[22m[39m
    [90m179|[39m
    [90m180|[39m         const result = (await groupHelp!.handler('memory://help/codemoΓÇª
    [90m181|[39m         
[34mexpect[39m(result[33m.[39mdata[33m.[39mgroup)[33m.[39m[34mtoBe[39m([32m'codemode'[39m)
    [90m   |[39m                                   [31m^[39m
    [90m182|[39m         [34mexpect[39m(result[33m.[39mdata[33m.[39mtools[33m.[39mlength)[33m.[39m[34mtoBe
GreaterThan[39m([34m0[39m)
    [90m183|[39m     })

[31m[2mΓÄ»ΓÄ»ΓÄ»ΓÄ»ΓÄ»ΓÄ»ΓÄ»ΓÄ»ΓÄ»ΓÄ»ΓÄ»ΓÄ»ΓÄ»ΓÄ»ΓÄ»ΓÄ»ΓÄ»ΓÄ»ΓÄ»ΓÄ»ΓÄ»ΓÄ»[15/42]ΓÄ»[22m[39m

[41m[1m FAIL [22m[49m tests/handlers/help-resource.test.ts[2m > [22mHelp Resource Handlers[2m > [22mshould 
handle github group
[31m[1mAssertionError[22m: expected undefined to be 'github' // Object.is equality[39m

[32m- Expected:[39m
"github"

[31m+ Received:[39m
undefined

[36m [2mΓ¥»[22m tests/handlers/help-resource.test.ts:[2m190:35[22m[39m
    [90m188|[39m
    [90m189|[39m         const result = (await groupHelp!.handler('memory://help/githubΓÇª
    [90m190|[39m         
[34mexpect[39m(result[33m.[39mdata[33m.[39mgroup)[33m.[39m[34mtoBe[39m([32m'github'[39m)
    [90m   |[39m                                   [31m^[39m
    [90m191|[39m     })
    [90m192|[39m

[31m[2mΓÄ»ΓÄ»ΓÄ»ΓÄ»ΓÄ»ΓÄ»ΓÄ»ΓÄ»ΓÄ»ΓÄ»ΓÄ»ΓÄ»ΓÄ»ΓÄ»ΓÄ»ΓÄ»ΓÄ»ΓÄ»ΓÄ»ΓÄ»ΓÄ»ΓÄ»[16/42]ΓÄ»[22m[39m

[2m      Tests [22m [1m[31m14 failed[39m[22m[2m | [22m[1m[32m1547 passed[39m[22m[90m (1561)[39m
[2m   Start at [22m 06:06:10
[2m   Duration [22m 41.79s[2m (transform 21.88s, setup 0ms, import 41.50s, tests 21.16s, environment 72ms)[22m

